<html>
<body>
<pre>
<h1>µVision Build Log</h1>
<h2>Tool Versions:</h2>
IDE-Version: µVision V5.21.1.0
Copyright (C) 2016 ARM Ltd and ARM Germany GmbH. All rights reserved.
License Information: Richard Cloutier, RIT, LIC=----
 
Tool Versions:
Toolchain:       MDK-Lite  Version: 5.21a
Toolchain Path:  C:\Keil_v5\ARM\ARMCC\Bin
C Compiler:      Armcc.exe V5.06 update 3 (build 300)
Assembler:       Armasm.exe V5.06 update 3 (build 300)
Linker/Locator:  ArmLink.exe V5.06 update 3 (build 300)
Library Manager: ArmAr.exe V5.06 update 3 (build 300)
Hex Converter:   FromElf.exe V5.06 update 3 (build 300)
CPU DLL:         SARMCM3.DLL V5.21a
Dialog DLL:      DCM.DLL V1.13.8.0
Target DLL:      CMSIS_AGDI.dll V1.26.5.0
Dialog DLL:      TCM.DLL V1.14.14.0
 
<h2>Project:</h2>
F:\Senior Design\Code\NXP.uvprojx
Project File Date:  03/26/2019

<h2>Output:</h2>
*** Using Compiler 'V5.06 update 3 (build 300)', folder: 'C:\Keil_v5\ARM\ARMCC\Bin'
Rebuild target 'Target 1'
compiling uart.c...
compiling pwm.c...
compiling main.c...
main.c(193): warning:  #177-D: variable "demoi" was declared but never referenced
      int demoi;
main.c(194): warning:  #177-D: variable "demoj" was declared but never referenced
      int demoj;
main.c(195): warning:  #177-D: variable "test" was declared but never referenced
      char test;
main.c(196): warning:  #177-D: variable "k64" was declared but never referenced
      char k64[255];
main.c(197): warning:  #177-D: variable "from_ard" was declared but never referenced
      char from_ard[255];
main.c: 5 warnings, 0 errors
compiling inits.c...
inits.c(78): warning:  #1-D: last line of file ends without a newline
  }
inits.c: 1 warning, 0 errors
compiling isr.c...
compiling Bluetooth.c...
Bluetooth.c(174): warning:  #186-D: pointless comparison of unsigned integer with zero
    if(ctrl >= 0 && ctrl <= 14){
Bluetooth.c(363): warning:  #63-D: shift count is too large
        && (buffer[4] << 32) && (buffer[5] << 40) && (buffer[6] << 48) && (buffer[7] << 56);
Bluetooth.c(363): warning:  #63-D: shift count is too large
        && (buffer[4] << 32) && (buffer[5] << 40) && (buffer[6] << 48) && (buffer[7] << 56);
Bluetooth.c(363): warning:  #63-D: shift count is too large
        && (buffer[4] << 32) && (buffer[5] << 40) && (buffer[6] << 48) && (buffer[7] << 56);
Bluetooth.c(363): warning:  #63-D: shift count is too large
        && (buffer[4] << 32) && (buffer[5] << 40) && (buffer[6] << 48) && (buffer[7] << 56);
Bluetooth.c: 5 warnings, 0 errors
compiling ultrasonic.c...
compiling LEDS.c...
assembling startup_MK64F12.s...
RTE\Device\MK64FN1M0xxx12\startup_MK64F12.s(39): warning: A1581W: Added 1 bytes of padding at address 0xfff
compiling GPS.c...
compiling system_MK64F12.c...
linking...
Program Size: Code=18156 RO-data=1540 RW-data=228 ZI-data=5220  
".\Objects\NXP.axf" - 0 Error(s), 12 Warning(s).

<h2>Software Packages used:</h2>

Package Vendor: ARM
                http://www.keil.com/pack/ARM.CMSIS.5.0.0-Beta4.pack
                ARM::CMSIS:CORE:5.0.0
                CMSIS (Cortex Microcontroller Software Interface Standard)
   * Component: CORE Version: 5.0.0

Package Vendor: Keil
                http://www.keil.com/pack/Keil.Kinetis_K60_DFP.1.4.0.pack
                Keil::Device:Startup:1.0.0
                Freescale Kinetis K60 Series Device Support and Examples
   * Component: Startup Version: 1.0.0

<h2>Collection of Component include folders:</h2>
  F:\Senior Design\Code\RTE
  C:\Keil_v5\ARM\PACK\ARM\CMSIS\5.0.0-Beta4\CMSIS\Include
  C:\Keil_v5\ARM\PACK\Keil\Kinetis_K60_DFP\1.4.0\Device\Include

<h2>Collection of Component Files used:</h2>

   * Component: ARM::CMSIS:CORE:5.0.0

   * Component: Keil::Device:Startup:1.0.0
      Source file:   Device\Source\ARM\startup_MK64F12.s
      Source file:   Device\Source\system_MK64F12.c
Build Time Elapsed:  00:00:10
</pre>
</body>
</html>
