<html>
<body>
<pre>
<h1>µVision Build Log</h1>
<h2>Tool Versions:</h2>
IDE-Version: µVision V5.24.2.0
Copyright (C) 2017 ARM Ltd and ARM Germany GmbH. All rights reserved.
License Information: Richard Cloutier, RIT, LIC=----
 
Tool Versions:
Toolchain:       MDK-Lite  Version: 5.24.1
Toolchain Path:  C:\Keil_v5\ARM\ARMCC\Bin
C Compiler:      Armcc.exe V5.06 update 5 (build 528)
Assembler:       Armasm.exe V5.06 update 5 (build 528)
Linker/Locator:  ArmLink.exe V5.06 update 5 (build 528)
Library Manager: ArmAr.exe V5.06 update 5 (build 528)
Hex Converter:   FromElf.exe V5.06 update 5 (build 528)
CPU DLL:         SARMCM3.DLL V5.24.1
Dialog DLL:      DCM.DLL V1.16.0.0
Target DLL:      CMSIS_AGDI.dll V1.28.3.0
Dialog DLL:      TCM.DLL V1.32.0.0
 
<h2>Project:</h2>
C:\Users\Richard\Documents\RIT\Y5S2\Senior Design II\Code\NXP.uvprojx
Project File Date:  03/25/2019

<h2>Output:</h2>
*** Using Compiler 'V5.06 update 5 (build 528)', folder: 'C:\Keil_v5\ARM\ARMCC\Bin'
Rebuild target 'Target 1'
compiling uart.c...
compiling pwm.c...
compiling main.c...
main.c(223): warning:  #177-D: variable "demoi"  was declared but never referenced
      int demoi;
main.c(224): warning:  #177-D: variable "demoj"  was declared but never referenced
      int demoj;
main.c(225): warning:  #177-D: variable "test"  was declared but never referenced
      char test;
main.c(226): warning:  #177-D: variable "k64"  was declared but never referenced
      char k64[255];
main.c(280): warning:  #177-D: variable "c"  was declared but never referenced
      char  c[255];
main.c: 5 warnings, 0 errors
compiling inits.c...
compiling ultrasonic.c...
compiling LEDS.c...
compiling isr.c...
compiling Bluetooth.c...
Bluetooth.c(181): warning:  #186-D: pointless comparison of unsigned integer with zero
      if(ctrl >= 0 && ctrl <= 14){
Bluetooth.c: 1 warning, 0 errors
assembling startup_MK64F12.s...
compiling system_MK64F12.c...
compiling GPS.c...
GPS.c(21): warning:  #550-D: parameter "distance"  was set but never used
  void getGPS(double distance, double angle){
GPS.c(21): warning:  #550-D: parameter "angle"  was set but never used
  void getGPS(double distance, double angle){
GPS.c: 2 warnings, 0 errors
linking...
Program Size: Code=15752 RO-data=1548 RW-data=148 ZI-data=2284  
".\Objects\NXP.axf" - 0 Error(s), 8 Warning(s).

<h2>Software Packages used:</h2>

Package Vendor: ARM
                http://www.keil.com/pack/ARM.CMSIS.5.1.1.pack
                ARM.CMSIS.5.1.1
                CMSIS (Cortex Microcontroller Software Interface Standard)
   * Component: CORE Version: 5.0.2

Package Vendor: Keil
                http://www.keil.com/pack/Keil.Kinetis_K60_DFP.1.5.0.pack
                Keil.Kinetis_K60_DFP.1.5.0
                NXP Kinetis K60 Series Device Support and Examples
   * Component: Startup Version: 1.0.0

<h2>Collection of Component include folders:</h2>
  .\RTE\_Target_1
  C:\Keil_v5\ARM\PACK\ARM\CMSIS\5.1.1\CMSIS\Include
  C:\Keil_v5\ARM\PACK\Keil\Kinetis_K60_DFP\1.5.0\Device\Include

<h2>Collection of Component Files used:</h2>

   * Component: Keil::Device:Startup:1.0.0
      Source file:   Device\Source\ARM\startup_MK64F12.s
      Source file:   Device\Source\system_MK64F12.c

   * Component: ARM::CMSIS:CORE:5.0.2
Build Time Elapsed:  00:00:03
</pre>
</body>
</html>
