<html>
<body>
<pre>
<h1>µVision Build Log</h1>
<h2>Tool Versions:</h2>
IDE-Version: µVision V5.21.1.0
Copyright (C) 2016 ARM Ltd and ARM Germany GmbH. All rights reserved.
License Information: Richard Cloutier, RIT, LIC=----
 
Tool Versions:
Toolchain:       MDK-Lite  Version: 5.21a
Toolchain Path:  C:\Keil_v5\ARM\ARMCC\Bin
C Compiler:      Armcc.exe V5.06 update 3 (build 300)
Assembler:       Armasm.exe V5.06 update 3 (build 300)
Linker/Locator:  ArmLink.exe V5.06 update 3 (build 300)
Library Manager: ArmAr.exe V5.06 update 3 (build 300)
Hex Converter:   FromElf.exe V5.06 update 3 (build 300)
CPU DLL:         SARMCM3.DLL V5.21a
Dialog DLL:      DCM.DLL V1.13.8.0
Target DLL:      CMSIS_AGDI.dll V1.26.5.0
Dialog DLL:      TCM.DLL V1.14.14.0
 
<h2>Project:</h2>
F:\Senior Design\Code\NXP.uvprojx
Project File Date:  04/12/2019

<h2>Output:</h2>
*** Using Compiler 'V5.06 update 3 (build 300)', folder: 'C:\Keil_v5\ARM\ARMCC\Bin'
Build target 'Target 1'
compiling GPS.c...
GPS.c(144): warning:  #111-D: statement is unreachable
          snprintf(phoneChar,sizeof phoneChar, "%g", phoneGPS[0]);
GPS.c(90): warning:  #177-D: variable "demoi" was declared but never referenced
      int demoi;
GPS.c(91): warning:  #177-D: variable "demoj" was declared but never referenced
      int demoj;
GPS.c(92): warning:  #177-D: variable "test" was declared but never referenced
      char test;
GPS.c(93): warning:  #177-D: variable "k64" was declared but never referenced
      char k64[255];
GPS.c(94): warning:  #177-D: variable "from_ard" was declared but never referenced
      char from_ard[255];
GPS.c(99): warning:  #550-D: variable "tDistance" was set but never used
      float tDistance;
GPS.c(100): warning:  #550-D: variable "tAngle" was set but never used
      float tAngle;
GPS.c: 8 warnings, 0 errors
compiling main.c...
main.c(199): warning:  #177-D: variable "demoi" was declared but never referenced
      int demoi;
main.c(200): warning:  #177-D: variable "demoj" was declared but never referenced
      int demoj;
main.c(201): warning:  #177-D: variable "test" was declared but never referenced
      char test;
main.c(202): warning:  #177-D: variable "k64" was declared but never referenced
      char k64[255];
main.c(203): warning:  #177-D: variable "from_ard" was declared but never referenced
      char from_ard[255];
main.c(204): warning:  #177-D: variable "phoneGPS" was declared but never referenced
      double phoneGPS[2]={0.0,0.0}; //GPS coords from phone
main.c(205): warning:  #177-D: variable "phoneChar" was declared but never referenced
      char phoneChar[64];
main.c(206): warning:  #177-D: variable "angleChar" was declared but never referenced
      char angleChar[64];
main.c(207): warning:  #177-D: variable "distChar" was declared but never referenced
      char distChar[64];
main.c: 9 warnings, 0 errors
linking...
Program Size: Code=18688 RO-data=1540 RW-data=232 ZI-data=5216  
".\Objects\NXP.axf" - 0 Error(s), 17 Warning(s).

<h2>Software Packages used:</h2>

Package Vendor: ARM
                http://www.keil.com/pack/ARM.CMSIS.5.0.0-Beta4.pack
                ARM::CMSIS:CORE:5.0.0
                CMSIS (Cortex Microcontroller Software Interface Standard)
   * Component: CORE Version: 5.0.0

Package Vendor: Keil
                http://www.keil.com/pack/Keil.Kinetis_K60_DFP.1.4.0.pack
                Keil::Device:Startup:1.0.0
                Freescale Kinetis K60 Series Device Support and Examples
   * Component: Startup Version: 1.0.0

<h2>Collection of Component include folders:</h2>
  F:\Senior Design\Code\RTE
  C:\Keil_v5\ARM\PACK\ARM\CMSIS\5.0.0-Beta4\CMSIS\Include
  C:\Keil_v5\ARM\PACK\Keil\Kinetis_K60_DFP\1.4.0\Device\Include

<h2>Collection of Component Files used:</h2>

   * Component: ARM::CMSIS:CORE:5.0.0

   * Component: Keil::Device:Startup:1.0.0
      Source file:   Device\Source\ARM\startup_MK64F12.s
      Source file:   Device\Source\system_MK64F12.c
Build Time Elapsed:  00:00:02
</pre>
</body>
</html>
