<html>
<body>
<pre>
<h1>µVision Build Log</h1>
<h2>Tool Versions:</h2>
IDE-Version: µVision V5.21.1.0
Copyright (C) 2016 ARM Ltd and ARM Germany GmbH. All rights reserved.
License Information: Richard Cloutier, RIT, LIC=----
 
Tool Versions:
Toolchain:       MDK-Lite  Version: 5.21a
Toolchain Path:  C:\Keil_v5\ARM\ARMCC\Bin
C Compiler:      Armcc.exe V5.06 update 3 (build 300)
Assembler:       Armasm.exe V5.06 update 3 (build 300)
Linker/Locator:  ArmLink.exe V5.06 update 3 (build 300)
Library Manager: ArmAr.exe V5.06 update 3 (build 300)
Hex Converter:   FromElf.exe V5.06 update 3 (build 300)
CPU DLL:         SARMCM3.DLL V5.21a
Dialog DLL:      DCM.DLL V1.13.8.0
Target DLL:      CMSIS_AGDI.dll V1.26.5.0
Dialog DLL:      TCM.DLL V1.14.14.0
 
<h2>Project:</h2>
F:\Senior Design\Code\NXP.uvprojx
Project File Date:  03/06/2019

<h2>Output:</h2>
*** Using Compiler 'V5.06 update 3 (build 300)', folder: 'C:\Keil_v5\ARM\ARMCC\Bin'
Rebuild target 'Target 1'
compiling main.c...
main.c(49): warning:  #1295-D: Deprecated declaration en_interrupts - give arg types
  void en_interrupts();
main.c(153): warning:  #177-D: variable "c" was declared but never referenced
      char c[254]={0};
main.c(263): warning:  #111-D: statement is unreachable
      LEDon(WHITE);
main.c(216): warning:  #177-D: variable "demoi" was declared but never referenced
      int demoi;
main.c(217): warning:  #177-D: variable "demoj" was declared but never referenced
      int demoj;
main.c(306): warning:  #1035-D: single-precision operand implicitly converted to double-precision
          
lip(desiredSpeed,0.0,UB); //TODO LB=-UB?
main.c(326): warning:  #223-D: function "abs" declared implicitly
      if (abs(angle) > minAngle) {
main.c: 7 warnings, 0 errors
compiling uart.c...
compiling pwm.c...
compiling inits.c...
compiling isr.c...
compiling Bluetooth.c...
Bluetooth.c(169): warning:  #186-D: pointless comparison of unsigned integer with zero
      if(ctrl >= 0 && ctrl <= 14){
Bluetooth.c: 1 warning, 0 errors
compiling LEDS.c...
assembling startup_MK64F12.s...
compiling ultrasonic.c...
compiling GPS.c...
compiling system_MK64F12.c...
linking...
Program Size: Code=14296 RO-data=1512 RW-data=136 ZI-data=2288  
".\Objects\NXP.axf" - 0 Error(s), 8 Warning(s).

<h2>Software Packages used:</h2>

Package Vendor: ARM
                http://www.keil.com/pack/ARM.CMSIS.5.0.0-Beta4.pack
                ARM::CMSIS:CORE:5.0.0
                CMSIS (Cortex Microcontroller Software Interface Standard)
   * Component: CORE Version: 5.0.0

Package Vendor: Keil
                http://www.keil.com/pack/Keil.Kinetis_K60_DFP.1.4.0.pack
                Keil::Device:Startup:1.0.0
                Freescale Kinetis K60 Series Device Support and Examples
   * Component: Startup Version: 1.0.0

<h2>Collection of Component include folders:</h2>
  F:\Senior Design\Code\RTE
  C:\Keil_v5\ARM\PACK\ARM\CMSIS\5.0.0-Beta4\CMSIS\Include
  C:\Keil_v5\ARM\PACK\Keil\Kinetis_K60_DFP\1.4.0\Device\Include

<h2>Collection of Component Files used:</h2>

   * Component: ARM::CMSIS:CORE:5.0.0

   * Component: Keil::Device:Startup:1.0.0
      Source file:   Device\Source\ARM\startup_MK64F12.s
      Source file:   Device\Source\system_MK64F12.c
Build Time Elapsed:  00:00:06
</pre>
</body>
</html>
