Component: ARM Compiler 5.06 update 3 (build 300) Tool: armlink [4d35c9]

==============================================================================

Section Cross References

    main.o(i.calc) refers to main.o(.data) for KP
    main.o(i.demo) refers to _printf_percent.o(.ARM.Collect$$_printf_percent$$00000000) for _printf_percent
    main.o(i.demo) refers to _printf_g.o(.ARM.Collect$$_printf_percent$$00000005) for _printf_g
    main.o(i.demo) refers to printf1.o(x$fpl$printf1) for _printf_fp_dec
    main.o(i.demo) refers to main.o(i.distanceCalc) for distanceCalc
    main.o(i.demo) refers to main.o(i.calc) for calc
    main.o(i.demo) refers to f2d.o(x$fpl$f2d) for __aeabi_f2d
    main.o(i.demo) refers to noretval__2sprintf.o(.text) for __2sprintf
    main.o(i.demo) refers to uart.o(i.put) for put
    main.o(i.demo) refers to pwm.o(i.LeftDuty) for LeftDuty
    main.o(i.demo) refers to pwm.o(i.RightDuty) for RightDuty
    main.o(i.demo) refers to main.o(i.delay) for delay
    main.o(i.demo) refers to main.o(.data) for LEFT_DESIRED
    main.o(i.distanceCalc) refers to _printf_percent.o(.ARM.Collect$$_printf_percent$$00000000) for _printf_percent
    main.o(i.distanceCalc) refers to _printf_g.o(.ARM.Collect$$_printf_percent$$00000005) for _printf_g
    main.o(i.distanceCalc) refers to printf1.o(x$fpl$printf1) for _printf_fp_dec
    main.o(i.distanceCalc) refers to ultrasonic.o(i.getUltrasonic) for getUltrasonic
    main.o(i.distanceCalc) refers to f2d.o(x$fpl$f2d) for __aeabi_f2d
    main.o(i.distanceCalc) refers to noretval__2sprintf.o(.text) for __2sprintf
    main.o(i.distanceCalc) refers to uart.o(i.put) for put
    main.o(i.distanceCalc) refers to dleqf.o(x$fpl$dleqf) for __aeabi_cdcmple
    main.o(i.distanceCalc) refers to main.o(.data) for manualControl
    main.o(i.initialize) refers to uart.o(i.uart0_init) for uart0_init
    main.o(i.initialize) refers to gps.o(i.uart2_init) for uart2_init
    main.o(i.initialize) refers to pwm.o(i.InitPWM) for InitPWM
    main.o(i.initialize) refers to inits.o(i.init_GPIO) for init_GPIO
    main.o(i.initialize) refers to leds.o(i.init_LEDS) for init_LEDS
    main.o(i.initialize) refers to bluetooth.o(i.init_BT) for init_BT
    main.o(i.initialize) refers to ultrasonic.o(i.init_ultrasonic) for init_ultrasonic
    main.o(i.initialize) refers to gps.o(i.initGPS) for initGPS
    main.o(i.main) refers to rt_memclr_w.o(.text) for __aeabi_memclr4
    main.o(i.main) refers to main.o(i.initialize) for initialize
    main.o(i.main) refers to uart.o(i.put) for put
    main.o(i.main) refers to main.o(i.normalSet) for normalSet
    main.o(i.main) refers to pwm.o(i.SetDutyCycle) for SetDutyCycle
    main.o(i.main) refers to leds.o(i.LEDon) for LEDon
    main.o(i.main) refers to main.o(i.delay) for delay
    main.o(i.main) refers to leds.o(i.LEDoff) for LEDoff
    main.o(i.main) refers to main.o(i.demo) for demo
    main.o(i.main) refers to gps.o(i.getGPS) for getGPS
    main.o(i.main) refers to main.o(i.distanceCalc) for distanceCalc
    main.o(i.main) refers to main.o(i.turnCalc) for turnCalc
    main.o(i.main) refers to main.o(i.calc) for calc
    main.o(i.main) refers to pwm.o(i.LeftDuty) for LeftDuty
    main.o(i.main) refers to pwm.o(i.RightDuty) for RightDuty
    main.o(i.main) refers to main.o(.data) for ready
    main.o(i.normalSet) refers to main.o(.data) for LEFT_DESIRED
    main.o(i.printLine) refers to _printf_percent.o(.ARM.Collect$$_printf_percent$$00000000) for _printf_percent
    main.o(i.printLine) refers to _printf_i.o(.ARM.Collect$$_printf_percent$$00000008) for _printf_i
    main.o(i.printLine) refers to _printf_dec.o(.text) for _printf_int_dec
    main.o(i.printLine) refers to noretval__2sprintf.o(.text) for __2sprintf
    main.o(i.printLine) refers to uart.o(i.put) for put
    main.o(i.printLine) refers to main.o(.data) for debugcamdata
    main.o(i.turn) refers to leds.o(i.LEDon) for LEDon
    main.o(i.turn) refers to main.o(.data) for LEFT_DESIRED
    main.o(i.turnCalc) refers to main.o(i.turn) for turn
    main.o(i.turnCalc) refers to f2d.o(x$fpl$f2d) for __aeabi_f2d
    main.o(i.turnCalc) refers to abs.o(.text) for abs
    main.o(i.turnCalc) refers to leds.o(i.LEDon) for LEDon
    main.o(i.turnCalc) refers to main.o(.data) for manualControl
    main.o(.data) refers to main.o(.bss) for line
    pwm.o(i.FTM0_IRQHandler) refers to pwm.o(.data) for PWMTick
    uart.o(i.get) refers to uart.o(i.uart_getchar) for uart_getchar
    uart.o(i.get) refers to uart.o(i.uart_putchar) for uart_putchar
    uart.o(i.put) refers to uart.o(i.uart_putchar) for uart_putchar
    inits.o(i.init_ADC0) refers to inits.o(i.__NVIC_EnableIRQ) for __NVIC_EnableIRQ
    inits.o(i.init_FTM2) refers to inits.o(i.__NVIC_EnableIRQ) for __NVIC_EnableIRQ
    inits.o(i.init_GPIO) refers to inits.o(i.__NVIC_EnableIRQ) for __NVIC_EnableIRQ
    isr.o(i.ADC0_IRQHandler) refers to main.o(.data) for ADC0VAL
    isr.o(i.FTM2_IRQHandler) refers to main.o(.data) for clkval
[...]
    ../clib/printf.c                         0x00000000   Number         0  __printf_flags_ss.o ABSOLUTE
    ../clib/printf.c                         0x00000000   Number         0  __printf_ss_wp.o ABSOLUTE
    ../clib/printf.c                         0x00000000   Number         0  __printf_flags_wp.o ABSOLUTE
    ../clib/printf.c                         0x00000000   Number         0  __printf_ss.o ABSOLUTE
    ../clib/printf.c                         0x00000000   Number         0  __printf_flags.o ABSOLUTE
    ../clib/printf.c                         0x00000000   Number         0  _printf_dec.o ABSOLUTE
    ../clib/printf.c                         0x00000000   Number         0  _printf_fp_dec.o ABSOLUTE
    ../clib/printf.c                         0x00000000   Number         0  __printf_nopercent.o ABSOLUTE
    ../clib/printf.c                         0x00000000   Number         0  _sputc.o ABSOLUTE
    ../clib/printf.c                         0x00000000   Number         0  __printf.o ABSOLUTE
    ../clib/printf.c                         0x00000000   Number         0  noretval__2sprintf.o ABSOLUTE
    ../clib/printf.c                         0x00000000   Number         0  _printf_fp_infnan.o ABSOLUTE
    ../clib/printf.c                         0x00000000   Number         0  __printf_wp.o ABSOLUTE
    ../clib/printf.c                         0x00000000   Number         0  __2sprintf.o ABSOLUTE
    ../clib/printf.c                         0x00000000   Number         0  _printf_intcommon.o ABSOLUTE
    ../clib/printf.c                         0x00000000   Number         0  _printf_char_common.o ABSOLUTE
    ../clib/printf_percent.s                 0x00000000   Number         0  _printf_i.o ABSOLUTE
    ../clib/printf_percent.s                 0x00000000   Number         0  _printf_g.o ABSOLUTE
    ../clib/printf_percent.s                 0x00000000   Number         0  _printf_percent.o ABSOLUTE
    ../clib/printf_percent.s                 0x00000000   Number         0  _printf_percent_end.o ABSOLUTE
    ../clib/scanf.c                          0x00000000   Number         0  strtod.o ABSOLUTE
    ../clib/scanf.c                          0x00000000   Number         0  scanf_infnan.o ABSOLUTE
    ../clib/scanf.c                          0x00000000   Number         0  _sgetc.o ABSOLUTE
    ../clib/scanf.c                          0x00000000   Number         0  scanf_hexfp.o ABSOLUTE
    ../clib/scanf.c                          0x00000000   Number         0  scanf_fp.o ABSOLUTE
    ../clib/scanf.c                          0x00000000   Number         0  _chval.o ABSOLUTE
    ../clib/signal.c                         0x00000000   Number         0  defsig_segv_inner.o ABSOLUTE
    ../clib/signal.c                         0x00000000   Number         0  defsig_fpe_inner.o ABSOLUTE
    ../clib/signal.c                         0x00000000   Number         0  defsig_abrt_inner.o ABSOLUTE
    ../clib/signal.c                         0x00000000   Number         0  defsig_stak_inner.o ABSOLUTE
    ../clib/signal.c                         0x00000000   Number         0  defsig_other.o ABSOLUTE
    ../clib/signal.c                         0x00000000   Number         0  defsig_cppl_inner.o ABSOLUTE
    ../clib/signal.c                         0x00000000   Number         0  defsig_rtmem_inner.o ABSOLUTE
    ../clib/signal.c                         0x00000000   Number         0  defsig_general.o ABSOLUTE
    ../clib/signal.c                         0x00000000   Number         0  defsig_rtred_inner.o ABSOLUTE
    ../clib/signal.c                         0x00000000   Number         0  __raise.o ABSOLUTE
    ../clib/signal.c                         0x00000000   Number         0  defsig_exit.o ABSOLUTE
    ../clib/signal.c                         0x00000000   Number         0  defsig_rtmem_outer.o ABSOLUTE
    ../clib/signal.c                         0x00000000   Number         0  defsig_pvfn_inner.o ABSOLUTE
    ../clib/signal.c                         0x00000000   Number         0  defsig_rtmem_formal.o ABSOLUTE
    ../clib/signal.s                         0x00000000   Number         0  defsig.o ABSOLUTE
    ../clib/stdlib.c                         0x00000000   Number         0  abs.o ABSOLUTE
    ../clib/stdlib.c                         0x00000000   Number         0  exit.o ABSOLUTE
    ../fplib/d2f.s                           0x00000000   Number         0  d2f.o ABSOLUTE
    ../fplib/daddsub.s                       0x00000000   Number         0  daddsub_clz.o ABSOLUTE
    ../fplib/dcheck1.s                       0x00000000   Number         0  dcheck1.o ABSOLUTE
    ../fplib/dcmpi.s                         0x00000000   Number         0  dcmpi.o ABSOLUTE
    ../fplib/ddiv.s                          0x00000000   Number         0  ddiv.o ABSOLUTE
    ../fplib/deqf.s                          0x00000000   Number         0  deqf.o ABSOLUTE
    ../fplib/dleqf.s                         0x00000000   Number         0  dleqf.o ABSOLUTE
    ../fplib/dmul.s                          0x00000000   Number         0  dmul.o ABSOLUTE
    ../fplib/dnaninf.s                       0x00000000   Number         0  dnaninf.o ABSOLUTE
    ../fplib/dretinf.s                       0x00000000   Number         0  dretinf.o ABSOLUTE
    ../fplib/drleqf.s                        0x00000000   Number         0  drleqf.o ABSOLUTE
    ../fplib/f2d.s                           0x00000000   Number         0  f2d.o ABSOLUTE
    ../fplib/fnaninf.s                       0x00000000   Number         0  fnaninf.o ABSOLUTE
    ../fplib/fpconst.s                       0x00000000   Number         0  fpconst.o ABSOLUTE
    ../fplib/fpinit.s                        0x00000000   Number         0  fpinit.o ABSOLUTE
    ../fplib/fretinf.s                       0x00000000   Number         0  fretinf.o ABSOLUTE
    ../fplib/istatus.s                       0x00000000   Number         0  istatus.o ABSOLUTE
    ../fplib/printf1.s                       0x00000000   Number         0  printf1.o ABSOLUTE
    ../fplib/retnan.s                        0x00000000   Number         0  retnan.o ABSOLUTE
    ../fplib/scalbn.s                        0x00000000   Number         0  scalbn.o ABSOLUTE
    ../fplib/scanf1.s                        0x00000000   Number         0  scanf1.o ABSOLUTE
    ../fplib/scanf2.s                        0x00000000   Number         0  scanf2.o ABSOLUTE
    ../fplib/scanf2a.s                       0x00000000   Number         0  scanf2a.o ABSOLUTE
    ../fplib/scanf2b.s                       0x00000000   Number         0  scanf2b.o ABSOLUTE
    ../fplib/trapv.s                         0x00000000   Number         0  trapv.o ABSOLUTE
    ../fplib/usenofp.s                       0x00000000   Number         0  usenofp.o ABSOLUTE
    ../mathlib/atof.c                        0x00000000   Number         0  atof.o ABSOLUTE
    ../mathlib/dunder.c                      0x00000000   Number         0  dunder.o ABSOLUTE
    ../mathlib/fpclassify.c                  0x00000000   Number         0  fpclassify.o ABSOLUTE
    ../mathlib/frexp.c                       0x00000000   Number         0  frexp.o ABSOLUTE
    ../mathlib/ldexp.c                       0x00000000   Number         0  ldexp.o ABSOLUTE
    ../mathlib/ldexp.c                       0x00000000   Number         0  ldexp_x.o ABSOLUTE
    ../mathlib/narrow.c                      0x00000000   Number         0  narrow.o ABSOLUTE
    ../mathlib/qnan.c                        0x00000000   Number         0  qnan.o ABSOLUTE
    Bluetooth.c                              0x00000000   Number         0  bluetooth.o ABSOLUTE
    Bluetooth.c                              0x00000000   Number         0  bluetooth.o ABSOLUTE
    GPS.c                                    0x00000000   Number         0  gps.o ABSOLUTE
    GPS.c                                    0x00000000   Number         0  gps.o ABSOLUTE
    LEDS.c                                   0x00000000   Number         0  leds.o ABSOLUTE
    LEDS.c                                   0x00000000   Number         0  leds.o ABSOLUTE
    RTE\Device\MK64FN1M0xxx12\startup_MK64F12.s 0x00000000   Number         0  startup_mk64f12.o ABSOLUTE
    RTE\Device\MK64FN1M0xxx12\system_MK64F12.c 0x00000000   Number         0  system_mk64f12.o ABSOLUTE
    RTE\\Device\\MK64FN1M0xxx12\\system_MK64F12.c 0x00000000   Number         0  system_mk64f12.o ABSOLUTE
    dc.s                                     0x00000000   Number         0  dc.o ABSOLUTE
    inits.c                                  0x00000000   Number         0  inits.o ABSOLUTE
    inits.c                                  0x00000000   Number         0  inits.o ABSOLUTE
    isr.c                                    0x00000000   Number         0  isr.o ABSOLUTE
    isr.c                                    0x00000000   Number         0  isr.o ABSOLUTE
    main.c                                   0x00000000   Number         0  main.o ABSOLUTE
    main.c                                   0x00000000   Number         0  main.o ABSOLUTE
    pwm.c                                    0x00000000   Number         0  pwm.o ABSOLUTE
    pwm.c                                    0x00000000   Number         0  pwm.o ABSOLUTE
    uart.c                                   0x00000000   Number         0  uart.o ABSOLUTE
    uart.c                                   0x00000000   Number         0  uart.o ABSOLUTE
    ultrasonic.c                             0x00000000   Number         0  ultrasonic.o ABSOLUTE
    ultrasonic.c                             0x00000000   Number         0  ultrasonic.o ABSOLUTE
    .ARM.__at_0x400                          0x00000400   Section       16  startup_mk64f12.o(.ARM.__at_0x400)
    !!!main                                  0x00000410   Section        8  __main.o(!!!main)
    !!!scatter                               0x00000418   Section       52  __scatter.o(!!!scatter)
    !!handler_copy                           0x0000044c   Section       26  __scatter_copy.o(!!handler_copy)
    !!handler_zi                             0x00000468   Section       28  __scatter_zi.o(!!handler_zi)
    .ARM.Collect$$_printf_percent$$00000000  0x00000484   Section        0  _printf_percent.o(.ARM.Collect$$_printf_percent$$00000000)
    .ARM.Collect$$_printf_percent$$00000005  0x00000484   Section        6  _printf_g.o(.ARM.Collect$$_printf_percent$$00000005)
    .ARM.Collect$$_printf_percent$$00000017  0x0000048a   Section        4  _printf_percent_end.o(.ARM.Collect$$_printf_percent$$00000017)
    .ARM.Collect$$libinit$$00000000          0x0000048e   Section        2  libinit.o(.ARM.Collect$$libinit$$00000000)
    .ARM.Collect$$libinit$$00000001          0x00000490   Section        4  libinit2.o(.ARM.Collect$$libinit$$00000001)
    .ARM.Collect$$libinit$$00000004          0x00000494   Section        0  libinit2.o(.ARM.Collect$$libinit$$00000004)
    .ARM.Collect$$libinit$$0000000A          0x00000494   Section        0  libinit2.o(.ARM.Collect$$libinit$$0000000A)
    .ARM.Collect$$libinit$$0000000C          0x00000494   Section        0  libinit2.o(.ARM.Collect$$libinit$$0000000C)
    .ARM.Collect$$libinit$$0000000E          0x00000494   Section        0  libinit2.o(.ARM.Collect$$libinit$$0000000E)
    .ARM.Collect$$libinit$$0000000F          0x00000494   Section        6  libinit2.o(.ARM.Collect$$libinit$$0000000F)
    .ARM.Collect$$libinit$$00000011          0x0000049a   Section        0  libinit2.o(.ARM.Collect$$libinit$$00000011)
    .ARM.Collect$$libinit$$00000012          0x0000049a   Section       12  libinit2.o(.ARM.Collect$$libinit$$00000012)
    .ARM.Collect$$libinit$$00000013          0x000004a6   Section        0  libinit2.o(.ARM.Collect$$libinit$$00000013)
    .ARM.Collect$$libinit$$00000015          0x000004a6   Section        0  libinit2.o(.ARM.Collect$$libinit$$00000015)
    .ARM.Collect$$libinit$$00000016          0x000004a6   Section       10  libinit2.o(.ARM.Collect$$libinit$$00000016)
    .ARM.Collect$$libinit$$00000017          0x000004b0   Section        0  libinit2.o(.ARM.Collect$$libinit$$00000017)
    .ARM.Collect$$libinit$$00000019          0x000004b0   Section        0  libinit2.o(.ARM.Collect$$libinit$$00000019)
    .ARM.Collect$$libinit$$0000001B          0x000004b0   Section        0  libinit2.o(.ARM.Collect$$libinit$$0000001B)
    .ARM.Collect$$libinit$$0000001D          0x000004b0   Section        0  libinit2.o(.ARM.Collect$$libinit$$0000001D)
    .ARM.Collect$$libinit$$0000001F          0x000004b0   Section        0  libinit2.o(.ARM.Collect$$libinit$$0000001F)
    .ARM.Collect$$libinit$$00000021          0x000004b0   Section        0  libinit2.o(.ARM.Collect$$libinit$$00000021)
    .ARM.Collect$$libinit$$00000023          0x000004b0   Section        0  libinit2.o(.ARM.Collect$$libinit$$00000023)
    .ARM.Collect$$libinit$$00000025          0x000004b0   Section        0  libinit2.o(.ARM.Collect$$libinit$$00000025)
    .ARM.Collect$$libinit$$0000002C          0x000004b0   Section        0  libinit2.o(.ARM.Collect$$libinit$$0000002C)
    .ARM.Collect$$libinit$$0000002E          0x000004b0   Section        0  libinit2.o(.ARM.Collect$$libinit$$0000002E)
    .ARM.Collect$$libinit$$00000030          0x000004b0   Section        0  libinit2.o(.ARM.Collect$$libinit$$00000030)
    .ARM.Collect$$libinit$$00000032          0x000004b0   Section        0  libinit2.o(.ARM.Collect$$libinit$$00000032)
    .ARM.Collect$$libinit$$00000033          0x000004b0   Section        2  libinit2.o(.ARM.Collect$$libinit$$00000033)
    .ARM.Collect$$libshutdown$$00000000      0x000004b2   Section        2  libshutdown.o(.ARM.Collect$$libshutdown$$00000000)
    .ARM.Collect$$libshutdown$$00000002      0x000004b4   Section        0  libshutdown2.o(.ARM.Collect$$libshutdown$$00000002)
    .ARM.Collect$$libshutdown$$00000004      0x000004b4   Section        0  libshutdown2.o(.ARM.Collect$$libshutdown$$00000004)
    .ARM.Collect$$libshutdown$$00000007      0x000004b4   Section        0  libshutdown2.o(.ARM.Collect$$libshutdown$$00000007)
    .ARM.Collect$$libshutdown$$0000000A      0x000004b4   Section        0  libshutdown2.o(.ARM.Collect$$libshutdown$$0000000A)
    .ARM.Collect$$libshutdown$$0000000C      0x000004b4   Section        0  libshutdown2.o(.ARM.Collect$$libshutdown$$0000000C)
    .ARM.Collect$$libshutdown$$0000000F      0x000004b4   Section        0  libshutdown2.o(.ARM.Collect$$libshutdown$$0000000F)
    .ARM.Collect$$libshutdown$$00000010      0x000004b4   Section        2  libshutdown2.o(.ARM.Collect$$libshutdown$$00000010)
    .ARM.Collect$$rtentry$$00000000          0x000004b6   Section        0  __rtentry.o(.ARM.Collect$$rtentry$$00000000)
    .ARM.Collect$$rtentry$$00000002          0x000004b6   Section        0  __rtentry2.o(.ARM.Collect$$rtentry$$00000002)
    .ARM.Collect$$rtentry$$00000004          0x000004b6   Section        6  __rtentry4.o(.ARM.Collect$$rtentry$$00000004)
    .ARM.Collect$$rtentry$$00000009          0x000004bc   Section        0  __rtentry2.o(.ARM.Collect$$rtentry$$00000009)
    .ARM.Collect$$rtentry$$0000000A          0x000004bc   Section        4  __rtentry2.o(.ARM.Collect$$rtentry$$0000000A)
    .ARM.Collect$$rtentry$$0000000C          0x000004c0   Section        0  __rtentry2.o(.ARM.Collect$$rtentry$$0000000C)
    .ARM.Collect$$rtentry$$0000000D          0x000004c0   Section        8  __rtentry2.o(.ARM.Collect$$rtentry$$0000000D)
    .ARM.Collect$$rtexit$$00000000           0x000004c8   Section        2  rtexit.o(.ARM.Collect$$rtexit$$00000000)
    .ARM.Collect$$rtexit$$00000002           0x000004ca   Section        0  rtexit2.o(.ARM.Collect$$rtexit$$00000002)
    .ARM.Collect$$rtexit$$00000003           0x000004ca   Section        4  rtexit2.o(.ARM.Collect$$rtexit$$00000003)
    .ARM.Collect$$rtexit$$00000004           0x000004ce   Section        6  rtexit2.o(.ARM.Collect$$rtexit$$00000004)
    .text                                    0x000004d4   Section       72  startup_mk64f12.o(.text)
    $v0                                      0x000004d4   Number         0  startup_mk64f12.o(.text)
    .text                                    0x0000051c   Section        0  noretval__2sprintf.o(.text)
    .text                                    0x00000544   Section        0  __printf.o(.text)
    .text                                    0x000005ac   Section        0  abs.o(.text)
    .text                                    0x000005b4   Section       78  rt_memclr_w.o(.text)
    .text                                    0x00000602   Section        0  heapauxi.o(.text)
    .text                                    0x00000608   Section        0  _rserrno.o(.text)
    .text                                    0x0000061e   Section        0  _printf_fp_dec.o(.text)
    _fp_digits                               0x00000621   Thumb Code   428  _printf_fp_dec.o(.text)
    .text                                    0x00000a38   Section        0  _printf_char_common.o(.text)
    _printf_input_char                       0x00000a39   Thumb Code    10  _printf_char_common.o(.text)
    .text                                    0x00000a68   Section        0  _sputc.o(.text)
    .text                                    0x00000a74   Section        0  strtod.o(.text)
    _local_sscanf                            0x00000a75   Thumb Code    60  strtod.o(.text)
    .text                                    0x00000b18   Section        8  rt_locale_intlibspace.o(.text)
    .text                                    0x00000b20   Section        8  rt_errno_addr_intlibspace.o(.text)
    .text                                    0x00000b28   Section      138  lludiv10.o(.text)
    .text                                    0x00000bb2   Section        0  isspace.o(.text)
    .text                                    0x00000bc4   Section        0  _printf_fp_infnan.o(.text)
    .text                                    0x00000c44   Section        0  _sgetc.o(.text)
    .text                                    0x00000c84   Section        0  bigflt0.o(.text)
    .text                                    0x00000d60   Section        8  libspace.o(.text)
    .text                                    0x00000d68   Section       74  sys_stackheap_outer.o(.text)
    .text                                    0x00000db4   Section       16  rt_ctype_table.o(.text)
    .text                                    0x00000dc4   Section        0  scanf_fp.o(.text)
    _fp_value                                0x00000dc5   Thumb Code   508  scanf_fp.o(.text)
    .text                                    0x00001268   Section        0  exit.o(.text)
    .text                                    0x0000127c   Section      128  strcmpv7m.o(.text)
    .text                                    0x000012fc   Section        0  scanf_hexfp.o(.text)
    .text                                    0x0000161c   Section        0  scanf_infnan.o(.text)
    .text                                    0x00001750   Section        0  sys_exit.o(.text)
    .text                                    0x0000175c   Section       38  llshl.o(.text)
    .text                                    0x00001782   Section        0  _chval.o(.text)
    .text                                    0x0000179e   Section        2  use_no_semi.o(.text)
    .text                                    0x000017a0   Section        0  indicate_semi.o(.text)
    CL$$btod_d2e                             0x000017a0   Section       62  btod.o(CL$$btod_d2e)
    CL$$btod_d2e_denorm_low                  0x000017de   Section       70  btod.o(CL$$btod_d2e_denorm_low)
    CL$$btod_d2e_norm_op1                    0x00001824   Section       96  btod.o(CL$$btod_d2e_norm_op1)
    CL$$btod_div_common                      0x00001884   Section      824  btod.o(CL$$btod_div_common)
    CL$$btod_e2d                             0x00001bbc   Section       84  btod.o(CL$$btod_e2d)
    CL$$btod_e2e                             0x00001c10   Section      198  btod.o(CL$$btod_e2e)
    CL$$btod_ediv                            0x00001cd6   Section       40  btod.o(CL$$btod_ediv)
    CL$$btod_edivd                           0x00001cfe   Section       40  btod.o(CL$$btod_edivd)
    CL$$btod_emul                            0x00001d26   Section       40  btod.o(CL$$btod_emul)
    CL$$btod_emuld                           0x00001d4e   Section       40  btod.o(CL$$btod_emuld)
    CL$$btod_mult_common                     0x00001d76   Section      580  btod.o(CL$$btod_mult_common)
    i.ADC0_IRQHandler                        0x00001fbc   Section        0  isr.o(i.ADC0_IRQHandler)
    i.FTM0_IRQHandler                        0x00001fd0   Section        0  pwm.o(i.FTM0_IRQHandler)
    i.FTM2_IRQHandler                        0x00001ff8   Section        0  isr.o(i.FTM2_IRQHandler)
    i.InitPWM                                0x0000215c   Section        0  pwm.o(i.InitPWM)
    i.LEDoff                                 0x00002248   Section        0  leds.o(i.LEDoff)
    i.LEDon                                  0x00002264   Section        0  leds.o(i.LEDon)
    i.LeftDuty                               0x00002314   Section        0  pwm.o(i.LeftDuty)
    i.PIT0_IRQHandler                        0x00002384   Section        0  ultrasonic.o(i.PIT0_IRQHandler)
    i.PORTA_IRQHandler                       0x00002428   Section        0  isr.o(i.PORTA_IRQHandler)
    i.PORTC_IRQHandler                       0x00002440   Section        0  isr.o(i.PORTC_IRQHandler)
    i.RightDuty                              0x00002450   Section        0  pwm.o(i.RightDuty)
    i.SetDutyCycle                           0x000024c0   Section        0  pwm.o(i.SetDutyCycle)
    i.SystemInit                             0x0000254c   Section        0  system_mk64f12.o(i.SystemInit)
    i.UART3_RX_TX_IRQHandler                 0x000025ec   Section        0  bluetooth.o(i.UART3_RX_TX_IRQHandler)
    i.__ARM_fpclassify                       0x00002710   Section        0  fpclassify.o(i.__ARM_fpclassify)
    i.__NVIC_EnableIRQ                       0x00002740   Section        0  inits.o(i.__NVIC_EnableIRQ)
    __NVIC_EnableIRQ                         0x00002741   Thumb Code    26  inits.o(i.__NVIC_EnableIRQ)
    i.__hardfp_atof                          0x00002760   Section        0  atof.o(i.__hardfp_atof)
    i.__hardfp_ldexp                         0x00002798   Section        0  ldexp.o(i.__hardfp_ldexp)
    i.__mathlib_dbl_overflow                 0x00002868   Section        0  dunder.o(i.__mathlib_dbl_overflow)
    i.__mathlib_dbl_underflow                0x00002888   Section        0  dunder.o(i.__mathlib_dbl_underflow)
    i.__mathlib_narrow                       0x000028a8   Section        0  narrow.o(i.__mathlib_narrow)
    i.__support_ldexp                        0x00002960   Section        0  ldexp.o(i.__support_ldexp)
    i._is_digit                              0x00002974   Section        0  __printf_wp.o(i._is_digit)
    i.bt_get                                 0x00002982   Section        0  bluetooth.o(i.bt_get)
    i.bt_getchar                             0x000029a8   Section        0  bluetooth.o(i.bt_getchar)
    i.calc                                   0x000029c0   Section        0  main.o(i.calc)
    i.delay                                  0x00002a58   Section        0  main.o(i.delay)
    i.demo                                   0x00002a6c   Section        0  main.o(i.demo)
    i.distanceCalc                           0x00002b50   Section        0  main.o(i.distanceCalc)
    i.frexp                                  0x00002c70   Section        0  frexp.o(i.frexp)
    i.getGPS                                 0x00002cfc   Section        0  gps.o(i.getGPS)
    i.getUltrasonic                          0x00002d00   Section        0  ultrasonic.o(i.getUltrasonic)
    i.initGPS                                0x00002dd8   Section        0  gps.o(i.initGPS)
    i.init_BT                                0x00002ddc   Section        0  bluetooth.o(i.init_BT)
    i.init_GPIO                              0x00002e84   Section        0  inits.o(i.init_GPIO)
    i.init_LEDS                              0x00002f50   Section        0  leds.o(i.init_LEDS)
    i.init_PIT                               0x00002fd4   Section        0  ultrasonic.o(i.init_PIT)
    i.init_ultrasonic                        0x00003044   Section        0  ultrasonic.o(i.init_ultrasonic)
    i.initialize                             0x000030d0   Section        0  main.o(i.initialize)
    i.main                                   0x000030f4   Section        0  main.o(i.main)
    i.normalSet                              0x00003208   Section        0  main.o(i.normalSet)
    i.put                                    0x00003270   Section        0  uart.o(i.put)
    i.turn                                   0x00003288   Section        0  main.o(i.turn)
    i.turnCalc                               0x000033e0   Section        0  main.o(i.turnCalc)
    i.uart0_init                             0x00003474   Section        0  uart.o(i.uart0_init)
    i.uart2_init                             0x00003500   Section        0  gps.o(i.uart2_init)
    i.uart_putchar                           0x0000358c   Section        0  uart.o(i.uart_putchar)
    locale$$code                             0x000035a4   Section       44  lc_numeric_c.o(locale$$code)
    locale$$code                             0x000035d0   Section       44  lc_ctype_c.o(locale$$code)
    x$fpl$d2f                                0x000035fc   Section       98  d2f.o(x$fpl$d2f)
    $v0                                      0x000035fc   Number         0  d2f.o(x$fpl$d2f)
    x$fpl$dcheck1                            0x00003660   Section       16  dcheck1.o(x$fpl$dcheck1)
    $v0                                      0x00003660   Number         0  dcheck1.o(x$fpl$dcheck1)
    x$fpl$dcmpinf                            0x00003670   Section       24  dcmpi.o(x$fpl$dcmpinf)
    $v0                                      0x00003670   Number         0  dcmpi.o(x$fpl$dcmpinf)
    x$fpl$deqf                               0x00003688   Section      120  deqf.o(x$fpl$deqf)
    $v0                                      0x00003688   Number         0  deqf.o(x$fpl$deqf)
    x$fpl$dleqf                              0x00003700   Section      120  dleqf.o(x$fpl$dleqf)
    $v0                                      0x00003700   Number         0  dleqf.o(x$fpl$dleqf)
    x$fpl$dmul                               0x00003778   Section      340  dmul.o(x$fpl$dmul)
    $v0                                      0x00003778   Number         0  dmul.o(x$fpl$dmul)
    x$fpl$dnaninf                            0x000038cc   Section      156  dnaninf.o(x$fpl$dnaninf)
    $v0                                      0x000038cc   Number         0  dnaninf.o(x$fpl$dnaninf)
    x$fpl$dretinf                            0x00003968   Section       12  dretinf.o(x$fpl$dretinf)
    $v0                                      0x00003968   Number         0  dretinf.o(x$fpl$dretinf)
    x$fpl$drleqf                             0x00003974   Section      108  drleqf.o(x$fpl$drleqf)
    $v0                                      0x00003974   Number         0  drleqf.o(x$fpl$drleqf)
    x$fpl$f2d                                0x000039e0   Section       86  f2d.o(x$fpl$f2d)
    $v0                                      0x000039e0   Number         0  f2d.o(x$fpl$f2d)
    x$fpl$fnaninf                            0x00003a36   Section      140  fnaninf.o(x$fpl$fnaninf)
    $v0                                      0x00003a36   Number         0  fnaninf.o(x$fpl$fnaninf)
    x$fpl$fpinit                             0x00003ac2   Section       10  fpinit.o(x$fpl$fpinit)
    $v0                                      0x00003ac2   Number         0  fpinit.o(x$fpl$fpinit)
    x$fpl$fretinf                            0x00003acc   Section       10  fretinf.o(x$fpl$fretinf)
    $v0                                      0x00003acc   Number         0  fretinf.o(x$fpl$fretinf)
    x$fpl$printf1                            0x00003ad6   Section        4  printf1.o(x$fpl$printf1)
    $v0                                      0x00003ad6   Number         0  printf1.o(x$fpl$printf1)
    x$fpl$retnan                             0x00003ada   Section      100  retnan.o(x$fpl$retnan)
    $v0                                      0x00003ada   Number         0  retnan.o(x$fpl$retnan)
    x$fpl$scalbn                             0x00003b3e   Section       92  scalbn.o(x$fpl$scalbn)
    $v0                                      0x00003b3e   Number         0  scalbn.o(x$fpl$scalbn)
    x$fpl$scanf1                             0x00003b9a   Section        4  scanf1.o(x$fpl$scanf1)
    $v0                                      0x00003b9a   Number         0  scanf1.o(x$fpl$scanf1)
    x$fpl$scanf2                             0x00003b9e   Section        8  scanf2.o(x$fpl$scanf2)
    $v0                                      0x00003b9e   Number         0  scanf2.o(x$fpl$scanf2)
    x$fpl$trapveneer                         0x00003ba6   Section       48  trapv.o(x$fpl$trapveneer)
    $v0                                      0x00003ba6   Number         0  trapv.o(x$fpl$trapveneer)
    x$fpl$usenofp                            0x00003bd6   Section        0  usenofp.o(x$fpl$usenofp)
    .constdata                               0x00003bd8   Section      148  bigflt0.o(.constdata)
    tenpwrs_x                                0x00003bd8   Data          60  bigflt0.o(.constdata)
    tenpwrs_i                                0x00003c14   Data          64  bigflt0.o(.constdata)
    c$$dinf                                  0x00003c8c   Section        8  fpconst.o(c$$dinf)
    locale$$data                             0x00003c94   Section       28  lc_numeric_c.o(locale$$data)
    __lcnum_c_name                           0x00003c98   Data           2  lc_numeric_c.o(locale$$data)
    __lcnum_c_start                          0x00003ca0   Data           0  lc_numeric_c.o(locale$$data)
    __lcnum_c_point                          0x00003cac   Data           0  lc_numeric_c.o(locale$$data)
    __lcnum_c_thousands                      0x00003cae   Data           0  lc_numeric_c.o(locale$$data)
    __lcnum_c_grouping                       0x00003caf   Data           0  lc_numeric_c.o(locale$$data)
    locale$$data                             0x00003cb0   Section      272  lc_ctype_c.o(locale$$data)
    __lcnum_c_end                            0x00003cb0   Data           0  lc_numeric_c.o(locale$$data)
    __lcctype_c_name                         0x00003cb4   Data           2  lc_ctype_c.o(locale$$data)
    __lcctype_c_start                        0x00003cbc   Data           0  lc_ctype_c.o(locale$$data)
    __lcctype_c_end                          0x00003dc0   Data           0  lc_ctype_c.o(locale$$data)
    .data                                    0x20000000   Section      120  main.o(.data)
    .data                                    0x20000078   Section        8  pwm.o(.data)
    PWMTick                                  0x20000078   Data           4  pwm.o(.data)
    PWMTick2                                 0x2000007c   Data           4  pwm.o(.data)
    .data                                    0x20000080   Section        8  ultrasonic.o(.data)
    .bss                                     0x20000088   Section     1164  main.o(.bss)
    .bss                                     0x20000514   Section       96  libspace.o(.bss)
    HEAP                                     0x20000578   Section        0  startup_mk64f12.o(HEAP)
    STACK                                    0x20000578   Section     1024  startup_mk64f12.o(STACK)
    Heap_Mem                                 0x20000578   Data           0  startup_mk64f12.o(HEAP)
    Stack_Mem                                0x20000578   Data        1024  startup_mk64f12.o(STACK)
    __initial_sp                             0x20000978   Data           0  startup_mk64f12.o(STACK)

    Global Symbols

    Symbol Name                              Value     Ov Type        Size  Object(Section)

    BuildAttributes$$THM_ISAv4$E$P$D$K$B$S$7EM$VFPi3$EXTD16$VFPS$VFMA$PE$A:L22UL41UL21$X:L11$S22US41US21$IEEE1$IW$USESV6$~STKCKD$USESV7$~SHL$OTIME$ROPI$IEEEX$EBA8$UX$STANDARDLIB$REQ8$PRES8$EABIv2 0x00000000   Number         0  anon$$obj.o ABSOLUTE
    __ARM_use_no_argv                        0x00000000   Number         0  main.o ABSOLUTE
    __Vectors                                0x00000000   Data           4  startup_mk64f12.o(RESET)
    __ARM_exceptions_init                     - Undefined Weak Reference
    __alloca_initialize                       - Undefined Weak Reference
    __arm_preinit_                            - Undefined Weak Reference
    __cpp_initialize__aeabi_                  - Undefined Weak Reference
    __cxa_finalize                            - Undefined Weak Reference
    __sigvec_lookup                           - Undefined Weak Reference
    _atexit_init                              - Undefined Weak Reference
    _call_atexit_fns                          - Undefined Weak Reference
    _clock_init                               - Undefined Weak Reference
    _fp_trap_init                             - Undefined Weak Reference
    _fp_trap_shutdown                         - Undefined Weak Reference
    _get_lc_collate                           - Undefined Weak Reference
    _get_lc_monetary                          - Undefined Weak Reference
    _get_lc_time                              - Undefined Weak Reference
    _getenv_init                              - Undefined Weak Reference
    _handle_redirection                       - Undefined Weak Reference
    _init_alloc                               - Undefined Weak Reference
    _init_user_alloc                          - Undefined Weak Reference
    _initio                                   - Undefined Weak Reference
    _printf_post_padding                      - Undefined Weak Reference
    _printf_pre_padding                       - Undefined Weak Reference
    _printf_truncate_signed                   - Undefined Weak Reference
    _printf_truncate_unsigned                 - Undefined Weak Reference
    _rand_init                                - Undefined Weak Reference
    _signal_finish                            - Undefined Weak Reference
    _signal_init                              - Undefined Weak Reference
    _terminate_alloc                          - Undefined Weak Reference
    _terminate_user_alloc                     - Undefined Weak Reference
    _terminateio                              - Undefined Weak Reference
    __Vectors_End                            0x00000400   Data           0  startup_mk64f12.o(RESET)
    __Vectors_Size                           0x00000400   Number         0  startup_mk64f12.o ABSOLUTE
    __main                                   0x00000411   Thumb Code     8  __main.o(!!!main)
    __scatterload                            0x00000419   Thumb Code     0  __scatter.o(!!!scatter)
    __scatterload_rt2                        0x00000419   Thumb Code    44  __scatter.o(!!!scatter)
    __scatterload_rt2_thumb_only             0x00000419   Thumb Code     0  __scatter.o(!!!scatter)
    __scatterload_null                       0x00000427   Thumb Code     0  __scatter.o(!!!scatter)
    __scatterload_copy                       0x0000044d   Thumb Code    26  __scatter_copy.o(!!handler_copy)
    __scatterload_zeroinit                   0x00000469   Thumb Code    28  __scatter_zi.o(!!handler_zi)
    _printf_g                                0x00000485   Thumb Code     0  _printf_g.o(.ARM.Collect$$_printf_percent$$00000005)
    _printf_percent                          0x00000485   Thumb Code     0  _printf_percent.o(.ARM.Collect$$_printf_percent$$00000000)
    _printf_percent_end                      0x0000048b   Thumb Code     0  _printf_percent_end.o(.ARM.Collect$$_printf_percent$$00000017)
    __rt_lib_init                            0x0000048f   Thumb Code     0  libinit.o(.ARM.Collect$$libinit$$00000000)
    __rt_lib_init_fp_1                       0x00000491   Thumb Code     0  libinit2.o(.ARM.Collect$$libinit$$00000001)
    __rt_lib_init_heap_1                     0x00000495   Thumb Code     0  libinit2.o(.ARM.Collect$$libinit$$0000000A)
    __rt_lib_init_lc_common                  0x00000495   Thumb Code     0  libinit2.o(.ARM.Collect$$libinit$$0000000F)
    __rt_lib_init_preinit_1                  0x00000495   Thumb Code     0  libinit2.o(.ARM.Collect$$libinit$$00000004)
    __rt_lib_init_rand_1                     0x00000495   Thumb Code     0  libinit2.o(.ARM.Collect$$libinit$$0000000E)
    __rt_lib_init_user_alloc_1               0x00000495   Thumb Code     0  libinit2.o(.ARM.Collect$$libinit$$0000000C)
    __rt_lib_init_lc_collate_1               0x0000049b   Thumb Code     0  libinit2.o(.ARM.Collect$$libinit$$00000011)
    __rt_lib_init_lc_ctype_2                 0x0000049b   Thumb Code     0  libinit2.o(.ARM.Collect$$libinit$$00000012)
    __rt_lib_init_lc_ctype_1                 0x000004a7   Thumb Code     0  libinit2.o(.ARM.Collect$$libinit$$00000013)
    __rt_lib_init_lc_monetary_1              0x000004a7   Thumb Code     0  libinit2.o(.ARM.Collect$$libinit$$00000015)
    __rt_lib_init_lc_numeric_2               0x000004a7   Thumb Code     0  libinit2.o(.ARM.Collect$$libinit$$00000016)
    __rt_lib_init_alloca_1                   0x000004b1   Thumb Code     0  libinit2.o(.ARM.Collect$$libinit$$0000002E)
    __rt_lib_init_argv_1                     0x000004b1   Thumb Code     0  libinit2.o(.ARM.Collect$$libinit$$0000002C)
    __rt_lib_init_atexit_1                   0x000004b1   Thumb Code     0  libinit2.o(.ARM.Collect$$libinit$$0000001B)
    __rt_lib_init_clock_1                    0x000004b1   Thumb Code     0  libinit2.o(.ARM.Collect$$libinit$$00000021)
    __rt_lib_init_cpp_1                      0x000004b1   Thumb Code     0  libinit2.o(.ARM.Collect$$libinit$$00000032)
    __rt_lib_init_exceptions_1               0x000004b1   Thumb Code     0  libinit2.o(.ARM.Collect$$libinit$$00000030)
    __rt_lib_init_fp_trap_1                  0x000004b1   Thumb Code     0  libinit2.o(.ARM.Collect$$libinit$$0000001F)
    __rt_lib_init_getenv_1                   0x000004b1   Thumb Code     0  libinit2.o(.ARM.Collect$$libinit$$00000023)
    __rt_lib_init_lc_numeric_1               0x000004b1   Thumb Code     0  libinit2.o(.ARM.Collect$$libinit$$00000017)
    __rt_lib_init_lc_time_1                  0x000004b1   Thumb Code     0  libinit2.o(.ARM.Collect$$libinit$$00000019)
    __rt_lib_init_return                     0x000004b1   Thumb Code     0  libinit2.o(.ARM.Collect$$libinit$$00000033)
    __rt_lib_init_signal_1                   0x000004b1   Thumb Code     0  libinit2.o(.ARM.Collect$$libinit$$0000001D)
    __rt_lib_init_stdio_1                    0x000004b1   Thumb Code     0  libinit2.o(.ARM.Collect$$libinit$$00000025)
    __rt_lib_shutdown                        0x000004b3   Thumb Code     0  libshutdown.o(.ARM.Collect$$libshutdown$$00000000)
    __rt_lib_shutdown_cpp_1                  0x000004b5   Thumb Code     0  libshutdown2.o(.ARM.Collect$$libshutdown$$00000002)
    __rt_lib_shutdown_fp_trap_1              0x000004b5   Thumb Code     0  libshutdown2.o(.ARM.Collect$$libshutdown$$00000007)
    __rt_lib_shutdown_heap_1                 0x000004b5   Thumb Code     0  libshutdown2.o(.ARM.Collect$$libshutdown$$0000000F)
    __rt_lib_shutdown_return                 0x000004b5   Thumb Code     0  libshutdown2.o(.ARM.Collect$$libshutdown$$00000010)
    __rt_lib_shutdown_signal_1               0x000004b5   Thumb Code     0  libshutdown2.o(.ARM.Collect$$libshutdown$$0000000A)
    __rt_lib_shutdown_stdio_1                0x000004b5   Thumb Code     0  libshutdown2.o(.ARM.Collect$$libshutdown$$00000004)
    __rt_lib_shutdown_user_alloc_1           0x000004b5   Thumb Code     0  libshutdown2.o(.ARM.Collect$$libshutdown$$0000000C)
    __rt_entry                               0x000004b7   Thumb Code     0  __rtentry.o(.ARM.Collect$$rtentry$$00000000)
    __rt_entry_presh_1                       0x000004b7   Thumb Code     0  __rtentry2.o(.ARM.Collect$$rtentry$$00000002)
    __rt_entry_sh                            0x000004b7   Thumb Code     0  __rtentry4.o(.ARM.Collect$$rtentry$$00000004)
    __rt_entry_li                            0x000004bd   Thumb Code     0  __rtentry2.o(.ARM.Collect$$rtentry$$0000000A)
    __rt_entry_postsh_1                      0x000004bd   Thumb Code     0  __rtentry2.o(.ARM.Collect$$rtentry$$00000009)
    __rt_entry_main                          0x000004c1   Thumb Code     0  __rtentry2.o(.ARM.Collect$$rtentry$$0000000D)
    __rt_entry_postli_1                      0x000004c1   Thumb Code     0  __rtentry2.o(.ARM.Collect$$rtentry$$0000000C)
    __rt_exit                                0x000004c9   Thumb Code     0  rtexit.o(.ARM.Collect$$rtexit$$00000000)
    __rt_exit_ls                             0x000004cb   Thumb Code     0  rtexit2.o(.ARM.Collect$$rtexit$$00000003)
    __rt_exit_prels_1                        0x000004cb   Thumb Code     0  rtexit2.o(.ARM.Collect$$rtexit$$00000002)
    __rt_exit_exit                           0x000004cf   Thumb Code     0  rtexit2.o(.ARM.Collect$$rtexit$$00000004)
    init_data_bss                            0x000004d5   Thumb Code     2  startup_mk64f12.o(.text)
    Reset_Handler                            0x000004d7   Thumb Code    12  startup_mk64f12.o(.text)
    NMI_Handler                              0x000004e3   Thumb Code     2  startup_mk64f12.o(.text)
    HardFault_Handler                        0x000004e5   Thumb Code     2  startup_mk64f12.o(.text)
    MemManage_Handler                        0x000004e7   Thumb Code     2  startup_mk64f12.o(.text)
    BusFault_Handler                         0x000004e9   Thumb Code     2  startup_mk64f12.o(.text)
    UsageFault_Handler                       0x000004eb   Thumb Code     2  startup_mk64f12.o(.text)
    SVC_Handler                              0x000004ed   Thumb Code     2  startup_mk64f12.o(.text)
    DebugMon_Handler                         0x000004ef   Thumb Code     2  startup_mk64f12.o(.text)
    PendSV_Handler                           0x000004f1   Thumb Code     2  startup_mk64f12.o(.text)
    SysTick_Handler                          0x000004f3   Thumb Code     2  startup_mk64f12.o(.text)
    ADC1_IRQHandler                          0x000004f5   Thumb Code     0  startup_mk64f12.o(.text)
    CAN0_Bus_Off_IRQHandler                  0x000004f5   Thumb Code     0  startup_mk64f12.o(.text)
    CAN0_Error_IRQHandler                    0x000004f5   Thumb Code     0  startup_mk64f12.o(.text)
    CAN0_ORed_Message_buffer_IRQHandler      0x000004f5   Thumb Code     0  startup_mk64f12.o(.text)
    CAN0_Rx_Warning_IRQHandler               0x000004f5   Thumb Code     0  startup_mk64f12.o(.text)
    CAN0_Tx_Warning_IRQHandler               0x000004f5   Thumb Code     0  startup_mk64f12.o(.text)
    CAN0_Wake_Up_IRQHandler                  0x000004f5   Thumb Code     0  startup_mk64f12.o(.text)
    CMP0_IRQHandler                          0x000004f5   Thumb Code     0  startup_mk64f12.o(.text)
    CMP1_IRQHandler                          0x000004f5   Thumb Code     0  startup_mk64f12.o(.text)
    CMP2_IRQHandler                          0x000004f5   Thumb Code     0  startup_mk64f12.o(.text)
    CMT_IRQHandler                           0x000004f5   Thumb Code     0  startup_mk64f12.o(.text)
    DAC0_IRQHandler                          0x000004f5   Thumb Code     0  startup_mk64f12.o(.text)
    DAC1_IRQHandler                          0x000004f5   Thumb Code     0  startup_mk64f12.o(.text)
    DMA0_IRQHandler                          0x000004f5   Thumb Code     0  startup_mk64f12.o(.text)
    DMA10_IRQHandler                         0x000004f5   Thumb Code     0  startup_mk64f12.o(.text)
    DMA11_IRQHandler                         0x000004f5   Thumb Code     0  startup_mk64f12.o(.text)
    DMA12_IRQHandler                         0x000004f5   Thumb Code     0  startup_mk64f12.o(.text)
    DMA13_IRQHandler                         0x000004f5   Thumb Code     0  startup_mk64f12.o(.text)
    DMA14_IRQHandler                         0x000004f5   Thumb Code     0  startup_mk64f12.o(.text)
    DMA15_IRQHandler                         0x000004f5   Thumb Code     0  startup_mk64f12.o(.text)
    DMA1_IRQHandler                          0x000004f5   Thumb Code     0  startup_mk64f12.o(.text)
    DMA2_IRQHandler                          0x000004f5   Thumb Code     0  startup_mk64f12.o(.text)
    DMA3_IRQHandler                          0x000004f5   Thumb Code     0  startup_mk64f12.o(.text)
    DMA4_IRQHandler                          0x000004f5   Thumb Code     0  startup_mk64f12.o(.text)
    DMA5_IRQHandler                          0x000004f5   Thumb Code     0  startup_mk64f12.o(.text)
    DMA6_IRQHandler                          0x000004f5   Thumb Code     0  startup_mk64f12.o(.text)
    DMA7_IRQHandler                          0x000004f5   Thumb Code     0  startup_mk64f12.o(.text)
    DMA8_IRQHandler                          0x000004f5   Thumb Code     0  startup_mk64f12.o(.text)
    DMA9_IRQHandler                          0x000004f5   Thumb Code     0  startup_mk64f12.o(.text)
    DMA_Error_IRQHandler                     0x000004f5   Thumb Code     0  startup_mk64f12.o(.text)
    DefaultISR                               0x000004f5   Thumb Code     0  startup_mk64f12.o(.text)
    ENET_1588_Timer_IRQHandler               0x000004f5   Thumb Code     0  startup_mk64f12.o(.text)
    ENET_Error_IRQHandler                    0x000004f5   Thumb Code     0  startup_mk64f12.o(.text)
    ENET_Receive_IRQHandler                  0x000004f5   Thumb Code     0  startup_mk64f12.o(.text)
    ENET_Transmit_IRQHandler                 0x000004f5   Thumb Code     0  startup_mk64f12.o(.text)
    FTFE_IRQHandler                          0x000004f5   Thumb Code     0  startup_mk64f12.o(.text)
    FTM1_IRQHandler                          0x000004f5   Thumb Code     0  startup_mk64f12.o(.text)
    FTM3_IRQHandler                          0x000004f5   Thumb Code     0  startup_mk64f12.o(.text)
    I2C0_IRQHandler                          0x000004f5   Thumb Code     0  startup_mk64f12.o(.text)
    I2C1_IRQHandler                          0x000004f5   Thumb Code     0  startup_mk64f12.o(.text)
    I2C2_IRQHandler                          0x000004f5   Thumb Code     0  startup_mk64f12.o(.text)
    I2S0_Rx_IRQHandler                       0x000004f5   Thumb Code     0  startup_mk64f12.o(.text)
    I2S0_Tx_IRQHandler                       0x000004f5   Thumb Code     0  startup_mk64f12.o(.text)
    LLW_IRQHandler                           0x000004f5   Thumb Code     0  startup_mk64f12.o(.text)
    LPTimer_IRQHandler                       0x000004f5   Thumb Code     0  startup_mk64f12.o(.text)
    LVD_LVW_IRQHandler                       0x000004f5   Thumb Code     0  startup_mk64f12.o(.text)
    MCG_IRQHandler                           0x000004f5   Thumb Code     0  startup_mk64f12.o(.text)
    MCM_IRQHandler                           0x000004f5   Thumb Code     0  startup_mk64f12.o(.text)
    PDB0_IRQHandler                          0x000004f5   Thumb Code     0  startup_mk64f12.o(.text)
    PIT1_IRQHandler                          0x000004f5   Thumb Code     0  startup_mk64f12.o(.text)
    PIT2_IRQHandler                          0x000004f5   Thumb Code     0  startup_mk64f12.o(.text)
    PIT3_IRQHandler                          0x000004f5   Thumb Code     0  startup_mk64f12.o(.text)
    PORTB_IRQHandler                         0x000004f5   Thumb Code     0  startup_mk64f12.o(.text)
    PORTD_IRQHandler                         0x000004f5   Thumb Code     0  startup_mk64f12.o(.text)
    PORTE_IRQHandler                         0x000004f5   Thumb Code     0  startup_mk64f12.o(.text)
    RNG_IRQHandler                           0x000004f5   Thumb Code     0  startup_mk64f12.o(.text)
    RTC_IRQHandler                           0x000004f5   Thumb Code     0  startup_mk64f12.o(.text)
    RTC_Seconds_IRQHandler                   0x000004f5   Thumb Code     0  startup_mk64f12.o(.text)
    Read_Collision_IRQHandler                0x000004f5   Thumb Code     0  startup_mk64f12.o(.text)
    Reserved71_IRQHandler                    0x000004f5   Thumb Code     0  startup_mk64f12.o(.text)
    SDHC_IRQHandler                          0x000004f5   Thumb Code     0  startup_mk64f12.o(.text)
    SPI0_IRQHandler                          0x000004f5   Thumb Code     0  startup_mk64f12.o(.text)
    SPI1_IRQHandler                          0x000004f5   Thumb Code     0  startup_mk64f12.o(.text)
    SPI2_IRQHandler                          0x000004f5   Thumb Code     0  startup_mk64f12.o(.text)
    SWI_IRQHandler                           0x000004f5   Thumb Code     0  startup_mk64f12.o(.text)
    UART0_ERR_IRQHandler                     0x000004f5   Thumb Code     0  startup_mk64f12.o(.text)
    UART0_LON_IRQHandler                     0x000004f5   Thumb Code     0  startup_mk64f12.o(.text)
    UART0_RX_TX_IRQHandler                   0x000004f5   Thumb Code     0  startup_mk64f12.o(.text)
    UART1_ERR_IRQHandler                     0x000004f5   Thumb Code     0  startup_mk64f12.o(.text)
    UART1_RX_TX_IRQHandler                   0x000004f5   Thumb Code     0  startup_mk64f12.o(.text)
    UART2_ERR_IRQHandler                     0x000004f5   Thumb Code     0  startup_mk64f12.o(.text)
    UART2_RX_TX_IRQHandler                   0x000004f5   Thumb Code     0  startup_mk64f12.o(.text)
    UART3_ERR_IRQHandler                     0x000004f5   Thumb Code     0  startup_mk64f12.o(.text)
    UART4_ERR_IRQHandler                     0x000004f5   Thumb Code     0  startup_mk64f12.o(.text)
    UART4_RX_TX_IRQHandler                   0x000004f5   Thumb Code     0  startup_mk64f12.o(.text)
    UART5_ERR_IRQHandler                     0x000004f5   Thumb Code     0  startup_mk64f12.o(.text)
    UART5_RX_TX_IRQHandler                   0x000004f5   Thumb Code     0  startup_mk64f12.o(.text)
    USB0_IRQHandler                          0x000004f5   Thumb Code     0  startup_mk64f12.o(.text)
    USBDCD_IRQHandler                        0x000004f5   Thumb Code     0  startup_mk64f12.o(.text)
    Watchdog_IRQHandler                      0x000004f5   Thumb Code     0  startup_mk64f12.o(.text)
    __user_initial_stackheap                 0x000004f9   Thumb Code     0  startup_mk64f12.o(.text)
    __2sprintf                               0x0000051d   Thumb Code    34  noretval__2sprintf.o(.text)
    __printf                                 0x00000545   Thumb Code   104  __printf.o(.text)
    abs                                      0x000005ad   Thumb Code     8  abs.o(.text)
    __aeabi_memclr4                          0x000005b5   Thumb Code     0  rt_memclr_w.o(.text)
    __aeabi_memclr8                          0x000005b5   Thumb Code     0  rt_memclr_w.o(.text)
    __rt_memclr_w                            0x000005b5   Thumb Code    78  rt_memclr_w.o(.text)
    _memset_w                                0x000005b9   Thumb Code     0  rt_memclr_w.o(.text)
    __use_two_region_memory                  0x00000603   Thumb Code     2  heapauxi.o(.text)
    __rt_heap_escrow$2region                 0x00000605   Thumb Code     2  heapauxi.o(.text)
    __rt_heap_expand$2region                 0x00000607   Thumb Code     2  heapauxi.o(.text)
    __read_errno                             0x00000609   Thumb Code    10  _rserrno.o(.text)
    __set_errno                              0x00000613   Thumb Code    12  _rserrno.o(.text)
    __lib_sel_fp_printf                      0x0000061f   Thumb Code     2  _printf_fp_dec.o(.text)
    _printf_fp_dec_real                      0x000007cd   Thumb Code   620  _printf_fp_dec.o(.text)
    _printf_char_common                      0x00000a43   Thumb Code    32  _printf_char_common.o(.text)
    _sputc                                   0x00000a69   Thumb Code    10  _sputc.o(.text)
    __strtod_int                             0x00000ab1   Thumb Code    90  strtod.o(.text)
    __rt_locale                              0x00000b19   Thumb Code     8  rt_locale_intlibspace.o(.text)
    __aeabi_errno_addr                       0x00000b21   Thumb Code     8  rt_errno_addr_intlibspace.o(.text)
    __errno$intlibspace                      0x00000b21   Thumb Code     0  rt_errno_addr_intlibspace.o(.text)
    __rt_errno_addr$intlibspace              0x00000b21   Thumb Code     0  rt_errno_addr_intlibspace.o(.text)
    _ll_udiv10                               0x00000b29   Thumb Code   138  lludiv10.o(.text)
    isspace                                  0x00000bb3   Thumb Code    18  isspace.o(.text)
    _printf_fp_infnan                        0x00000bc5   Thumb Code   112  _printf_fp_infnan.o(.text)
    _sgetc                                   0x00000c45   Thumb Code    30  _sgetc.o(.text)
    _sbackspace                              0x00000c63   Thumb Code    34  _sgetc.o(.text)
    _btod_etento                             0x00000c85   Thumb Code   216  bigflt0.o(.text)
    __user_libspace                          0x00000d61   Thumb Code     8  libspace.o(.text)
    __user_perproc_libspace                  0x00000d61   Thumb Code     0  libspace.o(.text)
    __user_perthread_libspace                0x00000d61   Thumb Code     0  libspace.o(.text)
    __user_setup_stackheap                   0x00000d69   Thumb Code    74  sys_stackheap_outer.o(.text)
    __rt_ctype_table                         0x00000db5   Thumb Code    16  rt_ctype_table.o(.text)
    _scanf_really_real                       0x00000fc1   Thumb Code   668  scanf_fp.o(.text)
    exit                                     0x00001269   Thumb Code    18  exit.o(.text)
    strcmp                                   0x0000127d   Thumb Code   128  strcmpv7m.o(.text)
    _scanf_really_hex_real                   0x000012fd   Thumb Code   786  scanf_hexfp.o(.text)
    _scanf_really_infnan                     0x0000161d   Thumb Code   292  scanf_infnan.o(.text)
    _sys_exit                                0x00001751   Thumb Code     8  sys_exit.o(.text)
    __aeabi_llsl                             0x0000175d   Thumb Code     0  llshl.o(.text)
    _ll_shift_l                              0x0000175d   Thumb Code    38  llshl.o(.text)
    _chval                                   0x00001783   Thumb Code    28  _chval.o(.text)
    __I$use$semihosting                      0x0000179f   Thumb Code     0  use_no_semi.o(.text)
    __use_no_semihosting_swi                 0x0000179f   Thumb Code     2  use_no_semi.o(.text)
    __semihosting_library_function           0x000017a1   Thumb Code     0  indicate_semi.o(.text)
    _btod_d2e                                0x000017a1   Thumb Code    62  btod.o(CL$$btod_d2e)
    _d2e_denorm_low                          0x000017df   Thumb Code    70  btod.o(CL$$btod_d2e_denorm_low)
    _d2e_norm_op1                            0x00001825   Thumb Code    96  btod.o(CL$$btod_d2e_norm_op1)
    __btod_div_common                        0x00001885   Thumb Code   696  btod.o(CL$$btod_div_common)
    _e2d                                     0x00001bbd   Thumb Code    80  btod.o(CL$$btod_e2d)
    _e2e                                     0x00001c11   Thumb Code   198  btod.o(CL$$btod_e2e)
    _btod_ediv                               0x00001cd7   Thumb Code    40  btod.o(CL$$btod_ediv)
    _btod_edivd                              0x00001cff   Thumb Code    40  btod.o(CL$$btod_edivd)
    _btod_emul                               0x00001d27   Thumb Code    40  btod.o(CL$$btod_emul)
    _btod_emuld                              0x00001d4f   Thumb Code    40  btod.o(CL$$btod_emuld)
    __btod_mult_common                       0x00001d77   Thumb Code   580  btod.o(CL$$btod_mult_common)
    ADC0_IRQHandler                          0x00001fbd   Thumb Code    10  isr.o(i.ADC0_IRQHandler)
    FTM0_IRQHandler                          0x00001fd1   Thumb Code    32  pwm.o(i.FTM0_IRQHandler)
    FTM2_IRQHandler                          0x00001ff9   Thumb Code   310  isr.o(i.FTM2_IRQHandler)
    InitPWM                                  0x0000215d   Thumb Code   216  pwm.o(i.InitPWM)
    LEDoff                                   0x00002249   Thumb Code    20  leds.o(i.LEDoff)
    LEDon                                    0x00002265   Thumb Code   168  leds.o(i.LEDon)
    LeftDuty                                 0x00002315   Thumb Code    98  pwm.o(i.LeftDuty)
    PIT0_IRQHandler                          0x00002385   Thumb Code   148  ultrasonic.o(i.PIT0_IRQHandler)
    PORTA_IRQHandler                         0x00002429   Thumb Code    16  isr.o(i.PORTA_IRQHandler)
    PORTC_IRQHandler                         0x00002441   Thumb Code    10  isr.o(i.PORTC_IRQHandler)
    RightDuty                                0x00002451   Thumb Code    98  pwm.o(i.RightDuty)
    SetDutyCycle                             0x000024c1   Thumb Code   128  pwm.o(i.SetDutyCycle)
    SystemInit                               0x0000254d   Thumb Code   136  system_mk64f12.o(i.SystemInit)
    UART3_RX_TX_IRQHandler                   0x000025ed   Thumb Code   258  bluetooth.o(i.UART3_RX_TX_IRQHandler)
    __ARM_fpclassify                         0x00002711   Thumb Code    48  fpclassify.o(i.__ARM_fpclassify)
    __hardfp_atof                            0x00002761   Thumb Code    44  atof.o(i.__hardfp_atof)
    __hardfp_ldexp                           0x00002799   Thumb Code   200  ldexp.o(i.__hardfp_ldexp)
    __mathlib_dbl_overflow                   0x00002869   Thumb Code    24  dunder.o(i.__mathlib_dbl_overflow)
    __mathlib_dbl_underflow                  0x00002889   Thumb Code    24  dunder.o(i.__mathlib_dbl_underflow)
    __mathlib_narrow                         0x000028a9   Thumb Code   166  narrow.o(i.__mathlib_narrow)
    __support_ldexp                          0x00002961   Thumb Code    20  ldexp.o(i.__support_ldexp)
    _is_digit                                0x00002975   Thumb Code    14  __printf_wp.o(i._is_digit)
    bt_get                                   0x00002983   Thumb Code    36  bluetooth.o(i.bt_get)
    bt_getchar                               0x000029a9   Thumb Code    20  bluetooth.o(i.bt_getchar)
    calc                                     0x000029c1   Thumb Code   126  main.o(i.calc)
    delay                                    0x00002a59   Thumb Code    20  main.o(i.delay)
    demo                                     0x00002a6d   Thumb Code   184  main.o(i.demo)
    distanceCalc                             0x00002b51   Thumb Code   228  main.o(i.distanceCalc)
    frexp                                    0x00002c71   Thumb Code   118  frexp.o(i.frexp)
    getGPS                                   0x00002cfd   Thumb Code     2  gps.o(i.getGPS)
    getUltrasonic                            0x00002d01   Thumb Code   184  ultrasonic.o(i.getUltrasonic)
    initGPS                                  0x00002dd9   Thumb Code     2  gps.o(i.initGPS)
    init_BT                                  0x00002ddd   Thumb Code   154  bluetooth.o(i.init_BT)
    init_GPIO                                0x00002e85   Thumb Code   180  inits.o(i.init_GPIO)
    init_LEDS                                0x00002f51   Thumb Code   112  leds.o(i.init_LEDS)
    init_PIT                                 0x00002fd5   Thumb Code   100  ultrasonic.o(i.init_PIT)
    init_ultrasonic                          0x00003045   Thumb Code   126  ultrasonic.o(i.init_ultrasonic)
    initialize                               0x000030d1   Thumb Code    36  main.o(i.initialize)
    main                                     0x000030f5   Thumb Code   240  main.o(i.main)
    normalSet                                0x00003209   Thumb Code    70  main.o(i.normalSet)
    put                                      0x00003271   Thumb Code    22  uart.o(i.put)
    turn                                     0x00003289   Thumb Code   322  main.o(i.turn)
    turnCalc                                 0x000033e1   Thumb Code   132  main.o(i.turnCalc)
    uart0_init                               0x00003475   Thumb Code   126  uart.o(i.uart0_init)
    uart2_init                               0x00003501   Thumb Code   126  gps.o(i.uart2_init)
    uart_putchar                             0x0000358d   Thumb Code    20  uart.o(i.uart_putchar)
    _get_lc_numeric                          0x000035a5   Thumb Code    44  lc_numeric_c.o(locale$$code)
    _get_lc_ctype                            0x000035d1   Thumb Code    44  lc_ctype_c.o(locale$$code)
    __aeabi_d2f                              0x000035fd   Thumb Code     0  d2f.o(x$fpl$d2f)
    _d2f                                     0x000035fd   Thumb Code    98  d2f.o(x$fpl$d2f)
    __fpl_dcheck_NaN1                        0x00003661   Thumb Code    10  dcheck1.o(x$fpl$dcheck1)
    __fpl_dcmp_Inf                           0x00003671   Thumb Code    24  dcmpi.o(x$fpl$dcmpinf)
    __aeabi_cdcmpeq                          0x00003689   Thumb Code     0  deqf.o(x$fpl$deqf)
    _dcmpeq                                  0x00003689   Thumb Code   120  deqf.o(x$fpl$deqf)
    __aeabi_cdcmple                          0x00003701   Thumb Code     0  dleqf.o(x$fpl$dleqf)
    _dcmple                                  0x00003701   Thumb Code   120  dleqf.o(x$fpl$dleqf)
    __fpl_dcmple_InfNaN                      0x00003763   Thumb Code     0  dleqf.o(x$fpl$dleqf)
    __aeabi_dmul                             0x00003779   Thumb Code     0  dmul.o(x$fpl$dmul)
    _dmul                                    0x00003779   Thumb Code   332  dmul.o(x$fpl$dmul)
    __fpl_dnaninf                            0x000038cd   Thumb Code   156  dnaninf.o(x$fpl$dnaninf)
    __fpl_dretinf                            0x00003969   Thumb Code    12  dretinf.o(x$fpl$dretinf)
    __aeabi_cdrcmple                         0x00003975   Thumb Code     0  drleqf.o(x$fpl$drleqf)
    _drcmple                                 0x00003975   Thumb Code   108  drleqf.o(x$fpl$drleqf)
    __aeabi_f2d                              0x000039e1   Thumb Code     0  f2d.o(x$fpl$f2d)
    _f2d                                     0x000039e1   Thumb Code    86  f2d.o(x$fpl$f2d)
    __fpl_fnaninf                            0x00003a37   Thumb Code   140  fnaninf.o(x$fpl$fnaninf)
    _fp_init                                 0x00003ac3   Thumb Code    10  fpinit.o(x$fpl$fpinit)
    __fplib_config_fpu_vfp                   0x00003acb   Thumb Code     0  fpinit.o(x$fpl$fpinit)
    __fplib_config_pureend_doubles           0x00003acb   Thumb Code     0  fpinit.o(x$fpl$fpinit)
    __fpl_fretinf                            0x00003acd   Thumb Code    10  fretinf.o(x$fpl$fretinf)
    _printf_fp_dec                           0x00003ad7   Thumb Code     4  printf1.o(x$fpl$printf1)
    __fpl_return_NaN                         0x00003adb   Thumb Code   100  retnan.o(x$fpl$retnan)
    __ARM_scalbn                             0x00003b3f   Thumb Code    92  scalbn.o(x$fpl$scalbn)
    _scanf_real                              0x00003b9b   Thumb Code     4  scanf1.o(x$fpl$scanf1)
    _scanf_hex_real                          0x00003b9f   Thumb Code     4  scanf2.o(x$fpl$scanf2)
    _scanf_infnan                            0x00003ba3   Thumb Code     4  scanf2.o(x$fpl$scanf2)
    __fpl_cmpreturn                          0x00003ba7   Thumb Code    48  trapv.o(x$fpl$trapveneer)
    __I$use$fp                               0x00003bd6   Number         0  usenofp.o(x$fpl$usenofp)
    Region$$Table$$Base                      0x00003c6c   Number         0  anon$$obj.o(Region$$Table)
    Region$$Table$$Limit                     0x00003c8c   Number         0  anon$$obj.o(Region$$Table)
    __aeabi_HUGE_VAL                         0x00003c8c   Data           0  fpconst.o(c$$dinf)
    __aeabi_HUGE_VALL                        0x00003c8c   Data           0  fpconst.o(c$$dinf)
    __aeabi_INFINITY                         0x00003c8c   Data           0  fpconst.o(c$$dinf)
    __dInf                                   0x00003c8c   Data           0  fpconst.o(c$$dinf)
    __huge_val                               0x00003c8c   Data           0  fpconst.o(c$$dinf)
    __ctype                                  0x00003cbd   Data           0  lc_ctype_c.o(locale$$data)
    pixcnt                                   0x20000000   Data           4  main.o(.data)
    clkval                                   0x20000004   Data           4  main.o(.data)
    dataCount_buf                            0x20000008   Data           4  main.o(.data)
    dataCount_line                           0x2000000c   Data           4  main.o(.data)
    bufferPtr                                0x20000010   Data           4  main.o(.data)
    linePtr                                  0x20000014   Data           4  main.o(.data)
    debugcamdata                             0x20000018   Data           4  main.o(.data)
    capcnt                                   0x2000001c   Data           4  main.o(.data)
    ADC0VAL                                  0x20000020   Data           2  main.o(.data)
    KP                                       0x20000024   Data           4  main.o(.data)
    KI                                       0x20000028   Data           4  main.o(.data)
    KD                                       0x2000002c   Data           4  main.o(.data)
    PWMErrOld1                               0x20000030   Data           8  main.o(.data)
    PWMErrOld2                               0x20000038   Data           8  main.o(.data)
    LB                                       0x20000040   Data           4  main.o(.data)
    UB                                       0x20000044   Data           4  main.o(.data)
    LEFT_DESIRED                             0x20000048   Data           4  main.o(.data)
    RIGHT_DESIRED                            0x2000004c   Data           4  main.o(.data)
    LPWM                                     0x20000050   Data           4  main.o(.data)
    RPWM                                     0x20000054   Data           4  main.o(.data)
    manualDelta                              0x20000058   Data           8  main.o(.data)
    manualControl                            0x20000060   Data           4  main.o(.data)
    ready                                    0x20000064   Data           4  main.o(.data)
    angle                                    0x20000068   Data           4  main.o(.data)
    direction                                0x2000006c   Data           4  main.o(.data)
    location                                 0x20000070   Data           8  main.o(.data)
    ultrasonic_state                         0x20000080   Data           4  ultrasonic.o(.data)
    ultrasonic_counter                       0x20000084   Data           4  ultrasonic.o(.data)
    line                                     0x20000088   Data         256  main.o(.bss)
    line2                                    0x20000188   Data         256  main.o(.bss)
    str                                      0x20000288   Data         100  main.o(.bss)
    binline                                  0x200002ec   Data         512  main.o(.bss)
    control                                  0x200004ec   Data          40  main.o(.bss)
    __libspace_start                         0x20000514   Data          96  libspace.o(.bss)
    __temporary_stack_top$libspace           0x20000574   Data           0  libspace.o(.bss)



==============================================================================

Memory Map of the image

  Image Entry point : 0x00000411

  Load Region LR_IROM1 (Base: 0x00000000, Size: 0x00003e48, Max: 0x00100000, ABSOLUTE)

    Execution Region ER_IROM1 (Base: 0x00000000, Size: 0x00003dc0, Max: 0x00100000, ABSOLUTE)

    Base Addr    Size         Type   Attr      Idx    E Section Name        Object

    0x00000000   0x00000400   Data   RO          529    RESET               startup_mk64f12.o
    0x00000400   0x00000010   Code   RO          530    .ARM.__at_0x400     startup_mk64f12.o
    0x00000410   0x00000008   Code   RO          619  * !!!main             c_w.l(__main.o)
    0x00000418   0x00000034   Code   RO          963    !!!scatter          c_w.l(__scatter.o)
    0x0000044c   0x0000001a   Code   RO          965    !!handler_copy      c_w.l(__scatter_copy.o)
    0x00000466   0x00000002   PAD
    0x00000468   0x0000001c   Code   RO          967    !!handler_zi        c_w.l(__scatter_zi.o)
    0x00000484   0x00000000   Code   RO          612    .ARM.Collect$$_printf_percent$$00000000  c_w.l(_printf_percent.o)
    0x00000484   0x00000006   Code   RO          611    .ARM.Collect$$_printf_percent$$00000005  c_w.l(_printf_g.o)
    0x0000048a   0x00000004   Code   RO          646    .ARM.Collect$$_printf_percent$$00000017  c_w.l(_printf_percent_end.o)
    0x0000048e   0x00000002   Code   RO          747    .ARM.Collect$$libinit$$00000000  c_w.l(libinit.o)
    0x00000490   0x00000004   Code   RO          748    .ARM.Collect$$libinit$$00000001  c_w.l(libinit2.o)
    0x00000494   0x00000000   Code   RO          751    .ARM.Collect$$libinit$$00000004  c_w.l(libinit2.o)
    0x00000494   0x00000000   Code   RO          754    .ARM.Collect$$libinit$$0000000A  c_w.l(libinit2.o)
    0x00000494   0x00000000   Code   RO          756    .ARM.Collect$$libinit$$0000000C  c_w.l(libinit2.o)
    0x00000494   0x00000000   Code   RO          758    .ARM.Collect$$libinit$$0000000E  c_w.l(libinit2.o)
    0x00000494   0x00000006   Code   RO          759    .ARM.Collect$$libinit$$0000000F  c_w.l(libinit2.o)
    0x0000049a   0x00000000   Code   RO          761    .ARM.Collect$$libinit$$00000011  c_w.l(libinit2.o)
    0x0000049a   0x0000000c   Code   RO          762    .ARM.Collect$$libinit$$00000012  c_w.l(libinit2.o)
    0x000004a6   0x00000000   Code   RO          763    .ARM.Collect$$libinit$$00000013  c_w.l(libinit2.o)
    0x000004a6   0x00000000   Code   RO          765    .ARM.Collect$$libinit$$00000015  c_w.l(libinit2.o)
    0x000004a6   0x0000000a   Code   RO          766    .ARM.Collect$$libinit$$00000016  c_w.l(libinit2.o)
    0x000004b0   0x00000000   Code   RO          767    .ARM.Collect$$libinit$$00000017  c_w.l(libinit2.o)
    0x000004b0   0x00000000   Code   RO          769    .ARM.Collect$$libinit$$00000019  c_w.l(libinit2.o)
    0x000004b0   0x00000000   Code   RO          771    .ARM.Collect$$libinit$$0000001B  c_w.l(libinit2.o)
    0x000004b0   0x00000000   Code   RO          773    .ARM.Collect$$libinit$$0000001D  c_w.l(libinit2.o)
    0x000004b0   0x00000000   Code   RO          775    .ARM.Collect$$libinit$$0000001F  c_w.l(libinit2.o)
    0x000004b0   0x00000000   Code   RO          777    .ARM.Collect$$libinit$$00000021  c_w.l(libinit2.o)
    0x000004b0   0x00000000   Code   RO          779    .ARM.Collect$$libinit$$00000023  c_w.l(libinit2.o)
    0x000004b0   0x00000000   Code   RO          781    .ARM.Collect$$libinit$$00000025  c_w.l(libinit2.o)
    0x000004b0   0x00000000   Code   RO          785    .ARM.Collect$$libinit$$0000002C  c_w.l(libinit2.o)
    0x000004b0   0x00000000   Code   RO          787    .ARM.Collect$$libinit$$0000002E  c_w.l(libinit2.o)
    0x000004b0   0x00000000   Code   RO          789    .ARM.Collect$$libinit$$00000030  c_w.l(libinit2.o)
    0x000004b0   0x00000000   Code   RO          791    .ARM.Collect$$libinit$$00000032  c_w.l(libinit2.o)
    0x000004b0   0x00000002   Code   RO          792    .ARM.Collect$$libinit$$00000033  c_w.l(libinit2.o)
    0x000004b2   0x00000002   Code   RO          860    .ARM.Collect$$libshutdown$$00000000  c_w.l(libshutdown.o)
    0x000004b4   0x00000000   Code   RO          889    .ARM.Collect$$libshutdown$$00000002  c_w.l(libshutdown2.o)
    0x000004b4   0x00000000   Code   RO          891    .ARM.Collect$$libshutdown$$00000004  c_w.l(libshutdown2.o)
    0x000004b4   0x00000000   Code   RO          894    .ARM.Collect$$libshutdown$$00000007  c_w.l(libshutdown2.o)
    0x000004b4   0x00000000   Code   RO          897    .ARM.Collect$$libshutdown$$0000000A  c_w.l(libshutdown2.o)
    0x000004b4   0x00000000   Code   RO          899    .ARM.Collect$$libshutdown$$0000000C  c_w.l(libshutdown2.o)
    0x000004b4   0x00000000   Code   RO          902    .ARM.Collect$$libshutdown$$0000000F  c_w.l(libshutdown2.o)
    0x000004b4   0x00000002   Code   RO          903    .ARM.Collect$$libshutdown$$00000010  c_w.l(libshutdown2.o)
    0x000004b6   0x00000000   Code   RO          635    .ARM.Collect$$rtentry$$00000000  c_w.l(__rtentry.o)
    0x000004b6   0x00000000   Code   RO          661    .ARM.Collect$$rtentry$$00000002  c_w.l(__rtentry2.o)
    0x000004b6   0x00000006   Code   RO          673    .ARM.Collect$$rtentry$$00000004  c_w.l(__rtentry4.o)
    0x000004bc   0x00000000   Code   RO          663    .ARM.Collect$$rtentry$$00000009  c_w.l(__rtentry2.o)
    0x000004bc   0x00000004   Code   RO          664    .ARM.Collect$$rtentry$$0000000A  c_w.l(__rtentry2.o)
    0x000004c0   0x00000000   Code   RO          666    .ARM.Collect$$rtentry$$0000000C  c_w.l(__rtentry2.o)
    0x000004c0   0x00000008   Code   RO          667    .ARM.Collect$$rtentry$$0000000D  c_w.l(__rtentry2.o)
    0x000004c8   0x00000002   Code   RO          793    .ARM.Collect$$rtexit$$00000000  c_w.l(rtexit.o)
    0x000004ca   0x00000000   Code   RO          820    .ARM.Collect$$rtexit$$00000002  c_w.l(rtexit2.o)
    0x000004ca   0x00000004   Code   RO          821    .ARM.Collect$$rtexit$$00000003  c_w.l(rtexit2.o)
    0x000004ce   0x00000006   Code   RO          822    .ARM.Collect$$rtexit$$00000004  c_w.l(rtexit2.o)
    0x000004d4   0x00000048   Code   RO          531    .text               startup_mk64f12.o
    0x0000051c   0x00000028   Code   RO          584    .text               c_w.l(noretval__2sprintf.o)
    0x00000544   0x00000068   Code   RO          586    .text               c_w.l(__printf.o)
    0x000005ac   0x00000008   Code   RO          613    .text               c_w.l(abs.o)
    0x000005b4   0x0000004e   Code   RO          615    .text               c_w.l(rt_memclr_w.o)
    0x00000602   0x00000006   Code   RO          617    .text               c_w.l(heapauxi.o)
    0x00000608   0x00000016   Code   RO          636    .text               c_w.l(_rserrno.o)
    0x0000061e   0x0000041a   Code   RO          640    .text               c_w.l(_printf_fp_dec.o)
    0x00000a38   0x00000030   Code   RO          642    .text               c_w.l(_printf_char_common.o)
    0x00000a68   0x0000000a   Code   RO          644    .text               c_w.l(_sputc.o)
    0x00000a72   0x00000002   PAD
    0x00000a74   0x000000a4   Code   RO          647    .text               c_w.l(strtod.o)
    0x00000b18   0x00000008   Code   RO          678    .text               c_w.l(rt_locale_intlibspace.o)
    0x00000b20   0x00000008   Code   RO          683    .text               c_w.l(rt_errno_addr_intlibspace.o)
    0x00000b28   0x0000008a   Code   RO          685    .text               c_w.l(lludiv10.o)
    0x00000bb2   0x00000012   Code   RO          687    .text               c_w.l(isspace.o)
    0x00000bc4   0x00000080   Code   RO          689    .text               c_w.l(_printf_fp_infnan.o)
    0x00000c44   0x00000040   Code   RO          693    .text               c_w.l(_sgetc.o)
    0x00000c84   0x000000dc   Code   RO          695    .text               c_w.l(bigflt0.o)
    0x00000d60   0x00000008   Code   RO          729    .text               c_w.l(libspace.o)
    0x00000d68   0x0000004a   Code   RO          732    .text               c_w.l(sys_stackheap_outer.o)
    0x00000db2   0x00000002   PAD
    0x00000db4   0x00000010   Code   RO          734    .text               c_w.l(rt_ctype_table.o)
    0x00000dc4   0x000004a4   Code   RO          736    .text               c_w.l(scanf_fp.o)
    0x00001268   0x00000012   Code   RO          738    .text               c_w.l(exit.o)
    0x0000127a   0x00000002   PAD
    0x0000127c   0x00000080   Code   RO          740    .text               c_w.l(strcmpv7m.o)
    0x000012fc   0x00000320   Code   RO          826    .text               c_w.l(scanf_hexfp.o)
    0x0000161c   0x00000134   Code   RO          828    .text               c_w.l(scanf_infnan.o)
    0x00001750   0x0000000c   Code   RO          846    .text               c_w.l(sys_exit.o)
    0x0000175c   0x00000026   Code   RO          850    .text               c_w.l(llshl.o)
    0x00001782   0x0000001c   Code   RO          852    .text               c_w.l(_chval.o)
    0x0000179e   0x00000002   Code   RO          879    .text               c_w.l(use_no_semi.o)
    0x000017a0   0x00000000   Code   RO          881    .text               c_w.l(indicate_semi.o)
    0x000017a0   0x0000003e   Code   RO          698    CL$$btod_d2e        c_w.l(btod.o)
    0x000017de   0x00000046   Code   RO          700    CL$$btod_d2e_denorm_low  c_w.l(btod.o)
    0x00001824   0x00000060   Code   RO          699    CL$$btod_d2e_norm_op1  c_w.l(btod.o)
    0x00001884   0x00000338   Code   RO          708    CL$$btod_div_common  c_w.l(btod.o)
    0x00001bbc   0x00000054   Code   RO          706    CL$$btod_e2d        c_w.l(btod.o)
    0x00001c10   0x000000c6   Code   RO          705    CL$$btod_e2e        c_w.l(btod.o)
    0x00001cd6   0x00000028   Code   RO          702    CL$$btod_ediv       c_w.l(btod.o)
    0x00001cfe   0x00000028   Code   RO          704    CL$$btod_edivd      c_w.l(btod.o)
    0x00001d26   0x00000028   Code   RO          701    CL$$btod_emul       c_w.l(btod.o)
    0x00001d4e   0x00000028   Code   RO          703    CL$$btod_emuld      c_w.l(btod.o)
    0x00001d76   0x00000244   Code   RO          707    CL$$btod_mult_common  c_w.l(btod.o)
    0x00001fba   0x00000002   PAD
    0x00001fbc   0x00000014   Code   RO          297    i.ADC0_IRQHandler   isr.o
    0x00001fd0   0x00000028   Code   RO          151    i.FTM0_IRQHandler   pwm.o
    0x00001ff8   0x00000164   Code   RO          298    i.FTM2_IRQHandler   isr.o
    0x0000215c   0x000000ec   Code   RO          152    i.InitPWM           pwm.o
    0x00002248   0x0000001c   Code   RO          413    i.LEDoff            leds.o
    0x00002264   0x000000b0   Code   RO          414    i.LEDon             leds.o
    0x00002314   0x00000070   Code   RO          153    i.LeftDuty          pwm.o
    0x00002384   0x000000a4   Code   RO          449    i.PIT0_IRQHandler   ultrasonic.o
    0x00002428   0x00000018   Code   RO          299    i.PORTA_IRQHandler  isr.o
    0x00002440   0x00000010   Code   RO          300    i.PORTC_IRQHandler  isr.o
    0x00002450   0x00000070   Code   RO          154    i.RightDuty         pwm.o
    0x000024c0   0x0000008c   Code   RO          155    i.SetDutyCycle      pwm.o
    0x0000254c   0x000000a0   Code   RO          541    i.SystemInit        system_mk64f12.o
    0x000025ec   0x00000124   Code   RO          344    i.UART3_RX_TX_IRQHandler  bluetooth.o
    0x00002710   0x00000030   Code   RO          727    i.__ARM_fpclassify  m_wm.l(fpclassify.o)
    0x00002740   0x0000001a   Code   RO          252    i.__NVIC_EnableIRQ  inits.o
    0x0000275a   0x00000006   PAD
    0x00002760   0x00000038   Code   RO          629    i.__hardfp_atof     m_wm.l(atof.o)
    0x00002798   0x000000d0   Code   RO          863    i.__hardfp_ldexp    m_wm.l(ldexp.o)
    0x00002868   0x00000020   Code   RO          910    i.__mathlib_dbl_overflow  m_wm.l(dunder.o)
    0x00002888   0x00000020   Code   RO          912    i.__mathlib_dbl_underflow  m_wm.l(dunder.o)
    0x000028a8   0x000000b8   Code   RO          812    i.__mathlib_narrow  m_wm.l(narrow.o)
    0x00002960   0x00000014   Code   RO          865    i.__support_ldexp   m_wm.l(ldexp.o)
    0x00002974   0x0000000e   Code   RO          600    i._is_digit         c_w.l(__printf_wp.o)
    0x00002982   0x00000024   Code   RO          346    i.bt_get            bluetooth.o
    0x000029a6   0x00000002   PAD
    0x000029a8   0x00000018   Code   RO          347    i.bt_getchar        bluetooth.o
    0x000029c0   0x00000098   Code   RO            4    i.calc              main.o
    0x00002a58   0x00000014   Code   RO            5    i.delay             main.o
    0x00002a6c   0x000000e4   Code   RO            6    i.demo              main.o
    0x00002b50   0x0000011c   Code   RO            7    i.distanceCalc      main.o
    0x00002c6c   0x00000004   PAD
    0x00002c70   0x0000008c   Code   RO          840    i.frexp             m_wm.l(frexp.o)
    0x00002cfc   0x00000002   Code   RO          494    i.getGPS            gps.o
    0x00002cfe   0x00000002   PAD
    0x00002d00   0x000000d8   Code   RO          450    i.getUltrasonic     ultrasonic.o
    0x00002dd8   0x00000002   Code   RO          495    i.initGPS           gps.o
    0x00002dda   0x00000002   PAD
    0x00002ddc   0x000000a8   Code   RO          348    i.init_BT           bluetooth.o
    0x00002e84   0x000000cc   Code   RO          255    i.init_GPIO         inits.o
    0x00002f50   0x00000084   Code   RO          415    i.init_LEDS         leds.o
    0x00002fd4   0x00000070   Code   RO          451    i.init_PIT          ultrasonic.o
    0x00003044   0x0000008c   Code   RO          452    i.init_ultrasonic   ultrasonic.o
    0x000030d0   0x00000024   Code   RO            8    i.initialize        main.o
    0x000030f4   0x00000114   Code   RO            9    i.main              main.o
    0x00003208   0x00000068   Code   RO           10    i.normalSet         main.o
    0x00003270   0x00000016   Code   RO          205    i.put               uart.o
    0x00003286   0x00000002   PAD
    0x00003288   0x00000158   Code   RO           12    i.turn              main.o
    0x000033e0   0x00000094   Code   RO           13    i.turnCalc          main.o
    0x00003474   0x0000008c   Code   RO          206    i.uart0_init        uart.o
    0x00003500   0x0000008c   Code   RO          496    i.uart2_init        gps.o
    0x0000358c   0x00000018   Code   RO          208    i.uart_putchar      uart.o
    0x000035a4   0x0000002c   Code   RO          721    locale$$code        c_w.l(lc_numeric_c.o)
    0x000035d0   0x0000002c   Code   RO          796    locale$$code        c_w.l(lc_ctype_c.o)
    0x000035fc   0x00000062   Code   RO          621    x$fpl$d2f           fz_wm.l(d2f.o)
    0x0000365e   0x00000002   PAD
    0x00003660   0x00000010   Code   RO          931    x$fpl$dcheck1       fz_wm.l(dcheck1.o)
    0x00003670   0x00000018   Code   RO          649    x$fpl$dcmpinf       fz_wm.l(dcmpi.o)
    0x00003688   0x00000078   Code   RO          834    x$fpl$deqf          fz_wm.l(deqf.o)
    0x00003700   0x00000078   Code   RO          623    x$fpl$dleqf         fz_wm.l(dleqf.o)
    0x00003778   0x00000154   Code   RO          861    x$fpl$dmul          fz_wm.l(dmul.o)
    0x000038cc   0x0000009c   Code   RO          651    x$fpl$dnaninf       fz_wm.l(dnaninf.o)
    0x00003968   0x0000000c   Code   RO          653    x$fpl$dretinf       fz_wm.l(dretinf.o)
    0x00003974   0x0000006c   Code   RO          836    x$fpl$drleqf        fz_wm.l(drleqf.o)
    0x000039e0   0x00000056   Code   RO          625    x$fpl$f2d           fz_wm.l(f2d.o)
    0x00003a36   0x0000008c   Code   RO          655    x$fpl$fnaninf       fz_wm.l(fnaninf.o)
    0x00003ac2   0x0000000a   Code   RO          803    x$fpl$fpinit        fz_wm.l(fpinit.o)
    0x00003acc   0x0000000a   Code   RO          657    x$fpl$fretinf       fz_wm.l(fretinf.o)
    0x00003ad6   0x00000004   Code   RO          627    x$fpl$printf1       fz_wm.l(printf1.o)
    0x00003ada   0x00000064   Code   RO          941    x$fpl$retnan        fz_wm.l(retnan.o)
    0x00003b3e   0x0000005c   Code   RO          904    x$fpl$scalbn        fz_wm.l(scalbn.o)
    0x00003b9a   0x00000004   Code   RO          725    x$fpl$scanf1        fz_wm.l(scanf1.o)
    0x00003b9e   0x00000008   Code   RO          805    x$fpl$scanf2        fz_wm.l(scanf2.o)
    0x00003ba6   0x00000030   Code   RO          959    x$fpl$trapveneer    fz_wm.l(trapv.o)
    0x00003bd6   0x00000000   Code   RO          659    x$fpl$usenofp       fz_wm.l(usenofp.o)
    0x00003bd6   0x00000002   PAD
    0x00003bd8   0x00000094   Data   RO          696    .constdata          c_w.l(bigflt0.o)
    0x00003c6c   0x00000020   Data   RO          961    Region$$Table       anon$$obj.o
    0x00003c8c   0x00000008   Data   RO          800    c$$dinf             fz_wm.l(fpconst.o)
    0x00003c94   0x0000001c   Data   RO          720    locale$$data        c_w.l(lc_numeric_c.o)
    0x00003cb0   0x00000110   Data   RO          795    locale$$data        c_w.l(lc_ctype_c.o)


    Execution Region RW_IRAM1 (Base: 0x20000000, Size: 0x00000978, Max: 0x00030000, ABSOLUTE)

    Base Addr    Size         Type   Attr      Idx    E Section Name        Object

    0x20000000   0x00000078   Data   RW           16    .data               main.o
    0x20000078   0x00000008   Data   RW          156    .data               pwm.o
    0x20000080   0x00000008   Data   RW          453    .data               ultrasonic.o
    0x20000088   0x0000048c   Zero   RW           14    .bss                main.o
    0x20000514   0x00000060   Zero   RW          730    .bss                c_w.l(libspace.o)
    0x20000574   0x00000004   PAD
    0x20000578   0x00000000   Zero   RW          528    HEAP                startup_mk64f12.o
    0x20000578   0x00000400   Zero   RW          527    STACK               startup_mk64f12.o


==============================================================================

Image component sizes


      Code (inc. data)   RO Data    RW Data    ZI Data      Debug   Object Name

       520         52          0          0          0       2445   bluetooth.o
       144         14          0          0          0       1232   gps.o
       230         24          0          0          0      26935   inits.o
       416         70          0          0          0       1806   isr.o
       336         36          0          0          0       1385   leds.o
      1592        234          0        120       1164     357580   main.o
       640         68          0          8          0       2822   pwm.o
        88         44       1024          0       1024       1084   startup_mk64f12.o
       160         24          0          0          0        537   system_mk64f12.o
       186         18          0          0          0       1398   uart.o
       632         74          0          8          0       2337   ultrasonic.o

    ----------------------------------------------------------------------
      4962        662       1056        136       2188     399561   Object Totals
         0          0         32          0          0          0   (incl. Generated)
        18          4          0          0          0          0   (incl. Padding)

    ----------------------------------------------------------------------

      Code (inc. data)   RO Data    RW Data    ZI Data      Debug   Library Member Name

         8          0          0          0          0         68   __main.o
       104          0          0          0          0         84   __printf.o
        14          0          0          0          0         68   __printf_wp.o
         0          0          0          0          0          0   __rtentry.o
        12          0          0          0          0          0   __rtentry2.o
         6          0          0          0          0          0   __rtentry4.o
        52          8          0          0          0          0   __scatter.o
        26          0          0          0          0          0   __scatter_copy.o
        28          0          0          0          0          0   __scatter_zi.o
        28          0          0          0          0         68   _chval.o
        48          6          0          0          0         96   _printf_char_common.o
      1050          0          0          0          0        216   _printf_fp_dec.o
       128         16          0          0          0         84   _printf_fp_infnan.o
         6          0          0          0          0          0   _printf_g.o
         0          0          0          0          0          0   _printf_percent.o
         4          0          0          0          0          0   _printf_percent_end.o
        22          0          0          0          0        100   _rserrno.o
        64          0          0          0          0         84   _sgetc.o
        10          0          0          0          0         68   _sputc.o
         8          0          0          0          0         68   abs.o
       220          4        148          0          0         96   bigflt0.o
      2074        132          0          0          0        940   btod.o
        18          0          0          0          0         80   exit.o
         6          0          0          0          0        152   heapauxi.o
         0          0          0          0          0          0   indicate_semi.o
        18          0          0          0          0         76   isspace.o
        44         10        272          0          0         76   lc_ctype_c.o
        44         10         28          0          0         76   lc_numeric_c.o
         2          0          0          0          0          0   libinit.o
        34          0          0          0          0          0   libinit2.o
         2          0          0          0          0          0   libshutdown.o
         2          0          0          0          0          0   libshutdown2.o
         8          4          0          0         96         68   libspace.o
        38          0          0          0          0         68   llshl.o
       138          0          0          0          0         80   lludiv10.o
        40          6          0          0          0         84   noretval__2sprintf.o
        16          4          0          0          0         76   rt_ctype_table.o
         8          4          0          0          0         68   rt_errno_addr_intlibspace.o
         8          4          0          0          0         68   rt_locale_intlibspace.o
        78          0          0          0          0         80   rt_memclr_w.o
         2          0          0          0          0          0   rtexit.o
        10          0          0          0          0          0   rtexit2.o
      1188         12          0          0          0        148   scanf_fp.o
       800         14          0          0          0        100   scanf_hexfp.o
       308         16          0          0          0        100   scanf_infnan.o
       128          0          0          0          0         68   strcmpv7m.o
       164         14          0          0          0        120   strtod.o
        12          4          0          0          0         68   sys_exit.o
        74          0          0          0          0         80   sys_stackheap_outer.o
         2          0          0          0          0         68   use_no_semi.o
        98          4          0          0          0        140   d2f.o
        16          4          0          0          0        116   dcheck1.o
        24          0          0          0          0        116   dcmpi.o
       120          4          0          0          0        140   deqf.o
       120          4          0          0          0        140   dleqf.o
       340         12          0          0          0        152   dmul.o
       156          4          0          0          0        140   dnaninf.o
        12          0          0          0          0        116   dretinf.o
       108          0          0          0          0        128   drleqf.o
        86          4          0          0          0        132   f2d.o
       140          4          0          0          0        132   fnaninf.o
         0          0          8          0          0          0   fpconst.o
        10          0          0          0          0        116   fpinit.o
        10          0          0          0          0        116   fretinf.o
         4          0          0          0          0        116   printf1.o
       100          0          0          0          0        116   retnan.o
        92          0          0          0          0        116   scalbn.o
         4          0          0          0          0        116   scanf1.o
         8          0          0          0          0        132   scanf2.o
        48          0          0          0          0        116   trapv.o
         0          0          0          0          0          0   usenofp.o
        56         12          0          0          0        132   atof.o
        64         16          0          0          0        248   dunder.o
        48          0          0          0          0        124   fpclassify.o
       140         22          0          0          0        132   frexp.o
       228          8          0          0          0        308   ldexp.o
       184         18          0          0          0        152   narrow.o

    ----------------------------------------------------------------------
      9334        384        456          0        100       7336   Library Totals
        14          0          0          0          4          0   (incl. Padding)

    ----------------------------------------------------------------------

      Code (inc. data)   RO Data    RW Data    ZI Data      Debug   Library Name

      7104        268        448          0         96       3844   c_w.l
      1496         40          8          0          0       2396   fz_wm.l
       720         76          0          0          0       1096   m_wm.l

    ----------------------------------------------------------------------
      9334        384        456          0        100       7336   Library Totals

    ----------------------------------------------------------------------

==============================================================================


      Code (inc. data)   RO Data    RW Data    ZI Data      Debug   

     14296       1046       1512        136       2288     399565   Grand Totals
     14296       1046       1512        136       2288     399565   ELF Image Totals
     14296       1046       1512        136          0          0   ROM Totals

==============================================================================

    Total RO  Size (Code + RO Data)                15808 (  15.44kB)
    Total RW  Size (RW Data + ZI Data)              2424 (   2.37kB)
    Total ROM Size (Code + RO Data + RW Data)      15944 (  15.57kB)

==============================================================================

