Component: ARM Compiler 5.06 update 3 (build 300) Tool: armlink [4d35c9]

==============================================================================

Section Cross References

    main.o(i.calc) refers to main.o(.data) for KP
    main.o(i.demo) refers to _printf_percent.o(.ARM.Collect$$_printf_percent$$00000000) for _printf_percent
    main.o(i.demo) refers to _printf_g.o(.ARM.Collect$$_printf_percent$$00000005) for _printf_g
    main.o(i.demo) refers to printf1.o(x$fpl$printf1) for _printf_fp_dec
    main.o(i.demo) refers to leds.o(i.LEDon) for LEDon
    main.o(i.demo) refers to main.o(i.delay) for delay
    main.o(i.demo) refers to leds.o(i.LEDoff) for LEDoff
    main.o(i.demo) refers to main.o(i.distanceCalc) for distanceCalc
    main.o(i.demo) refers to main.o(i.calc) for calc
    main.o(i.demo) refers to f2d.o(x$fpl$f2d) for __aeabi_f2d
    main.o(i.demo) refers to noretval__2sprintf.o(.text) for __2sprintf
    main.o(i.demo) refers to uart.o(i.put) for put
    main.o(i.demo) refers to pwm.o(i.LeftDuty) for LeftDuty
    main.o(i.demo) refers to pwm.o(i.RightDuty) for RightDuty
    main.o(i.demo) refers to main.o(.data) for LEFT_DESIRED
    main.o(i.distanceCalc) refers to _printf_percent.o(.ARM.Collect$$_printf_percent$$00000000) for _printf_percent
    main.o(i.distanceCalc) refers to _printf_g.o(.ARM.Collect$$_printf_percent$$00000005) for _printf_g
    main.o(i.distanceCalc) refers to printf1.o(x$fpl$printf1) for _printf_fp_dec
    main.o(i.distanceCalc) refers to ultrasonic.o(i.getUltrasonic) for getUltrasonic
    main.o(i.distanceCalc) refers to f2d.o(x$fpl$f2d) for __aeabi_f2d
    main.o(i.distanceCalc) refers to noretval__2sprintf.o(.text) for __2sprintf
    main.o(i.distanceCalc) refers to uart.o(i.put) for put
    main.o(i.distanceCalc) refers to dleqf.o(x$fpl$dleqf) for __aeabi_cdcmple
    main.o(i.distanceCalc) refers to main.o(.data) for UB
    main.o(i.initialize) refers to uart.o(i.uart_init) for uart_init
    main.o(i.initialize) refers to pwm.o(i.InitPWM) for InitPWM
    main.o(i.initialize) refers to inits.o(i.init_GPIO) for init_GPIO
    main.o(i.initialize) refers to leds.o(i.init_LEDS) for init_LEDS
    main.o(i.initialize) refers to bluetooth.o(i.init_BT) for init_BT
    main.o(i.initialize) refers to ultrasonic.o(i.init_ultrasonic) for init_ultrasonic
    main.o(i.main) refers to main.o(i.initialize) for initialize
    main.o(i.main) refers to uart.o(i.put) for put
    main.o(i.main) refers to main.o(i.normalSet) for normalSet
    main.o(i.main) refers to pwm.o(i.SetDutyCycle) for SetDutyCycle
    main.o(i.main) refers to leds.o(i.LEDon) for LEDon
    main.o(i.main) refers to main.o(i.delay) for delay
    main.o(i.main) refers to leds.o(i.LEDoff) for LEDoff
    main.o(i.main) refers to main.o(i.demo) for demo
    main.o(i.main) refers to main.o(i.getGPS) for getGPS
    main.o(i.main) refers to main.o(i.distanceCalc) for distanceCalc
    main.o(i.main) refers to main.o(i.turnCalc) for turnCalc
    main.o(i.main) refers to main.o(i.calc) for calc
    main.o(i.main) refers to pwm.o(i.LeftDuty) for LeftDuty
    main.o(i.main) refers to pwm.o(i.RightDuty) for RightDuty
    main.o(i.main) refers to main.o(.data) for ready
    main.o(i.normalSet) refers to main.o(.data) for LEFT_DESIRED
    main.o(i.printLine) refers to _printf_percent.o(.ARM.Collect$$_printf_percent$$00000000) for _printf_percent
    main.o(i.printLine) refers to _printf_i.o(.ARM.Collect$$_printf_percent$$00000008) for _printf_i
    main.o(i.printLine) refers to _printf_dec.o(.text) for _printf_int_dec
    main.o(i.printLine) refers to noretval__2sprintf.o(.text) for __2sprintf
    main.o(i.printLine) refers to uart.o(i.put) for put
    main.o(i.printLine) refers to main.o(.data) for debugcamdata
    main.o(i.turn) refers to leds.o(i.LEDon) for LEDon
    main.o(i.turn) refers to main.o(.data) for LEFT_DESIRED
    main.o(i.turnCalc) refers to main.o(i.turn) for turn
    main.o(i.turnCalc) refers to leds.o(i.LEDon) for LEDon
    main.o(.data) refers to main.o(.bss) for line
    pwm.o(i.FTM0_IRQHandler) refers to pwm.o(.data) for PWMTick
    uart.o(i.get) refers to uart.o(i.uart_getchar) for uart_getchar
    uart.o(i.get) refers to uart.o(i.uart_putchar) for uart_putchar
    uart.o(i.put) refers to uart.o(i.uart_putchar) for uart_putchar
    inits.o(i.init_ADC0) refers to inits.o(i.__NVIC_EnableIRQ) for __NVIC_EnableIRQ
    inits.o(i.init_FTM2) refers to inits.o(i.__NVIC_EnableIRQ) for __NVIC_EnableIRQ
    inits.o(i.init_GPIO) refers to inits.o(i.__NVIC_EnableIRQ) for __NVIC_EnableIRQ
    isr.o(i.ADC0_IRQHandler) refers to main.o(.data) for ADC0VAL
    isr.o(i.FTM2_IRQHandler) refers to main.o(.data) for clkval
    isr.o(i.FTM2_IRQHandler) refers to main.o(.bss) for line
    isr.o(i.PORTA_IRQHandler) refers to main.o(.data) for ready
    bluetooth.o(i.UART3_RX_TX_IRQHandler) refers to leds.o(i.LEDon) for LEDon
    bluetooth.o(i.UART3_RX_TX_IRQHandler) refers to main.o(i.normalSet) for normalSet
[...]
    __rtentry.o(.ARM.Collect$$rtentry$$00000000) refers (Special) to __rtentry2.o(.ARM.Collect$$rtentry$$0000000D) for __rt_entry_main
    __rtentry.o(.ARM.Collect$$rtentry$$00000000) refers (Special) to __rtentry2.o(.ARM.Collect$$rtentry$$0000000C) for __rt_entry_postli_1
    __rtentry.o(.ARM.Collect$$rtentry$$00000000) refers (Special) to __rtentry2.o(.ARM.Collect$$rtentry$$00000009) for __rt_entry_postsh_1
    __rtentry.o(.ARM.Collect$$rtentry$$00000000) refers (Special) to __rtentry2.o(.ARM.Collect$$rtentry$$00000002) for __rt_entry_presh_1
    __rtentry.o(.ARM.Collect$$rtentry$$00000000) refers (Special) to __rtentry4.o(.ARM.Collect$$rtentry$$00000004) for __rt_entry_sh
    _printf_fp_dec.o(.text) refers (Special) to usenofp.o(x$fpl$usenofp) for __I$use$fp
    _printf_fp_dec.o(.text) refers (Special) to lc_numeric_c.o(locale$$code) for _get_lc_numeric
    _printf_fp_dec.o(.text) refers to bigflt0.o(.text) for _btod_etento
    _printf_fp_dec.o(.text) refers to btod.o(CL$$btod_d2e) for _btod_d2e
    _printf_fp_dec.o(.text) refers to btod.o(CL$$btod_ediv) for _btod_ediv
    _printf_fp_dec.o(.text) refers to btod.o(CL$$btod_emul) for _btod_emul
    _printf_fp_dec.o(.text) refers to lludiv10.o(.text) for _ll_udiv10
    _printf_fp_dec.o(.text) refers to fpclassify.o(i.__ARM_fpclassify) for __ARM_fpclassify
    _printf_fp_dec.o(.text) refers to _printf_fp_infnan.o(.text) for _printf_fp_infnan
    _printf_fp_dec.o(.text) refers to rt_locale_intlibspace.o(.text) for __rt_locale
    _printf_char_common.o(.text) refers to __printf.o(.text) for __printf
    dcmpi.o(x$fpl$dcmpinf) refers (Special) to usenofp.o(x$fpl$usenofp) for __I$use$fp
    dnaninf.o(x$fpl$dnaninf) refers (Special) to usenofp.o(x$fpl$usenofp) for __I$use$fp
    dretinf.o(x$fpl$dretinf) refers (Special) to usenofp.o(x$fpl$usenofp) for __I$use$fp
    fnaninf.o(x$fpl$fnaninf) refers (Special) to usenofp.o(x$fpl$usenofp) for __I$use$fp
    __rtentry2.o(.ARM.Collect$$rtentry$$00000008) refers to boardinit2.o(.text) for _platform_post_stackheap_init
    __rtentry2.o(.ARM.Collect$$rtentry$$0000000A) refers to libinit.o(.ARM.Collect$$libinit$$00000000) for __rt_lib_init
    __rtentry2.o(.ARM.Collect$$rtentry$$0000000B) refers to boardinit3.o(.text) for _platform_post_lib_init
    __rtentry2.o(.ARM.Collect$$rtentry$$0000000D) refers to main.o(i.main) for main
    __rtentry2.o(.ARM.Collect$$rtentry$$0000000D) refers to exit.o(.text) for exit
    __rtentry2.o(.ARM.exidx) refers to __rtentry2.o(.ARM.Collect$$rtentry$$00000001) for .ARM.Collect$$rtentry$$00000001
    __rtentry2.o(.ARM.exidx) refers to __rtentry2.o(.ARM.Collect$$rtentry$$00000008) for .ARM.Collect$$rtentry$$00000008
    __rtentry2.o(.ARM.exidx) refers to __rtentry2.o(.ARM.Collect$$rtentry$$0000000A) for .ARM.Collect$$rtentry$$0000000A
    __rtentry2.o(.ARM.exidx) refers to __rtentry2.o(.ARM.Collect$$rtentry$$0000000B) for .ARM.Collect$$rtentry$$0000000B
    __rtentry2.o(.ARM.exidx) refers to __rtentry2.o(.ARM.Collect$$rtentry$$0000000D) for .ARM.Collect$$rtentry$$0000000D
    __rtentry4.o(.ARM.Collect$$rtentry$$00000004) refers to sys_stackheap_outer.o(.text) for __user_setup_stackheap
    __rtentry4.o(.ARM.exidx) refers to __rtentry4.o(.ARM.Collect$$rtentry$$00000004) for .ARM.Collect$$rtentry$$00000004
    rt_locale.o(.text) refers to rt_locale.o(.bss) for __rt_locale_data
    rt_locale_intlibspace.o(.text) refers to libspace.o(.bss) for __libspace_start
    bigflt0.o(.text) refers (Special) to usenofp.o(x$fpl$usenofp) for __I$use$fp
    bigflt0.o(.text) refers to btod.o(CL$$btod_emul) for _btod_emul
    bigflt0.o(.text) refers to btod.o(CL$$btod_ediv) for _btod_ediv
    bigflt0.o(.text) refers to bigflt0.o(.constdata) for .constdata
    bigflt0.o(.constdata) refers (Special) to usenofp.o(x$fpl$usenofp) for __I$use$fp
    btod.o(CL$$btod_d2e) refers (Special) to usenofp.o(x$fpl$usenofp) for __I$use$fp
    btod.o(CL$$btod_d2e) refers to btod.o(CL$$btod_d2e_norm_op1) for _d2e_norm_op1
    btod.o(CL$$btod_d2e_norm_op1) refers (Special) to usenofp.o(x$fpl$usenofp) for __I$use$fp
    btod.o(CL$$btod_d2e_norm_op1) refers to btod.o(CL$$btod_d2e_denorm_low) for _d2e_denorm_low
    btod.o(CL$$btod_d2e_denorm_low) refers (Special) to usenofp.o(x$fpl$usenofp) for __I$use$fp
    btod.o(CL$$btod_emul) refers (Special) to usenofp.o(x$fpl$usenofp) for __I$use$fp
    btod.o(CL$$btod_emul) refers to btod.o(CL$$btod_mult_common) for __btod_mult_common
    btod.o(CL$$btod_emul) refers to btod.o(CL$$btod_e2e) for _e2e
    btod.o(CL$$btod_ediv) refers (Special) to usenofp.o(x$fpl$usenofp) for __I$use$fp
    btod.o(CL$$btod_ediv) refers to btod.o(CL$$btod_div_common) for __btod_div_common
    btod.o(CL$$btod_ediv) refers to btod.o(CL$$btod_e2e) for _e2e
    btod.o(CL$$btod_emuld) refers (Special) to usenofp.o(x$fpl$usenofp) for __I$use$fp
    btod.o(CL$$btod_emuld) refers to btod.o(CL$$btod_mult_common) for __btod_mult_common
    btod.o(CL$$btod_emuld) refers to btod.o(CL$$btod_e2d) for _e2d
    btod.o(CL$$btod_edivd) refers (Special) to usenofp.o(x$fpl$usenofp) for __I$use$fp
    btod.o(CL$$btod_edivd) refers to btod.o(CL$$btod_div_common) for __btod_div_common
    btod.o(CL$$btod_edivd) refers to btod.o(CL$$btod_e2d) for _e2d
    btod.o(CL$$btod_e2e) refers (Special) to usenofp.o(x$fpl$usenofp) for __I$use$fp
    btod.o(CL$$btod_e2d) refers (Special) to usenofp.o(x$fpl$usenofp) for __I$use$fp
    btod.o(CL$$btod_e2d) refers to btod.o(CL$$btod_e2e) for _e2e
    btod.o(CL$$btod_mult_common) refers (Special) to usenofp.o(x$fpl$usenofp) for __I$use$fp
    btod.o(CL$$btod_div_common) refers (Special) to usenofp.o(x$fpl$usenofp) for __I$use$fp
    lc_numeric_c.o(locale$$data) refers (Special) to libinit2.o(.ARM.Collect$$libinit$$00000016) for __rt_lib_init_lc_numeric_2
    lc_numeric_c.o(locale$$code) refers (Special) to libinit2.o(.ARM.Collect$$libinit$$00000016) for __rt_lib_init_lc_numeric_2
    lc_numeric_c.o(locale$$code) refers to strcmpv7m.o(.text) for strcmp
    lc_numeric_c.o(locale$$code) refers to lc_numeric_c.o(locale$$data) for __lcnum_c_name
    istatus.o(x$fpl$ieeestatus) refers (Special) to usenofp.o(x$fpl$usenofp) for __I$use$fp
    fpclassify.o(i.__ARM_fpclassify) refers (Special) to usenofp.o(x$fpl$usenofp) for __I$use$fp
    libspace.o(.text) refers to libspace.o(.bss) for __libspace_start
    sys_stackheap_outer.o(.text) refers to libspace.o(.text) for __user_perproc_libspace
    sys_stackheap_outer.o(.text) refers to startup_mk64f12.o(.text) for __user_initial_stackheap
    exit.o(.text) refers to rtexit.o(.ARM.Collect$$rtexit$$00000000) for __rt_exit
    libinit.o(.ARM.Collect$$libinit$$00000000) refers (Special) to libinit2.o(.ARM.Collect$$libinit$$0000002E) for __rt_lib_init_alloca_1
    libinit.o(.ARM.Collect$$libinit$$00000000) refers (Special) to libinit2.o(.ARM.Collect$$libinit$$0000002C) for __rt_lib_init_argv_1
    libinit.o(.ARM.Collect$$libinit$$00000000) refers (Special) to libinit2.o(.ARM.Collect$$libinit$$0000001B) for __rt_lib_init_atexit_1
    libinit.o(.ARM.Collect$$libinit$$00000000) refers (Special) to libinit2.o(.ARM.Collect$$libinit$$00000021) for __rt_lib_init_clock_1
    libinit.o(.ARM.Collect$$libinit$$00000000) refers (Special) to libinit2.o(.ARM.Collect$$libinit$$00000032) for __rt_lib_init_cpp_1
    libinit.o(.ARM.Collect$$libinit$$00000000) refers (Special) to libinit2.o(.ARM.Collect$$libinit$$00000030) for __rt_lib_init_exceptions_1
    libinit.o(.ARM.Collect$$libinit$$00000000) refers (Special) to libinit2.o(.ARM.Collect$$libinit$$00000001) for __rt_lib_init_fp_1
    libinit.o(.ARM.Collect$$libinit$$00000000) refers (Special) to libinit2.o(.ARM.Collect$$libinit$$0000001F) for __rt_lib_init_fp_trap_1
    libinit.o(.ARM.Collect$$libinit$$00000000) refers (Special) to libinit2.o(.ARM.Collect$$libinit$$00000023) for __rt_lib_init_getenv_1
    libinit.o(.ARM.Collect$$libinit$$00000000) refers (Special) to libinit2.o(.ARM.Collect$$libinit$$0000000A) for __rt_lib_init_heap_1
    libinit.o(.ARM.Collect$$libinit$$00000000) refers (Special) to libinit2.o(.ARM.Collect$$libinit$$00000011) for __rt_lib_init_lc_collate_1
    libinit.o(.ARM.Collect$$libinit$$00000000) refers (Special) to libinit2.o(.ARM.Collect$$libinit$$00000013) for __rt_lib_init_lc_ctype_1
    libinit.o(.ARM.Collect$$libinit$$00000000) refers (Special) to libinit2.o(.ARM.Collect$$libinit$$00000015) for __rt_lib_init_lc_monetary_1
    libinit.o(.ARM.Collect$$libinit$$00000000) refers (Special) to libinit2.o(.ARM.Collect$$libinit$$00000017) for __rt_lib_init_lc_numeric_1
    libinit.o(.ARM.Collect$$libinit$$00000000) refers (Special) to libinit2.o(.ARM.Collect$$libinit$$00000019) for __rt_lib_init_lc_time_1
    libinit.o(.ARM.Collect$$libinit$$00000000) refers (Special) to libinit2.o(.ARM.Collect$$libinit$$00000004) for __rt_lib_init_preinit_1
    libinit.o(.ARM.Collect$$libinit$$00000000) refers (Special) to libinit2.o(.ARM.Collect$$libinit$$0000000E) for __rt_lib_init_rand_1
    libinit.o(.ARM.Collect$$libinit$$00000000) refers (Special) to libinit2.o(.ARM.Collect$$libinit$$00000033) for __rt_lib_init_return
    libinit.o(.ARM.Collect$$libinit$$00000000) refers (Special) to libinit2.o(.ARM.Collect$$libinit$$0000001D) for __rt_lib_init_signal_1
    libinit.o(.ARM.Collect$$libinit$$00000000) refers (Special) to libinit2.o(.ARM.Collect$$libinit$$00000025) for __rt_lib_init_stdio_1
    libinit.o(.ARM.Collect$$libinit$$00000000) refers (Special) to libinit2.o(.ARM.Collect$$libinit$$0000000C) for __rt_lib_init_user_alloc_1
    libinit2.o(.ARM.Collect$$libinit$$00000001) refers to fpinit.o(x$fpl$fpinit) for _fp_init
    libinit2.o(.ARM.Collect$$libinit$$0000000F) refers (Weak) to rt_locale_intlibspace.o(.text) for __rt_locale
    libinit2.o(.ARM.Collect$$libinit$$00000010) refers to libinit2.o(.ARM.Collect$$libinit$$0000000F) for .ARM.Collect$$libinit$$0000000F
    libinit2.o(.ARM.Collect$$libinit$$00000012) refers to libinit2.o(.ARM.Collect$$libinit$$0000000F) for .ARM.Collect$$libinit$$0000000F
    libinit2.o(.ARM.Collect$$libinit$$00000014) refers to libinit2.o(.ARM.Collect$$libinit$$0000000F) for .ARM.Collect$$libinit$$0000000F
    libinit2.o(.ARM.Collect$$libinit$$00000016) refers to libinit2.o(.ARM.Collect$$libinit$$0000000F) for .ARM.Collect$$libinit$$0000000F
    libinit2.o(.ARM.Collect$$libinit$$00000016) refers (Weak) to lc_numeric_c.o(locale$$code) for _get_lc_numeric
    libinit2.o(.ARM.Collect$$libinit$$00000018) refers to libinit2.o(.ARM.Collect$$libinit$$0000000F) for .ARM.Collect$$libinit$$0000000F
    libinit2.o(.ARM.Collect$$libinit$$00000026) refers to argv_veneer.o(.emb_text) for __ARM_argv_veneer
    libinit2.o(.ARM.Collect$$libinit$$00000027) refers to argv_veneer.o(.emb_text) for __ARM_argv_veneer
    rtexit.o(.ARM.Collect$$rtexit$$00000000) refers (Special) to rtexit2.o(.ARM.Collect$$rtexit$$00000004) for __rt_exit_exit
    rtexit.o(.ARM.Collect$$rtexit$$00000000) refers (Special) to rtexit2.o(.ARM.Collect$$rtexit$$00000003) for __rt_exit_ls
    rtexit.o(.ARM.Collect$$rtexit$$00000000) refers (Special) to rtexit2.o(.ARM.Collect$$rtexit$$00000002) for __rt_exit_prels_1
    rtexit.o(.ARM.exidx) refers (Special) to rtexit2.o(.ARM.Collect$$rtexit$$00000004) for __rt_exit_exit
    rtexit.o(.ARM.exidx) refers (Special) to rtexit2.o(.ARM.Collect$$rtexit$$00000003) for __rt_exit_ls
    rtexit.o(.ARM.exidx) refers (Special) to rtexit2.o(.ARM.Collect$$rtexit$$00000002) for __rt_exit_prels_1
    rtexit.o(.ARM.exidx) refers to rtexit.o(.ARM.Collect$$rtexit$$00000000) for .ARM.Collect$$rtexit$$00000000
    argv_veneer.o(.emb_text) refers to no_argv.o(.text) for __ARM_get_argv
    rtexit2.o(.ARM.Collect$$rtexit$$00000003) refers to libshutdown.o(.ARM.Collect$$libshutdown$$00000000) for __rt_lib_shutdown
    rtexit2.o(.ARM.Collect$$rtexit$$00000004) refers to sys_exit.o(.text) for _sys_exit
    rtexit2.o(.ARM.exidx) refers to rtexit2.o(.ARM.Collect$$rtexit$$00000001) for .ARM.Collect$$rtexit$$00000001
    rtexit2.o(.ARM.exidx) refers to rtexit2.o(.ARM.Collect$$rtexit$$00000003) for .ARM.Collect$$rtexit$$00000003
    rtexit2.o(.ARM.exidx) refers to rtexit2.o(.ARM.Collect$$rtexit$$00000004) for .ARM.Collect$$rtexit$$00000004
    _get_argv_nomalloc.o(.text) refers (Special) to hrguard.o(.text) for __heap_region$guard
    _get_argv_nomalloc.o(.text) refers to defsig_rtmem_outer.o(.text) for __rt_SIGRTMEM
    _get_argv_nomalloc.o(.text) refers to sys_command.o(.text) for _sys_command_string
    sys_command.o(.text) refers (Special) to use_no_semi.o(.text) for __I$use$semihosting
    sys_command.o(.text) refers (Special) to indicate_semi.o(.text) for __semihosting_library_function
    sys_exit.o(.text) refers (Special) to use_no_semi.o(.text) for __I$use$semihosting
    sys_exit.o(.text) refers (Special) to indicate_semi.o(.text) for __semihosting_library_function
    defsig_rtmem_outer.o(.text) refers to defsig_rtmem_inner.o(.text) for __rt_SIGRTMEM_inner
    defsig_rtmem_outer.o(.text) refers to defsig_exit.o(.text) for __sig_exit
    defsig_rtmem_formal.o(.text) refers to rt_raise.o(.text) for __rt_raise
    libshutdown.o(.ARM.Collect$$libshutdown$$00000000) refers (Special) to libshutdown2.o(.ARM.Collect$$libshutdown$$00000002) for __rt_lib_shutdown_cpp_1
    libshutdown.o(.ARM.Collect$$libshutdown$$00000000) refers (Special) to libshutdown2.o(.ARM.Collect$$libshutdown$$00000007) for __rt_lib_shutdown_fp_trap_1
    libshutdown.o(.ARM.Collect$$libshutdown$$00000000) refers (Special) to libshutdown2.o(.ARM.Collect$$libshutdown$$0000000F) for __rt_lib_shutdown_heap_1
    libshutdown.o(.ARM.Collect$$libshutdown$$00000000) refers (Special) to libshutdown2.o(.ARM.Collect$$libshutdown$$00000010) for __rt_lib_shutdown_return
    libshutdown.o(.ARM.Collect$$libshutdown$$00000000) refers (Special) to libshutdown2.o(.ARM.Collect$$libshutdown$$0000000A) for __rt_lib_shutdown_signal_1
    libshutdown.o(.ARM.Collect$$libshutdown$$00000000) refers (Special) to libshutdown2.o(.ARM.Collect$$libshutdown$$00000004) for __rt_lib_shutdown_stdio_1
    libshutdown.o(.ARM.Collect$$libshutdown$$00000000) refers (Special) to libshutdown2.o(.ARM.Collect$$libshutdown$$0000000C) for __rt_lib_shutdown_user_alloc_1
    rt_raise.o(.text) refers to __raise.o(.text) for __raise
    rt_raise.o(.text) refers to sys_exit.o(.text) for _sys_exit
    defsig_exit.o(.text) refers to sys_exit.o(.text) for _sys_exit
    defsig_rtmem_inner.o(.text) refers to defsig_general.o(.text) for __default_signal_display
    __raise.o(.text) refers to defsig.o(CL$$defsig) for __default_signal_handler
    defsig_general.o(.text) refers to sys_wrch.o(.text) for _ttywrch
    sys_wrch.o(.text) refers (Special) to use_no_semi.o(.text) for __I$use$semihosting
    sys_wrch.o(.text) refers (Special) to indicate_semi.o(.text) for __semihosting_library_function
    defsig.o(CL$$defsig) refers to defsig_rtmem_inner.o(.text) for __rt_SIGRTMEM_inner
    defsig_abrt_inner.o(.text) refers to defsig_general.o(.text) for __default_signal_display
    defsig_fpe_inner.o(.text) refers to defsig_general.o(.text) for __default_signal_display
    defsig_rtred_inner.o(.text) refers to defsig_general.o(.text) for __default_signal_display
    defsig_stak_inner.o(.text) refers to defsig_general.o(.text) for __default_signal_display
    defsig_pvfn_inner.o(.text) refers to defsig_general.o(.text) for __default_signal_display
    defsig_cppl_inner.o(.text) refers to defsig_general.o(.text) for __default_signal_display
    defsig_segv_inner.o(.text) refers to defsig_general.o(.text) for __default_signal_display
    defsig_other.o(.text) refers to defsig_general.o(.text) for __default_signal_display


==============================================================================

Removing Unused input sections from the image.

    Removing main.o(.rev16_text), (4 bytes).
    Removing main.o(.revsh_text), (4 bytes).
    Removing main.o(.rrx_text), (6 bytes).
    Removing main.o(i.printLine), (124 bytes).
    Removing main.o(.constdata), (36 bytes).
    Removing pwm.o(.rev16_text), (4 bytes).
    Removing pwm.o(.revsh_text), (4 bytes).
    Removing pwm.o(.rrx_text), (6 bytes).
    Removing uart.o(.rev16_text), (4 bytes).
    Removing uart.o(.revsh_text), (4 bytes).
    Removing uart.o(.rrx_text), (6 bytes).
    Removing uart.o(i.get), (48 bytes).
    Removing uart.o(i.uart_getchar), (24 bytes).
    Removing inits.o(.rev16_text), (4 bytes).
    Removing inits.o(.revsh_text), (4 bytes).
    Removing inits.o(.rrx_text), (6 bytes).
    Removing inits.o(i.init_ADC0), (160 bytes).
    Removing inits.o(i.init_FTM2), (156 bytes).
    Removing isr.o(.rev16_text), (4 bytes).
    Removing isr.o(.revsh_text), (4 bytes).
    Removing isr.o(.rrx_text), (6 bytes).
    Removing bluetooth.o(.rev16_text), (4 bytes).
    Removing bluetooth.o(.revsh_text), (4 bytes).
    Removing bluetooth.o(.rrx_text), (6 bytes).
    Removing bluetooth.o(.data), (4 bytes).
    Removing leds.o(.rev16_text), (4 bytes).
    Removing leds.o(.revsh_text), (4 bytes).
    Removing leds.o(.rrx_text), (6 bytes).
    Removing ultrasonic.o(.rev16_text), (4 bytes).
    Removing ultrasonic.o(.revsh_text), (4 bytes).
    Removing ultrasonic.o(.rrx_text), (6 bytes).
    Removing system_mk64f12.o(.rev16_text), (4 bytes).
    Removing system_mk64f12.o(.revsh_text), (4 bytes).
    Removing system_mk64f12.o(.rrx_text), (6 bytes).
    Removing system_mk64f12.o(i.SystemCoreClockUpdate), (344 bytes).
    Removing system_mk64f12.o(.data), (4 bytes).

36 unused section(s) (total 1026 bytes) removed from the image.

==============================================================================

Image Symbol Table

    Local Symbols

    Symbol Name                              Value     Ov Type        Size  Object(Section)

    RESET                                    0x00000000   Section     1024  startup_mk64f12.o(RESET)
    ../clib/angel/boardlib.s                 0x00000000   Number         0  boardinit1.o ABSOLUTE
    ../clib/angel/boardlib.s                 0x00000000   Number         0  boardinit2.o ABSOLUTE
    ../clib/angel/boardlib.s                 0x00000000   Number         0  boardshut.o ABSOLUTE
    ../clib/angel/boardlib.s                 0x00000000   Number         0  boardinit3.o ABSOLUTE
    ../clib/angel/handlers.s                 0x00000000   Number         0  __scatter_copy.o ABSOLUTE
    ../clib/angel/handlers.s                 0x00000000   Number         0  __scatter_zi.o ABSOLUTE
    ../clib/angel/kernel.s                   0x00000000   Number         0  rtexit.o ABSOLUTE
    ../clib/angel/kernel.s                   0x00000000   Number         0  __rtentry2.o ABSOLUTE
    ../clib/angel/kernel.s                   0x00000000   Number         0  __rtentry4.o ABSOLUTE
    ../clib/angel/kernel.s                   0x00000000   Number         0  __rtentry.o ABSOLUTE
    ../clib/angel/kernel.s                   0x00000000   Number         0  rtexit2.o ABSOLUTE
    ../clib/angel/rt.s                       0x00000000   Number         0  rt_raise.o ABSOLUTE
    ../clib/angel/rt.s                       0x00000000   Number         0  rt_locale.o ABSOLUTE
    ../clib/angel/rt.s                       0x00000000   Number         0  rt_locale_intlibspace.o ABSOLUTE
    ../clib/angel/scatter.s                  0x00000000   Number         0  __scatter.o ABSOLUTE
    ../clib/angel/startup.s                  0x00000000   Number         0  __main.o ABSOLUTE
    ../clib/angel/sys.s                      0x00000000   Number         0  use_no_semi.o ABSOLUTE
    ../clib/angel/sys.s                      0x00000000   Number         0  libspace.o ABSOLUTE
    ../clib/angel/sys.s                      0x00000000   Number         0  indicate_semi.o ABSOLUTE
    ../clib/angel/sys.s                      0x00000000   Number         0  sys_stackheap_outer.o ABSOLUTE
    ../clib/angel/sysapp.c                   0x00000000   Number         0  sys_wrch.o ABSOLUTE
    ../clib/angel/sysapp.c                   0x00000000   Number         0  sys_exit.o ABSOLUTE
    ../clib/angel/sysapp.c                   0x00000000   Number         0  sys_command.o ABSOLUTE
    ../clib/armsys.c                         0x00000000   Number         0  argv_veneer.o ABSOLUTE
    ../clib/armsys.c                         0x00000000   Number         0  no_argv.o ABSOLUTE
    ../clib/armsys.c                         0x00000000   Number         0  _get_argv_nomalloc.o ABSOLUTE
    ../clib/armsys.c                         0x00000000   Number         0  argv_veneer.o ABSOLUTE
    ../clib/bigflt.c                         0x00000000   Number         0  bigflt0.o ABSOLUTE
    ../clib/btod.s                           0x00000000   Number         0  btod.o ABSOLUTE
    ../clib/heapalloc.c                      0x00000000   Number         0  hrguard.o ABSOLUTE
    ../clib/heapaux.c                        0x00000000   Number         0  heapauxi.o ABSOLUTE
    ../clib/libinit.s                        0x00000000   Number         0  libinit2.o ABSOLUTE
    ../clib/libinit.s                        0x00000000   Number         0  libinit.o ABSOLUTE
    ../clib/libinit.s                        0x00000000   Number         0  libshutdown2.o ABSOLUTE
    ../clib/libinit.s                        0x00000000   Number         0  libshutdown.o ABSOLUTE
    ../clib/locale.s                         0x00000000   Number         0  lc_numeric_c.o ABSOLUTE
    ../clib/longlong.s                       0x00000000   Number         0  lludiv10.o ABSOLUTE
    ../clib/memcpset.s                       0x00000000   Number         0  strcmpv7m.o ABSOLUTE
    ../clib/printf.c                         0x00000000   Number         0  __printf_flags.o ABSOLUTE
    ../clib/printf.c                         0x00000000   Number         0  __printf.o ABSOLUTE
    ../clib/printf.c                         0x00000000   Number         0  _printf_fp_infnan.o ABSOLUTE
    ../clib/printf.c                         0x00000000   Number         0  __printf_nopercent.o ABSOLUTE
    ../clib/printf.c                         0x00000000   Number         0  _printf_intcommon.o ABSOLUTE
    ../clib/printf.c                         0x00000000   Number         0  _sputc.o ABSOLUTE
    ../clib/printf.c                         0x00000000   Number         0  __printf_ss_wp.o ABSOLUTE
    ../clib/printf.c                         0x00000000   Number         0  __printf_flags_ss_wp.o ABSOLUTE
    ../clib/printf.c                         0x00000000   Number         0  _printf_dec.o ABSOLUTE
    ../clib/printf.c                         0x00000000   Number         0  _printf_fp_dec.o ABSOLUTE
    ../clib/printf.c                         0x00000000   Number         0  __printf_flags_wp.o ABSOLUTE
    ../clib/printf.c                         0x00000000   Number         0  __printf_wp.o ABSOLUTE
    ../clib/printf.c                         0x00000000   Number         0  __printf_flags_ss.o ABSOLUTE
    ../clib/printf.c                         0x00000000   Number         0  __printf_ss.o ABSOLUTE
    ../clib/printf.c                         0x00000000   Number         0  _printf_char_common.o ABSOLUTE
    ../clib/printf.c                         0x00000000   Number         0  __2sprintf.o ABSOLUTE
    ../clib/printf.c                         0x00000000   Number         0  noretval__2sprintf.o ABSOLUTE
    ../clib/printf_percent.s                 0x00000000   Number         0  _printf_percent_end.o ABSOLUTE
    ../clib/printf_percent.s                 0x00000000   Number         0  _printf_percent.o ABSOLUTE
    ../clib/printf_percent.s                 0x00000000   Number         0  _printf_g.o ABSOLUTE
    ../clib/printf_percent.s                 0x00000000   Number         0  _printf_i.o ABSOLUTE
    ../clib/signal.c                         0x00000000   Number         0  defsig_rtmem_formal.o ABSOLUTE
    ../clib/signal.c                         0x00000000   Number         0  defsig_rtmem_inner.o ABSOLUTE
    ../clib/signal.c                         0x00000000   Number         0  defsig_exit.o ABSOLUTE
    ../clib/signal.c                         0x00000000   Number         0  defsig_cppl_inner.o ABSOLUTE
    ../clib/signal.c                         0x00000000   Number         0  defsig_rtmem_outer.o ABSOLUTE
    ../clib/signal.c                         0x00000000   Number         0  defsig_other.o ABSOLUTE
    ../clib/signal.c                         0x00000000   Number         0  defsig_segv_inner.o ABSOLUTE
    ../clib/signal.c                         0x00000000   Number         0  defsig_pvfn_inner.o ABSOLUTE
    ../clib/signal.c                         0x00000000   Number         0  defsig_stak_inner.o ABSOLUTE
    ../clib/signal.c                         0x00000000   Number         0  defsig_rtred_inner.o ABSOLUTE
    ../clib/signal.c                         0x00000000   Number         0  defsig_fpe_inner.o ABSOLUTE
    ../clib/signal.c                         0x00000000   Number         0  defsig_abrt_inner.o ABSOLUTE
    ../clib/signal.c                         0x00000000   Number         0  defsig_general.o ABSOLUTE
    ../clib/signal.c                         0x00000000   Number         0  __raise.o ABSOLUTE
    ../clib/signal.s                         0x00000000   Number         0  defsig.o ABSOLUTE
    ../clib/stdlib.c                         0x00000000   Number         0  exit.o ABSOLUTE
    ../fplib/dcmpi.s                         0x00000000   Number         0  dcmpi.o ABSOLUTE
    ../fplib/dleqf.s                         0x00000000   Number         0  dleqf.o ABSOLUTE
    ../fplib/dnaninf.s                       0x00000000   Number         0  dnaninf.o ABSOLUTE
    ../fplib/dretinf.s                       0x00000000   Number         0  dretinf.o ABSOLUTE
    ../fplib/f2d.s                           0x00000000   Number         0  f2d.o ABSOLUTE
    ../fplib/fnaninf.s                       0x00000000   Number         0  fnaninf.o ABSOLUTE
    ../fplib/fpinit.s                        0x00000000   Number         0  fpinit.o ABSOLUTE
    ../fplib/istatus.s                       0x00000000   Number         0  istatus.o ABSOLUTE
    ../fplib/printf1.s                       0x00000000   Number         0  printf1.o ABSOLUTE
    ../fplib/usenofp.s                       0x00000000   Number         0  usenofp.o ABSOLUTE
    ../mathlib/fpclassify.c                  0x00000000   Number         0  fpclassify.o ABSOLUTE
    Bluetooth.c                              0x00000000   Number         0  bluetooth.o ABSOLUTE
    Bluetooth.c                              0x00000000   Number         0  bluetooth.o ABSOLUTE
    GPS.c                                    0x00000000   Number         0  gps.o ABSOLUTE
    LEDS.c                                   0x00000000   Number         0  leds.o ABSOLUTE
    LEDS.c                                   0x00000000   Number         0  leds.o ABSOLUTE
    RTE\Device\MK64FN1M0xxx12\startup_MK64F12.s 0x00000000   Number         0  startup_mk64f12.o ABSOLUTE
    RTE\Device\MK64FN1M0xxx12\system_MK64F12.c 0x00000000   Number         0  system_mk64f12.o ABSOLUTE
    RTE\\Device\\MK64FN1M0xxx12\\system_MK64F12.c 0x00000000   Number         0  system_mk64f12.o ABSOLUTE
    dc.s                                     0x00000000   Number         0  dc.o ABSOLUTE
    inits.c                                  0x00000000   Number         0  inits.o ABSOLUTE
    inits.c                                  0x00000000   Number         0  inits.o ABSOLUTE
    isr.c                                    0x00000000   Number         0  isr.o ABSOLUTE
    isr.c                                    0x00000000   Number         0  isr.o ABSOLUTE
    main.c                                   0x00000000   Number         0  main.o ABSOLUTE
    main.c                                   0x00000000   Number         0  main.o ABSOLUTE
    pwm.c                                    0x00000000   Number         0  pwm.o ABSOLUTE
    pwm.c                                    0x00000000   Number         0  pwm.o ABSOLUTE
    uart.c                                   0x00000000   Number         0  uart.o ABSOLUTE
    uart.c                                   0x00000000   Number         0  uart.o ABSOLUTE
    ultrasonic.c                             0x00000000   Number         0  ultrasonic.o ABSOLUTE
    ultrasonic.c                             0x00000000   Number         0  ultrasonic.o ABSOLUTE
    .ARM.__at_0x400                          0x00000400   Section       16  startup_mk64f12.o(.ARM.__at_0x400)
    !!!main                                  0x00000410   Section        8  __main.o(!!!main)
    !!!scatter                               0x00000418   Section       52  __scatter.o(!!!scatter)
    !!handler_copy                           0x0000044c   Section       26  __scatter_copy.o(!!handler_copy)
    !!handler_zi                             0x00000468   Section       28  __scatter_zi.o(!!handler_zi)
    .ARM.Collect$$_printf_percent$$00000000  0x00000484   Section        0  _printf_percent.o(.ARM.Collect$$_printf_percent$$00000000)
    .ARM.Collect$$_printf_percent$$00000005  0x00000484   Section        6  _printf_g.o(.ARM.Collect$$_printf_percent$$00000005)
    .ARM.Collect$$_printf_percent$$00000017  0x0000048a   Section        4  _printf_percent_end.o(.ARM.Collect$$_printf_percent$$00000017)
    .ARM.Collect$$libinit$$00000000          0x0000048e   Section        2  libinit.o(.ARM.Collect$$libinit$$00000000)
    .ARM.Collect$$libinit$$00000001          0x00000490   Section        4  libinit2.o(.ARM.Collect$$libinit$$00000001)
    .ARM.Collect$$libinit$$00000004          0x00000494   Section        0  libinit2.o(.ARM.Collect$$libinit$$00000004)
    .ARM.Collect$$libinit$$0000000A          0x00000494   Section        0  libinit2.o(.ARM.Collect$$libinit$$0000000A)
    .ARM.Collect$$libinit$$0000000C          0x00000494   Section        0  libinit2.o(.ARM.Collect$$libinit$$0000000C)
    .ARM.Collect$$libinit$$0000000E          0x00000494   Section        0  libinit2.o(.ARM.Collect$$libinit$$0000000E)
    .ARM.Collect$$libinit$$0000000F          0x00000494   Section        6  libinit2.o(.ARM.Collect$$libinit$$0000000F)
    .ARM.Collect$$libinit$$00000011          0x0000049a   Section        0  libinit2.o(.ARM.Collect$$libinit$$00000011)
    .ARM.Collect$$libinit$$00000013          0x0000049a   Section        0  libinit2.o(.ARM.Collect$$libinit$$00000013)
    .ARM.Collect$$libinit$$00000015          0x0000049a   Section        0  libinit2.o(.ARM.Collect$$libinit$$00000015)
    .ARM.Collect$$libinit$$00000016          0x0000049a   Section       10  libinit2.o(.ARM.Collect$$libinit$$00000016)
    .ARM.Collect$$libinit$$00000017          0x000004a4   Section        0  libinit2.o(.ARM.Collect$$libinit$$00000017)
    .ARM.Collect$$libinit$$00000019          0x000004a4   Section        0  libinit2.o(.ARM.Collect$$libinit$$00000019)
    .ARM.Collect$$libinit$$0000001B          0x000004a4   Section        0  libinit2.o(.ARM.Collect$$libinit$$0000001B)
    .ARM.Collect$$libinit$$0000001D          0x000004a4   Section        0  libinit2.o(.ARM.Collect$$libinit$$0000001D)
    .ARM.Collect$$libinit$$0000001F          0x000004a4   Section        0  libinit2.o(.ARM.Collect$$libinit$$0000001F)
    .ARM.Collect$$libinit$$00000021          0x000004a4   Section        0  libinit2.o(.ARM.Collect$$libinit$$00000021)
    .ARM.Collect$$libinit$$00000023          0x000004a4   Section        0  libinit2.o(.ARM.Collect$$libinit$$00000023)
    .ARM.Collect$$libinit$$00000025          0x000004a4   Section        0  libinit2.o(.ARM.Collect$$libinit$$00000025)
    .ARM.Collect$$libinit$$0000002C          0x000004a4   Section        0  libinit2.o(.ARM.Collect$$libinit$$0000002C)
    .ARM.Collect$$libinit$$0000002E          0x000004a4   Section        0  libinit2.o(.ARM.Collect$$libinit$$0000002E)
    .ARM.Collect$$libinit$$00000030          0x000004a4   Section        0  libinit2.o(.ARM.Collect$$libinit$$00000030)
    .ARM.Collect$$libinit$$00000032          0x000004a4   Section        0  libinit2.o(.ARM.Collect$$libinit$$00000032)
    .ARM.Collect$$libinit$$00000033          0x000004a4   Section        2  libinit2.o(.ARM.Collect$$libinit$$00000033)
    .ARM.Collect$$libshutdown$$00000000      0x000004a6   Section        2  libshutdown.o(.ARM.Collect$$libshutdown$$00000000)
    .ARM.Collect$$libshutdown$$00000002      0x000004a8   Section        0  libshutdown2.o(.ARM.Collect$$libshutdown$$00000002)
    .ARM.Collect$$libshutdown$$00000004      0x000004a8   Section        0  libshutdown2.o(.ARM.Collect$$libshutdown$$00000004)
    .ARM.Collect$$libshutdown$$00000007      0x000004a8   Section        0  libshutdown2.o(.ARM.Collect$$libshutdown$$00000007)
    .ARM.Collect$$libshutdown$$0000000A      0x000004a8   Section        0  libshutdown2.o(.ARM.Collect$$libshutdown$$0000000A)
    .ARM.Collect$$libshutdown$$0000000C      0x000004a8   Section        0  libshutdown2.o(.ARM.Collect$$libshutdown$$0000000C)
    .ARM.Collect$$libshutdown$$0000000F      0x000004a8   Section        0  libshutdown2.o(.ARM.Collect$$libshutdown$$0000000F)
    .ARM.Collect$$libshutdown$$00000010      0x000004a8   Section        2  libshutdown2.o(.ARM.Collect$$libshutdown$$00000010)
    .ARM.Collect$$rtentry$$00000000          0x000004aa   Section        0  __rtentry.o(.ARM.Collect$$rtentry$$00000000)
    .ARM.Collect$$rtentry$$00000002          0x000004aa   Section        0  __rtentry2.o(.ARM.Collect$$rtentry$$00000002)
    .ARM.Collect$$rtentry$$00000004          0x000004aa   Section        6  __rtentry4.o(.ARM.Collect$$rtentry$$00000004)
    .ARM.Collect$$rtentry$$00000009          0x000004b0   Section        0  __rtentry2.o(.ARM.Collect$$rtentry$$00000009)
    .ARM.Collect$$rtentry$$0000000A          0x000004b0   Section        4  __rtentry2.o(.ARM.Collect$$rtentry$$0000000A)
    .ARM.Collect$$rtentry$$0000000C          0x000004b4   Section        0  __rtentry2.o(.ARM.Collect$$rtentry$$0000000C)
    .ARM.Collect$$rtentry$$0000000D          0x000004b4   Section        8  __rtentry2.o(.ARM.Collect$$rtentry$$0000000D)
    .ARM.Collect$$rtexit$$00000000           0x000004bc   Section        2  rtexit.o(.ARM.Collect$$rtexit$$00000000)
    .ARM.Collect$$rtexit$$00000002           0x000004be   Section        0  rtexit2.o(.ARM.Collect$$rtexit$$00000002)
    .ARM.Collect$$rtexit$$00000003           0x000004be   Section        4  rtexit2.o(.ARM.Collect$$rtexit$$00000003)
    .ARM.Collect$$rtexit$$00000004           0x000004c2   Section        6  rtexit2.o(.ARM.Collect$$rtexit$$00000004)
    .text                                    0x000004c8   Section       72  startup_mk64f12.o(.text)
    $v0                                      0x000004c8   Number         0  startup_mk64f12.o(.text)
    .text                                    0x00000510   Section        0  noretval__2sprintf.o(.text)
    .text                                    0x00000538   Section        0  __printf.o(.text)
    .text                                    0x000005a0   Section        0  heapauxi.o(.text)
    .text                                    0x000005a6   Section        0  _printf_fp_dec.o(.text)
    _fp_digits                               0x000005a9   Thumb Code   428  _printf_fp_dec.o(.text)
    .text                                    0x000009c0   Section        0  _printf_char_common.o(.text)
    _printf_input_char                       0x000009c1   Thumb Code    10  _printf_char_common.o(.text)
    .text                                    0x000009f0   Section        0  _sputc.o(.text)
    .text                                    0x000009fc   Section        8  rt_locale_intlibspace.o(.text)
    .text                                    0x00000a04   Section      138  lludiv10.o(.text)
    .text                                    0x00000a90   Section        0  _printf_fp_infnan.o(.text)
    .text                                    0x00000b10   Section        0  bigflt0.o(.text)
    .text                                    0x00000bec   Section        8  libspace.o(.text)
    .text                                    0x00000bf4   Section       74  sys_stackheap_outer.o(.text)
    .text                                    0x00000c3e   Section        0  exit.o(.text)
    .text                                    0x00000c50   Section      128  strcmpv7m.o(.text)
    .text                                    0x00000cd0   Section        0  sys_exit.o(.text)
    .text                                    0x00000cdc   Section        2  use_no_semi.o(.text)
    .text                                    0x00000cde   Section        0  indicate_semi.o(.text)
    CL$$btod_d2e                             0x00000cde   Section       62  btod.o(CL$$btod_d2e)
    CL$$btod_d2e_denorm_low                  0x00000d1c   Section       70  btod.o(CL$$btod_d2e_denorm_low)
    CL$$btod_d2e_norm_op1                    0x00000d62   Section       96  btod.o(CL$$btod_d2e_norm_op1)
    CL$$btod_div_common                      0x00000dc2   Section      824  btod.o(CL$$btod_div_common)
    CL$$btod_e2e                             0x000010fa   Section      198  btod.o(CL$$btod_e2e)
    CL$$btod_ediv                            0x000011c0   Section       40  btod.o(CL$$btod_ediv)
    CL$$btod_emul                            0x000011e8   Section       40  btod.o(CL$$btod_emul)
    CL$$btod_mult_common                     0x00001210   Section      580  btod.o(CL$$btod_mult_common)
    i.ADC0_IRQHandler                        0x00001454   Section        0  isr.o(i.ADC0_IRQHandler)
    i.FTM0_IRQHandler                        0x00001468   Section        0  pwm.o(i.FTM0_IRQHandler)
    i.FTM2_IRQHandler                        0x00001490   Section        0  isr.o(i.FTM2_IRQHandler)
    i.InitPWM                                0x000015f4   Section        0  pwm.o(i.InitPWM)
    i.LEDoff                                 0x000016e0   Section        0  leds.o(i.LEDoff)
    i.LEDon                                  0x000016fc   Section        0  leds.o(i.LEDon)
    i.LeftDuty                               0x000017ac   Section        0  pwm.o(i.LeftDuty)
    i.PIT0_IRQHandler                        0x0000181c   Section        0  ultrasonic.o(i.PIT0_IRQHandler)
    i.PORTA_IRQHandler                       0x000018c0   Section        0  isr.o(i.PORTA_IRQHandler)
    i.PORTC_IRQHandler                       0x000018d8   Section        0  isr.o(i.PORTC_IRQHandler)
    i.RightDuty                              0x000018e8   Section        0  pwm.o(i.RightDuty)
    i.SetDutyCycle                           0x00001958   Section        0  pwm.o(i.SetDutyCycle)
    i.SystemInit                             0x000019e4   Section        0  system_mk64f12.o(i.SystemInit)
    i.UART3_RX_TX_IRQHandler                 0x00001a84   Section        0  bluetooth.o(i.UART3_RX_TX_IRQHandler)
    i.__ARM_fpclassify                       0x00001c9c   Section        0  fpclassify.o(i.__ARM_fpclassify)
    i.__NVIC_EnableIRQ                       0x00001ccc   Section        0  inits.o(i.__NVIC_EnableIRQ)
    __NVIC_EnableIRQ                         0x00001ccd   Thumb Code    26  inits.o(i.__NVIC_EnableIRQ)
    i.calc                                   0x00001ce8   Section        0  main.o(i.calc)
    i.delay                                  0x00001d80   Section        0  main.o(i.delay)
    i.demo                                   0x00001d94   Section        0  main.o(i.demo)
    i.distanceCalc                           0x00001ea8   Section        0  main.o(i.distanceCalc)
    i.getGPS                                 0x00001fb8   Section        0  main.o(i.getGPS)
    i.getUltrasonic                          0x00001fbc   Section        0  ultrasonic.o(i.getUltrasonic)
    i.init_BT                                0x00002094   Section        0  bluetooth.o(i.init_BT)
    i.init_GPIO                              0x0000213c   Section        0  inits.o(i.init_GPIO)
    i.init_LEDS                              0x00002208   Section        0  leds.o(i.init_LEDS)
    i.init_PIT                               0x0000228c   Section        0  ultrasonic.o(i.init_PIT)
    i.init_ultrasonic                        0x000022fc   Section        0  ultrasonic.o(i.init_ultrasonic)
    i.initialize                             0x00002388   Section        0  main.o(i.initialize)
    i.main                                   0x000023a4   Section        0  main.o(i.main)
    i.normalSet                              0x00002484   Section        0  main.o(i.normalSet)
    i.put                                    0x000024ec   Section        0  uart.o(i.put)
    i.turn                                   0x00002504   Section        0  main.o(i.turn)
    i.turnCalc                               0x0000265c   Section        0  main.o(i.turnCalc)
    i.uart_init                              0x00002688   Section        0  uart.o(i.uart_init)
    i.uart_putchar                           0x00002714   Section        0  uart.o(i.uart_putchar)
    locale$$code                             0x0000272c   Section       44  lc_numeric_c.o(locale$$code)
    x$fpl$dcmpinf                            0x00002758   Section       24  dcmpi.o(x$fpl$dcmpinf)
    $v0                                      0x00002758   Number         0  dcmpi.o(x$fpl$dcmpinf)
    x$fpl$dleqf                              0x00002770   Section      120  dleqf.o(x$fpl$dleqf)
    $v0                                      0x00002770   Number         0  dleqf.o(x$fpl$dleqf)
    x$fpl$dnaninf                            0x000027e8   Section      156  dnaninf.o(x$fpl$dnaninf)
    $v0                                      0x000027e8   Number         0  dnaninf.o(x$fpl$dnaninf)
    x$fpl$dretinf                            0x00002884   Section       12  dretinf.o(x$fpl$dretinf)
    $v0                                      0x00002884   Number         0  dretinf.o(x$fpl$dretinf)
    x$fpl$f2d                                0x00002890   Section       86  f2d.o(x$fpl$f2d)
    $v0                                      0x00002890   Number         0  f2d.o(x$fpl$f2d)
    x$fpl$fnaninf                            0x000028e6   Section      140  fnaninf.o(x$fpl$fnaninf)
    $v0                                      0x000028e6   Number         0  fnaninf.o(x$fpl$fnaninf)
    x$fpl$fpinit                             0x00002972   Section       10  fpinit.o(x$fpl$fpinit)
    $v0                                      0x00002972   Number         0  fpinit.o(x$fpl$fpinit)
    x$fpl$printf1                            0x0000297c   Section        4  printf1.o(x$fpl$printf1)
    $v0                                      0x0000297c   Number         0  printf1.o(x$fpl$printf1)
    .constdata                               0x00002980   Section      148  bigflt0.o(.constdata)
    x$fpl$usenofp                            0x00002980   Section        0  usenofp.o(x$fpl$usenofp)
    tenpwrs_x                                0x00002980   Data          60  bigflt0.o(.constdata)
    tenpwrs_i                                0x000029bc   Data          64  bigflt0.o(.constdata)
    locale$$data                             0x00002a34   Section       28  lc_numeric_c.o(locale$$data)
    __lcnum_c_name                           0x00002a38   Data           2  lc_numeric_c.o(locale$$data)
    __lcnum_c_start                          0x00002a40   Data           0  lc_numeric_c.o(locale$$data)
    __lcnum_c_point                          0x00002a4c   Data           0  lc_numeric_c.o(locale$$data)
    __lcnum_c_thousands                      0x00002a4e   Data           0  lc_numeric_c.o(locale$$data)
    __lcnum_c_grouping                       0x00002a4f   Data           0  lc_numeric_c.o(locale$$data)
    __lcnum_c_end                            0x00002a50   Data           0  lc_numeric_c.o(locale$$data)
    .data                                    0x20000000   Section      112  main.o(.data)
    .data                                    0x20000070   Section        8  pwm.o(.data)
    PWMTick                                  0x20000070   Data           4  pwm.o(.data)
    PWMTick2                                 0x20000074   Data           4  pwm.o(.data)
    .data                                    0x20000078   Section        8  ultrasonic.o(.data)
    .bss                                     0x20000080   Section     1124  main.o(.bss)
    .bss                                     0x200004e4   Section       96  libspace.o(.bss)
    HEAP                                     0x20000548   Section        0  startup_mk64f12.o(HEAP)
    STACK                                    0x20000548   Section     1024  startup_mk64f12.o(STACK)
    Heap_Mem                                 0x20000548   Data           0  startup_mk64f12.o(HEAP)
    Stack_Mem                                0x20000548   Data        1024  startup_mk64f12.o(STACK)
    __initial_sp                             0x20000948   Data           0  startup_mk64f12.o(STACK)

    Global Symbols

    Symbol Name                              Value     Ov Type        Size  Object(Section)

    BuildAttributes$$THM_ISAv4$E$P$D$K$B$S$7EM$VFPi3$EXTD16$VFPS$VFMA$PE$A:L22UL41UL21$X:L11$S22US41US21$IEEE1$IW$USESV6$~STKCKD$USESV7$~SHL$OTIME$ROPI$IEEEJ$EBA8$UX$STANDARDLIB$REQ8$PRES8$EABIv2 0x00000000   Number         0  anon$$obj.o ABSOLUTE
    __ARM_use_no_argv                        0x00000000   Number         0  main.o ABSOLUTE
    __Vectors                                0x00000000   Data           4  startup_mk64f12.o(RESET)
    __ARM_exceptions_init                     - Undefined Weak Reference
    __alloca_initialize                       - Undefined Weak Reference
    __arm_preinit_                            - Undefined Weak Reference
    __cpp_initialize__aeabi_                  - Undefined Weak Reference
    __cxa_finalize                            - Undefined Weak Reference
    __sigvec_lookup                           - Undefined Weak Reference
    _atexit_init                              - Undefined Weak Reference
    _call_atexit_fns                          - Undefined Weak Reference
    _clock_init                               - Undefined Weak Reference
    _fp_trap_init                             - Undefined Weak Reference
    _fp_trap_shutdown                         - Undefined Weak Reference
    _get_lc_collate                           - Undefined Weak Reference
    _get_lc_ctype                             - Undefined Weak Reference
    _get_lc_monetary                          - Undefined Weak Reference
    _get_lc_time                              - Undefined Weak Reference
    _getenv_init                              - Undefined Weak Reference
    _handle_redirection                       - Undefined Weak Reference
    _init_alloc                               - Undefined Weak Reference
    _init_user_alloc                          - Undefined Weak Reference
    _initio                                   - Undefined Weak Reference
    _printf_post_padding                      - Undefined Weak Reference
    _printf_pre_padding                       - Undefined Weak Reference
    _printf_truncate_signed                   - Undefined Weak Reference
    _printf_truncate_unsigned                 - Undefined Weak Reference
    _rand_init                                - Undefined Weak Reference
    _signal_finish                            - Undefined Weak Reference
    _signal_init                              - Undefined Weak Reference
    _terminate_alloc                          - Undefined Weak Reference
    _terminate_user_alloc                     - Undefined Weak Reference
    _terminateio                              - Undefined Weak Reference
    __Vectors_End                            0x00000400   Data           0  startup_mk64f12.o(RESET)
    __Vectors_Size                           0x00000400   Number         0  startup_mk64f12.o ABSOLUTE
    __main                                   0x00000411   Thumb Code     8  __main.o(!!!main)
    __scatterload                            0x00000419   Thumb Code     0  __scatter.o(!!!scatter)
    __scatterload_rt2                        0x00000419   Thumb Code    44  __scatter.o(!!!scatter)
    __scatterload_rt2_thumb_only             0x00000419   Thumb Code     0  __scatter.o(!!!scatter)
    __scatterload_null                       0x00000427   Thumb Code     0  __scatter.o(!!!scatter)
    __scatterload_copy                       0x0000044d   Thumb Code    26  __scatter_copy.o(!!handler_copy)
    __scatterload_zeroinit                   0x00000469   Thumb Code    28  __scatter_zi.o(!!handler_zi)
    _printf_g                                0x00000485   Thumb Code     0  _printf_g.o(.ARM.Collect$$_printf_percent$$00000005)
    _printf_percent                          0x00000485   Thumb Code     0  _printf_percent.o(.ARM.Collect$$_printf_percent$$00000000)
    _printf_percent_end                      0x0000048b   Thumb Code     0  _printf_percent_end.o(.ARM.Collect$$_printf_percent$$00000017)
    __rt_lib_init                            0x0000048f   Thumb Code     0  libinit.o(.ARM.Collect$$libinit$$00000000)
    __rt_lib_init_fp_1                       0x00000491   Thumb Code     0  libinit2.o(.ARM.Collect$$libinit$$00000001)
    __rt_lib_init_heap_1                     0x00000495   Thumb Code     0  libinit2.o(.ARM.Collect$$libinit$$0000000A)
    __rt_lib_init_lc_common                  0x00000495   Thumb Code     0  libinit2.o(.ARM.Collect$$libinit$$0000000F)
    __rt_lib_init_preinit_1                  0x00000495   Thumb Code     0  libinit2.o(.ARM.Collect$$libinit$$00000004)
    __rt_lib_init_rand_1                     0x00000495   Thumb Code     0  libinit2.o(.ARM.Collect$$libinit$$0000000E)
    __rt_lib_init_user_alloc_1               0x00000495   Thumb Code     0  libinit2.o(.ARM.Collect$$libinit$$0000000C)
    __rt_lib_init_lc_collate_1               0x0000049b   Thumb Code     0  libinit2.o(.ARM.Collect$$libinit$$00000011)
    __rt_lib_init_lc_ctype_1                 0x0000049b   Thumb Code     0  libinit2.o(.ARM.Collect$$libinit$$00000013)
    __rt_lib_init_lc_monetary_1              0x0000049b   Thumb Code     0  libinit2.o(.ARM.Collect$$libinit$$00000015)
    __rt_lib_init_lc_numeric_2               0x0000049b   Thumb Code     0  libinit2.o(.ARM.Collect$$libinit$$00000016)
    __rt_lib_init_alloca_1                   0x000004a5   Thumb Code     0  libinit2.o(.ARM.Collect$$libinit$$0000002E)
    __rt_lib_init_argv_1                     0x000004a5   Thumb Code     0  libinit2.o(.ARM.Collect$$libinit$$0000002C)
    __rt_lib_init_atexit_1                   0x000004a5   Thumb Code     0  libinit2.o(.ARM.Collect$$libinit$$0000001B)
    __rt_lib_init_clock_1                    0x000004a5   Thumb Code     0  libinit2.o(.ARM.Collect$$libinit$$00000021)
    __rt_lib_init_cpp_1                      0x000004a5   Thumb Code     0  libinit2.o(.ARM.Collect$$libinit$$00000032)
    __rt_lib_init_exceptions_1               0x000004a5   Thumb Code     0  libinit2.o(.ARM.Collect$$libinit$$00000030)
    __rt_lib_init_fp_trap_1                  0x000004a5   Thumb Code     0  libinit2.o(.ARM.Collect$$libinit$$0000001F)
    __rt_lib_init_getenv_1                   0x000004a5   Thumb Code     0  libinit2.o(.ARM.Collect$$libinit$$00000023)
    __rt_lib_init_lc_numeric_1               0x000004a5   Thumb Code     0  libinit2.o(.ARM.Collect$$libinit$$00000017)
    __rt_lib_init_lc_time_1                  0x000004a5   Thumb Code     0  libinit2.o(.ARM.Collect$$libinit$$00000019)
    __rt_lib_init_return                     0x000004a5   Thumb Code     0  libinit2.o(.ARM.Collect$$libinit$$00000033)
    __rt_lib_init_signal_1                   0x000004a5   Thumb Code     0  libinit2.o(.ARM.Collect$$libinit$$0000001D)
    __rt_lib_init_stdio_1                    0x000004a5   Thumb Code     0  libinit2.o(.ARM.Collect$$libinit$$00000025)
    __rt_lib_shutdown                        0x000004a7   Thumb Code     0  libshutdown.o(.ARM.Collect$$libshutdown$$00000000)
    __rt_lib_shutdown_cpp_1                  0x000004a9   Thumb Code     0  libshutdown2.o(.ARM.Collect$$libshutdown$$00000002)
    __rt_lib_shutdown_fp_trap_1              0x000004a9   Thumb Code     0  libshutdown2.o(.ARM.Collect$$libshutdown$$00000007)
    __rt_lib_shutdown_heap_1                 0x000004a9   Thumb Code     0  libshutdown2.o(.ARM.Collect$$libshutdown$$0000000F)
    __rt_lib_shutdown_return                 0x000004a9   Thumb Code     0  libshutdown2.o(.ARM.Collect$$libshutdown$$00000010)
    __rt_lib_shutdown_signal_1               0x000004a9   Thumb Code     0  libshutdown2.o(.ARM.Collect$$libshutdown$$0000000A)
    __rt_lib_shutdown_stdio_1                0x000004a9   Thumb Code     0  libshutdown2.o(.ARM.Collect$$libshutdown$$00000004)
    __rt_lib_shutdown_user_alloc_1           0x000004a9   Thumb Code     0  libshutdown2.o(.ARM.Collect$$libshutdown$$0000000C)
    __rt_entry                               0x000004ab   Thumb Code     0  __rtentry.o(.ARM.Collect$$rtentry$$00000000)
    __rt_entry_presh_1                       0x000004ab   Thumb Code     0  __rtentry2.o(.ARM.Collect$$rtentry$$00000002)
    __rt_entry_sh                            0x000004ab   Thumb Code     0  __rtentry4.o(.ARM.Collect$$rtentry$$00000004)
    __rt_entry_li                            0x000004b1   Thumb Code     0  __rtentry2.o(.ARM.Collect$$rtentry$$0000000A)
    __rt_entry_postsh_1                      0x000004b1   Thumb Code     0  __rtentry2.o(.ARM.Collect$$rtentry$$00000009)
    __rt_entry_main                          0x000004b5   Thumb Code     0  __rtentry2.o(.ARM.Collect$$rtentry$$0000000D)
    __rt_entry_postli_1                      0x000004b5   Thumb Code     0  __rtentry2.o(.ARM.Collect$$rtentry$$0000000C)
    __rt_exit                                0x000004bd   Thumb Code     0  rtexit.o(.ARM.Collect$$rtexit$$00000000)
    __rt_exit_ls                             0x000004bf   Thumb Code     0  rtexit2.o(.ARM.Collect$$rtexit$$00000003)
    __rt_exit_prels_1                        0x000004bf   Thumb Code     0  rtexit2.o(.ARM.Collect$$rtexit$$00000002)
    __rt_exit_exit                           0x000004c3   Thumb Code     0  rtexit2.o(.ARM.Collect$$rtexit$$00000004)
    init_data_bss                            0x000004c9   Thumb Code     2  startup_mk64f12.o(.text)
    Reset_Handler                            0x000004cb   Thumb Code    12  startup_mk64f12.o(.text)
    NMI_Handler                              0x000004d7   Thumb Code     2  startup_mk64f12.o(.text)
    HardFault_Handler                        0x000004d9   Thumb Code     2  startup_mk64f12.o(.text)
    MemManage_Handler                        0x000004db   Thumb Code     2  startup_mk64f12.o(.text)
    BusFault_Handler                         0x000004dd   Thumb Code     2  startup_mk64f12.o(.text)
    UsageFault_Handler                       0x000004df   Thumb Code     2  startup_mk64f12.o(.text)
    SVC_Handler                              0x000004e1   Thumb Code     2  startup_mk64f12.o(.text)
    DebugMon_Handler                         0x000004e3   Thumb Code     2  startup_mk64f12.o(.text)
    PendSV_Handler                           0x000004e5   Thumb Code     2  startup_mk64f12.o(.text)
    SysTick_Handler                          0x000004e7   Thumb Code     2  startup_mk64f12.o(.text)
    ADC1_IRQHandler                          0x000004e9   Thumb Code     0  startup_mk64f12.o(.text)
    CAN0_Bus_Off_IRQHandler                  0x000004e9   Thumb Code     0  startup_mk64f12.o(.text)
    CAN0_Error_IRQHandler                    0x000004e9   Thumb Code     0  startup_mk64f12.o(.text)
    CAN0_ORed_Message_buffer_IRQHandler      0x000004e9   Thumb Code     0  startup_mk64f12.o(.text)
    CAN0_Rx_Warning_IRQHandler               0x000004e9   Thumb Code     0  startup_mk64f12.o(.text)
    CAN0_Tx_Warning_IRQHandler               0x000004e9   Thumb Code     0  startup_mk64f12.o(.text)
    CAN0_Wake_Up_IRQHandler                  0x000004e9   Thumb Code     0  startup_mk64f12.o(.text)
    CMP0_IRQHandler                          0x000004e9   Thumb Code     0  startup_mk64f12.o(.text)
    CMP1_IRQHandler                          0x000004e9   Thumb Code     0  startup_mk64f12.o(.text)
    CMP2_IRQHandler                          0x000004e9   Thumb Code     0  startup_mk64f12.o(.text)
    CMT_IRQHandler                           0x000004e9   Thumb Code     0  startup_mk64f12.o(.text)
    DAC0_IRQHandler                          0x000004e9   Thumb Code     0  startup_mk64f12.o(.text)
    DAC1_IRQHandler                          0x000004e9   Thumb Code     0  startup_mk64f12.o(.text)
    DMA0_IRQHandler                          0x000004e9   Thumb Code     0  startup_mk64f12.o(.text)
    DMA10_IRQHandler                         0x000004e9   Thumb Code     0  startup_mk64f12.o(.text)
    DMA11_IRQHandler                         0x000004e9   Thumb Code     0  startup_mk64f12.o(.text)
    DMA12_IRQHandler                         0x000004e9   Thumb Code     0  startup_mk64f12.o(.text)
    DMA13_IRQHandler                         0x000004e9   Thumb Code     0  startup_mk64f12.o(.text)
    DMA14_IRQHandler                         0x000004e9   Thumb Code     0  startup_mk64f12.o(.text)
    DMA15_IRQHandler                         0x000004e9   Thumb Code     0  startup_mk64f12.o(.text)
    DMA1_IRQHandler                          0x000004e9   Thumb Code     0  startup_mk64f12.o(.text)
    DMA2_IRQHandler                          0x000004e9   Thumb Code     0  startup_mk64f12.o(.text)
    DMA3_IRQHandler                          0x000004e9   Thumb Code     0  startup_mk64f12.o(.text)
    DMA4_IRQHandler                          0x000004e9   Thumb Code     0  startup_mk64f12.o(.text)
    DMA5_IRQHandler                          0x000004e9   Thumb Code     0  startup_mk64f12.o(.text)
    DMA6_IRQHandler                          0x000004e9   Thumb Code     0  startup_mk64f12.o(.text)
    DMA7_IRQHandler                          0x000004e9   Thumb Code     0  startup_mk64f12.o(.text)
    DMA8_IRQHandler                          0x000004e9   Thumb Code     0  startup_mk64f12.o(.text)
    DMA9_IRQHandler                          0x000004e9   Thumb Code     0  startup_mk64f12.o(.text)
    DMA_Error_IRQHandler                     0x000004e9   Thumb Code     0  startup_mk64f12.o(.text)
    DefaultISR                               0x000004e9   Thumb Code     0  startup_mk64f12.o(.text)
    ENET_1588_Timer_IRQHandler               0x000004e9   Thumb Code     0  startup_mk64f12.o(.text)
    ENET_Error_IRQHandler                    0x000004e9   Thumb Code     0  startup_mk64f12.o(.text)
    ENET_Receive_IRQHandler                  0x000004e9   Thumb Code     0  startup_mk64f12.o(.text)
    ENET_Transmit_IRQHandler                 0x000004e9   Thumb Code     0  startup_mk64f12.o(.text)
    FTFE_IRQHandler                          0x000004e9   Thumb Code     0  startup_mk64f12.o(.text)
    FTM1_IRQHandler                          0x000004e9   Thumb Code     0  startup_mk64f12.o(.text)
    FTM3_IRQHandler                          0x000004e9   Thumb Code     0  startup_mk64f12.o(.text)
    I2C0_IRQHandler                          0x000004e9   Thumb Code     0  startup_mk64f12.o(.text)
    I2C1_IRQHandler                          0x000004e9   Thumb Code     0  startup_mk64f12.o(.text)
    I2C2_IRQHandler                          0x000004e9   Thumb Code     0  startup_mk64f12.o(.text)
    I2S0_Rx_IRQHandler                       0x000004e9   Thumb Code     0  startup_mk64f12.o(.text)
    I2S0_Tx_IRQHandler                       0x000004e9   Thumb Code     0  startup_mk64f12.o(.text)
    LLW_IRQHandler                           0x000004e9   Thumb Code     0  startup_mk64f12.o(.text)
    LPTimer_IRQHandler                       0x000004e9   Thumb Code     0  startup_mk64f12.o(.text)
    LVD_LVW_IRQHandler                       0x000004e9   Thumb Code     0  startup_mk64f12.o(.text)
    MCG_IRQHandler                           0x000004e9   Thumb Code     0  startup_mk64f12.o(.text)
    MCM_IRQHandler                           0x000004e9   Thumb Code     0  startup_mk64f12.o(.text)
    PDB0_IRQHandler                          0x000004e9   Thumb Code     0  startup_mk64f12.o(.text)
    PIT1_IRQHandler                          0x000004e9   Thumb Code     0  startup_mk64f12.o(.text)
    PIT2_IRQHandler                          0x000004e9   Thumb Code     0  startup_mk64f12.o(.text)
    PIT3_IRQHandler                          0x000004e9   Thumb Code     0  startup_mk64f12.o(.text)
    PORTB_IRQHandler                         0x000004e9   Thumb Code     0  startup_mk64f12.o(.text)
    PORTD_IRQHandler                         0x000004e9   Thumb Code     0  startup_mk64f12.o(.text)
    PORTE_IRQHandler                         0x000004e9   Thumb Code     0  startup_mk64f12.o(.text)
    RNG_IRQHandler                           0x000004e9   Thumb Code     0  startup_mk64f12.o(.text)
    RTC_IRQHandler                           0x000004e9   Thumb Code     0  startup_mk64f12.o(.text)
    RTC_Seconds_IRQHandler                   0x000004e9   Thumb Code     0  startup_mk64f12.o(.text)
    Read_Collision_IRQHandler                0x000004e9   Thumb Code     0  startup_mk64f12.o(.text)
    Reserved71_IRQHandler                    0x000004e9   Thumb Code     0  startup_mk64f12.o(.text)
    SDHC_IRQHandler                          0x000004e9   Thumb Code     0  startup_mk64f12.o(.text)
    SPI0_IRQHandler                          0x000004e9   Thumb Code     0  startup_mk64f12.o(.text)
    SPI1_IRQHandler                          0x000004e9   Thumb Code     0  startup_mk64f12.o(.text)
    SPI2_IRQHandler                          0x000004e9   Thumb Code     0  startup_mk64f12.o(.text)
    SWI_IRQHandler                           0x000004e9   Thumb Code     0  startup_mk64f12.o(.text)
    UART0_ERR_IRQHandler                     0x000004e9   Thumb Code     0  startup_mk64f12.o(.text)
    UART0_LON_IRQHandler                     0x000004e9   Thumb Code     0  startup_mk64f12.o(.text)
    UART0_RX_TX_IRQHandler                   0x000004e9   Thumb Code     0  startup_mk64f12.o(.text)
    UART1_ERR_IRQHandler                     0x000004e9   Thumb Code     0  startup_mk64f12.o(.text)
    UART1_RX_TX_IRQHandler                   0x000004e9   Thumb Code     0  startup_mk64f12.o(.text)
    UART2_ERR_IRQHandler                     0x000004e9   Thumb Code     0  startup_mk64f12.o(.text)
    UART2_RX_TX_IRQHandler                   0x000004e9   Thumb Code     0  startup_mk64f12.o(.text)
    UART3_ERR_IRQHandler                     0x000004e9   Thumb Code     0  startup_mk64f12.o(.text)
    UART4_ERR_IRQHandler                     0x000004e9   Thumb Code     0  startup_mk64f12.o(.text)
    UART4_RX_TX_IRQHandler                   0x000004e9   Thumb Code     0  startup_mk64f12.o(.text)
    UART5_ERR_IRQHandler                     0x000004e9   Thumb Code     0  startup_mk64f12.o(.text)
    UART5_RX_TX_IRQHandler                   0x000004e9   Thumb Code     0  startup_mk64f12.o(.text)
    USB0_IRQHandler                          0x000004e9   Thumb Code     0  startup_mk64f12.o(.text)
    USBDCD_IRQHandler                        0x000004e9   Thumb Code     0  startup_mk64f12.o(.text)
    Watchdog_IRQHandler                      0x000004e9   Thumb Code     0  startup_mk64f12.o(.text)
    __user_initial_stackheap                 0x000004ed   Thumb Code     0  startup_mk64f12.o(.text)
    __2sprintf                               0x00000511   Thumb Code    34  noretval__2sprintf.o(.text)
    __printf                                 0x00000539   Thumb Code   104  __printf.o(.text)
    __use_two_region_memory                  0x000005a1   Thumb Code     2  heapauxi.o(.text)
    __rt_heap_escrow$2region                 0x000005a3   Thumb Code     2  heapauxi.o(.text)
    __rt_heap_expand$2region                 0x000005a5   Thumb Code     2  heapauxi.o(.text)
    __lib_sel_fp_printf                      0x000005a7   Thumb Code     2  _printf_fp_dec.o(.text)
    _printf_fp_dec_real                      0x00000755   Thumb Code   620  _printf_fp_dec.o(.text)
    _printf_char_common                      0x000009cb   Thumb Code    32  _printf_char_common.o(.text)
    _sputc                                   0x000009f1   Thumb Code    10  _sputc.o(.text)
    __rt_locale                              0x000009fd   Thumb Code     8  rt_locale_intlibspace.o(.text)
    _ll_udiv10                               0x00000a05   Thumb Code   138  lludiv10.o(.text)
    _printf_fp_infnan                        0x00000a91   Thumb Code   112  _printf_fp_infnan.o(.text)
    _btod_etento                             0x00000b11   Thumb Code   216  bigflt0.o(.text)
    __user_libspace                          0x00000bed   Thumb Code     8  libspace.o(.text)
    __user_perproc_libspace                  0x00000bed   Thumb Code     0  libspace.o(.text)
    __user_perthread_libspace                0x00000bed   Thumb Code     0  libspace.o(.text)
    __user_setup_stackheap                   0x00000bf5   Thumb Code    74  sys_stackheap_outer.o(.text)
    exit                                     0x00000c3f   Thumb Code    18  exit.o(.text)
    strcmp                                   0x00000c51   Thumb Code   128  strcmpv7m.o(.text)
    _sys_exit                                0x00000cd1   Thumb Code     8  sys_exit.o(.text)
    __I$use$semihosting                      0x00000cdd   Thumb Code     0  use_no_semi.o(.text)
    __use_no_semihosting_swi                 0x00000cdd   Thumb Code     2  use_no_semi.o(.text)
    __semihosting_library_function           0x00000cdf   Thumb Code     0  indicate_semi.o(.text)
    _btod_d2e                                0x00000cdf   Thumb Code    62  btod.o(CL$$btod_d2e)
    _d2e_denorm_low                          0x00000d1d   Thumb Code    70  btod.o(CL$$btod_d2e_denorm_low)
    _d2e_norm_op1                            0x00000d63   Thumb Code    96  btod.o(CL$$btod_d2e_norm_op1)
    __btod_div_common                        0x00000dc3   Thumb Code   696  btod.o(CL$$btod_div_common)
    _e2e                                     0x000010fb   Thumb Code   198  btod.o(CL$$btod_e2e)
    _btod_ediv                               0x000011c1   Thumb Code    40  btod.o(CL$$btod_ediv)
    _btod_emul                               0x000011e9   Thumb Code    40  btod.o(CL$$btod_emul)
    __btod_mult_common                       0x00001211   Thumb Code   580  btod.o(CL$$btod_mult_common)
    ADC0_IRQHandler                          0x00001455   Thumb Code    10  isr.o(i.ADC0_IRQHandler)
    FTM0_IRQHandler                          0x00001469   Thumb Code    32  pwm.o(i.FTM0_IRQHandler)
    FTM2_IRQHandler                          0x00001491   Thumb Code   310  isr.o(i.FTM2_IRQHandler)
    InitPWM                                  0x000015f5   Thumb Code   216  pwm.o(i.InitPWM)
    LEDoff                                   0x000016e1   Thumb Code    20  leds.o(i.LEDoff)
    LEDon                                    0x000016fd   Thumb Code   168  leds.o(i.LEDon)
    LeftDuty                                 0x000017ad   Thumb Code    98  pwm.o(i.LeftDuty)
    PIT0_IRQHandler                          0x0000181d   Thumb Code   148  ultrasonic.o(i.PIT0_IRQHandler)
    PORTA_IRQHandler                         0x000018c1   Thumb Code    16  isr.o(i.PORTA_IRQHandler)
    PORTC_IRQHandler                         0x000018d9   Thumb Code    10  isr.o(i.PORTC_IRQHandler)
    RightDuty                                0x000018e9   Thumb Code    98  pwm.o(i.RightDuty)
    SetDutyCycle                             0x00001959   Thumb Code   128  pwm.o(i.SetDutyCycle)
    SystemInit                               0x000019e5   Thumb Code   136  system_mk64f12.o(i.SystemInit)
    UART3_RX_TX_IRQHandler                   0x00001a85   Thumb Code   486  bluetooth.o(i.UART3_RX_TX_IRQHandler)
    __ARM_fpclassify                         0x00001c9d   Thumb Code    48  fpclassify.o(i.__ARM_fpclassify)
    calc                                     0x00001ce9   Thumb Code   126  main.o(i.calc)
    delay                                    0x00001d81   Thumb Code    20  main.o(i.delay)
    demo                                     0x00001d95   Thumb Code   230  main.o(i.demo)
    distanceCalc                             0x00001ea9   Thumb Code   218  main.o(i.distanceCalc)
    getGPS                                   0x00001fb9   Thumb Code     2  main.o(i.getGPS)
    getUltrasonic                            0x00001fbd   Thumb Code   184  ultrasonic.o(i.getUltrasonic)
    init_BT                                  0x00002095   Thumb Code   154  bluetooth.o(i.init_BT)
    init_GPIO                                0x0000213d   Thumb Code   180  inits.o(i.init_GPIO)
    init_LEDS                                0x00002209   Thumb Code   112  leds.o(i.init_LEDS)
    init_PIT                                 0x0000228d   Thumb Code   100  ultrasonic.o(i.init_PIT)
    init_ultrasonic                          0x000022fd   Thumb Code   126  ultrasonic.o(i.init_ultrasonic)
    initialize                               0x00002389   Thumb Code    28  main.o(i.initialize)
    main                                     0x000023a5   Thumb Code   188  main.o(i.main)
    normalSet                                0x00002485   Thumb Code    70  main.o(i.normalSet)
    put                                      0x000024ed   Thumb Code    22  uart.o(i.put)
    turn                                     0x00002505   Thumb Code   322  main.o(i.turn)
    turnCalc                                 0x0000265d   Thumb Code    44  main.o(i.turnCalc)
    uart_init                                0x00002689   Thumb Code   126  uart.o(i.uart_init)
    uart_putchar                             0x00002715   Thumb Code    20  uart.o(i.uart_putchar)
    _get_lc_numeric                          0x0000272d   Thumb Code    44  lc_numeric_c.o(locale$$code)
    __fpl_dcmp_Inf                           0x00002759   Thumb Code    24  dcmpi.o(x$fpl$dcmpinf)
    __aeabi_cdcmple                          0x00002771   Thumb Code     0  dleqf.o(x$fpl$dleqf)
    _dcmple                                  0x00002771   Thumb Code   120  dleqf.o(x$fpl$dleqf)
    __fpl_dcmple_InfNaN                      0x000027d3   Thumb Code     0  dleqf.o(x$fpl$dleqf)
    __fpl_dnaninf                            0x000027e9   Thumb Code   156  dnaninf.o(x$fpl$dnaninf)
    __fpl_dretinf                            0x00002885   Thumb Code    12  dretinf.o(x$fpl$dretinf)
    __aeabi_f2d                              0x00002891   Thumb Code     0  f2d.o(x$fpl$f2d)
    _f2d                                     0x00002891   Thumb Code    86  f2d.o(x$fpl$f2d)
    __fpl_fnaninf                            0x000028e7   Thumb Code   140  fnaninf.o(x$fpl$fnaninf)
    _fp_init                                 0x00002973   Thumb Code    10  fpinit.o(x$fpl$fpinit)
    __fplib_config_fpu_vfp                   0x0000297b   Thumb Code     0  fpinit.o(x$fpl$fpinit)
    __fplib_config_pureend_doubles           0x0000297b   Thumb Code     0  fpinit.o(x$fpl$fpinit)
    _printf_fp_dec                           0x0000297d   Thumb Code     4  printf1.o(x$fpl$printf1)
    __I$use$fp                               0x00002980   Number         0  usenofp.o(x$fpl$usenofp)
    Region$$Table$$Base                      0x00002a14   Number         0  anon$$obj.o(Region$$Table)
    Region$$Table$$Limit                     0x00002a34   Number         0  anon$$obj.o(Region$$Table)
    pixcnt                                   0x20000000   Data           4  main.o(.data)
    clkval                                   0x20000004   Data           4  main.o(.data)
    dataCount_buf                            0x20000008   Data           4  main.o(.data)
    dataCount_line                           0x2000000c   Data           4  main.o(.data)
    bufferPtr                                0x20000010   Data           4  main.o(.data)
    linePtr                                  0x20000014   Data           4  main.o(.data)
    debugcamdata                             0x20000018   Data           4  main.o(.data)
    capcnt                                   0x2000001c   Data           4  main.o(.data)
    ADC0VAL                                  0x20000020   Data           2  main.o(.data)
    KP                                       0x20000024   Data           4  main.o(.data)
    KI                                       0x20000028   Data           4  main.o(.data)
    KD                                       0x2000002c   Data           4  main.o(.data)
    PWMErrOld1                               0x20000030   Data           8  main.o(.data)
    PWMErrOld2                               0x20000038   Data           8  main.o(.data)
    LB                                       0x20000040   Data           4  main.o(.data)
    UB                                       0x20000044   Data           4  main.o(.data)
    LEFT_DESIRED                             0x20000048   Data           4  main.o(.data)
    RIGHT_DESIRED                            0x2000004c   Data           4  main.o(.data)
    LPWM                                     0x20000050   Data           4  main.o(.data)
    RPWM                                     0x20000054   Data           4  main.o(.data)
    manualDelta                              0x20000058   Data           8  main.o(.data)
    ready                                    0x20000060   Data           4  main.o(.data)
    direction                                0x20000064   Data           4  main.o(.data)
    location                                 0x20000068   Data           8  main.o(.data)
    ultrasonic_state                         0x20000078   Data           4  ultrasonic.o(.data)
    ultrasonic_counter                       0x2000007c   Data           4  ultrasonic.o(.data)
    line                                     0x20000080   Data         256  main.o(.bss)
    line2                                    0x20000180   Data         256  main.o(.bss)
    str                                      0x20000280   Data         100  main.o(.bss)
    binline                                  0x200002e4   Data         512  main.o(.bss)
    __libspace_start                         0x200004e4   Data          96  libspace.o(.bss)
    __temporary_stack_top$libspace           0x20000544   Data           0  libspace.o(.bss)



==============================================================================

Memory Map of the image

  Image Entry point : 0x00000411

  Load Region LR_IROM1 (Base: 0x00000000, Size: 0x00002ad0, Max: 0x00100000, ABSOLUTE)

    Execution Region ER_IROM1 (Base: 0x00000000, Size: 0x00002a50, Max: 0x00100000, ABSOLUTE)

    Base Addr    Size         Type   Attr      Idx    E Section Name        Object

    0x00000000   0x00000400   Data   RO          463    RESET               startup_mk64f12.o
    0x00000400   0x00000010   Code   RO          464    .ARM.__at_0x400     startup_mk64f12.o
    0x00000410   0x00000008   Code   RO          549  * !!!main             c_w.l(__main.o)
    0x00000418   0x00000034   Code   RO          775    !!!scatter          c_w.l(__scatter.o)
    0x0000044c   0x0000001a   Code   RO          777    !!handler_copy      c_w.l(__scatter_copy.o)
    0x00000466   0x00000002   PAD
    0x00000468   0x0000001c   Code   RO          779    !!handler_zi        c_w.l(__scatter_zi.o)
    0x00000484   0x00000000   Code   RO          546    .ARM.Collect$$_printf_percent$$00000000  c_w.l(_printf_percent.o)
    0x00000484   0x00000006   Code   RO          545    .ARM.Collect$$_printf_percent$$00000005  c_w.l(_printf_g.o)
    0x0000048a   0x00000004   Code   RO          566    .ARM.Collect$$_printf_percent$$00000017  c_w.l(_printf_percent_end.o)
    0x0000048e   0x00000002   Code   RO          648    .ARM.Collect$$libinit$$00000000  c_w.l(libinit.o)
    0x00000490   0x00000004   Code   RO          649    .ARM.Collect$$libinit$$00000001  c_w.l(libinit2.o)
    0x00000494   0x00000000   Code   RO          652    .ARM.Collect$$libinit$$00000004  c_w.l(libinit2.o)
    0x00000494   0x00000000   Code   RO          655    .ARM.Collect$$libinit$$0000000A  c_w.l(libinit2.o)
    0x00000494   0x00000000   Code   RO          657    .ARM.Collect$$libinit$$0000000C  c_w.l(libinit2.o)
    0x00000494   0x00000000   Code   RO          659    .ARM.Collect$$libinit$$0000000E  c_w.l(libinit2.o)
    0x00000494   0x00000006   Code   RO          660    .ARM.Collect$$libinit$$0000000F  c_w.l(libinit2.o)
    0x0000049a   0x00000000   Code   RO          662    .ARM.Collect$$libinit$$00000011  c_w.l(libinit2.o)
    0x0000049a   0x00000000   Code   RO          664    .ARM.Collect$$libinit$$00000013  c_w.l(libinit2.o)
    0x0000049a   0x00000000   Code   RO          666    .ARM.Collect$$libinit$$00000015  c_w.l(libinit2.o)
    0x0000049a   0x0000000a   Code   RO          667    .ARM.Collect$$libinit$$00000016  c_w.l(libinit2.o)
    0x000004a4   0x00000000   Code   RO          668    .ARM.Collect$$libinit$$00000017  c_w.l(libinit2.o)
    0x000004a4   0x00000000   Code   RO          670    .ARM.Collect$$libinit$$00000019  c_w.l(libinit2.o)
    0x000004a4   0x00000000   Code   RO          672    .ARM.Collect$$libinit$$0000001B  c_w.l(libinit2.o)
    0x000004a4   0x00000000   Code   RO          674    .ARM.Collect$$libinit$$0000001D  c_w.l(libinit2.o)
    0x000004a4   0x00000000   Code   RO          676    .ARM.Collect$$libinit$$0000001F  c_w.l(libinit2.o)
    0x000004a4   0x00000000   Code   RO          678    .ARM.Collect$$libinit$$00000021  c_w.l(libinit2.o)
    0x000004a4   0x00000000   Code   RO          680    .ARM.Collect$$libinit$$00000023  c_w.l(libinit2.o)
    0x000004a4   0x00000000   Code   RO          682    .ARM.Collect$$libinit$$00000025  c_w.l(libinit2.o)
    0x000004a4   0x00000000   Code   RO          686    .ARM.Collect$$libinit$$0000002C  c_w.l(libinit2.o)
    0x000004a4   0x00000000   Code   RO          688    .ARM.Collect$$libinit$$0000002E  c_w.l(libinit2.o)
    0x000004a4   0x00000000   Code   RO          690    .ARM.Collect$$libinit$$00000030  c_w.l(libinit2.o)
    0x000004a4   0x00000000   Code   RO          692    .ARM.Collect$$libinit$$00000032  c_w.l(libinit2.o)
    0x000004a4   0x00000002   Code   RO          693    .ARM.Collect$$libinit$$00000033  c_w.l(libinit2.o)
    0x000004a6   0x00000002   Code   RO          723    .ARM.Collect$$libshutdown$$00000000  c_w.l(libshutdown.o)
    0x000004a8   0x00000000   Code   RO          734    .ARM.Collect$$libshutdown$$00000002  c_w.l(libshutdown2.o)
    0x000004a8   0x00000000   Code   RO          736    .ARM.Collect$$libshutdown$$00000004  c_w.l(libshutdown2.o)
    0x000004a8   0x00000000   Code   RO          739    .ARM.Collect$$libshutdown$$00000007  c_w.l(libshutdown2.o)
    0x000004a8   0x00000000   Code   RO          742    .ARM.Collect$$libshutdown$$0000000A  c_w.l(libshutdown2.o)
    0x000004a8   0x00000000   Code   RO          744    .ARM.Collect$$libshutdown$$0000000C  c_w.l(libshutdown2.o)
    0x000004a8   0x00000000   Code   RO          747    .ARM.Collect$$libshutdown$$0000000F  c_w.l(libshutdown2.o)
    0x000004a8   0x00000002   Code   RO          748    .ARM.Collect$$libshutdown$$00000010  c_w.l(libshutdown2.o)
    0x000004aa   0x00000000   Code   RO          557    .ARM.Collect$$rtentry$$00000000  c_w.l(__rtentry.o)
    0x000004aa   0x00000000   Code   RO          577    .ARM.Collect$$rtentry$$00000002  c_w.l(__rtentry2.o)
    0x000004aa   0x00000006   Code   RO          589    .ARM.Collect$$rtentry$$00000004  c_w.l(__rtentry4.o)
    0x000004b0   0x00000000   Code   RO          579    .ARM.Collect$$rtentry$$00000009  c_w.l(__rtentry2.o)
    0x000004b0   0x00000004   Code   RO          580    .ARM.Collect$$rtentry$$0000000A  c_w.l(__rtentry2.o)
    0x000004b4   0x00000000   Code   RO          582    .ARM.Collect$$rtentry$$0000000C  c_w.l(__rtentry2.o)
    0x000004b4   0x00000008   Code   RO          583    .ARM.Collect$$rtentry$$0000000D  c_w.l(__rtentry2.o)
    0x000004bc   0x00000002   Code   RO          694    .ARM.Collect$$rtexit$$00000000  c_w.l(rtexit.o)
    0x000004be   0x00000000   Code   RO          701    .ARM.Collect$$rtexit$$00000002  c_w.l(rtexit2.o)
    0x000004be   0x00000004   Code   RO          702    .ARM.Collect$$rtexit$$00000003  c_w.l(rtexit2.o)
    0x000004c2   0x00000006   Code   RO          703    .ARM.Collect$$rtexit$$00000004  c_w.l(rtexit2.o)
    0x000004c8   0x00000048   Code   RO          465    .text               startup_mk64f12.o
    0x00000510   0x00000028   Code   RO          518    .text               c_w.l(noretval__2sprintf.o)
    0x00000538   0x00000068   Code   RO          520    .text               c_w.l(__printf.o)
    0x000005a0   0x00000006   Code   RO          547    .text               c_w.l(heapauxi.o)
    0x000005a6   0x0000041a   Code   RO          560    .text               c_w.l(_printf_fp_dec.o)
    0x000009c0   0x00000030   Code   RO          562    .text               c_w.l(_printf_char_common.o)
    0x000009f0   0x0000000a   Code   RO          564    .text               c_w.l(_sputc.o)
    0x000009fa   0x00000002   PAD
    0x000009fc   0x00000008   Code   RO          594    .text               c_w.l(rt_locale_intlibspace.o)
    0x00000a04   0x0000008a   Code   RO          596    .text               c_w.l(lludiv10.o)
    0x00000a8e   0x00000002   PAD
    0x00000a90   0x00000080   Code   RO          598    .text               c_w.l(_printf_fp_infnan.o)
    0x00000b10   0x000000dc   Code   RO          602    .text               c_w.l(bigflt0.o)
    0x00000bec   0x00000008   Code   RO          634    .text               c_w.l(libspace.o)
    0x00000bf4   0x0000004a   Code   RO          637    .text               c_w.l(sys_stackheap_outer.o)
    0x00000c3e   0x00000012   Code   RO          639    .text               c_w.l(exit.o)
    0x00000c50   0x00000080   Code   RO          641    .text               c_w.l(strcmpv7m.o)
    0x00000cd0   0x0000000c   Code   RO          713    .text               c_w.l(sys_exit.o)
    0x00000cdc   0x00000002   Code   RO          724    .text               c_w.l(use_no_semi.o)
    0x00000cde   0x00000000   Code   RO          726    .text               c_w.l(indicate_semi.o)
    0x00000cde   0x0000003e   Code   RO          605    CL$$btod_d2e        c_w.l(btod.o)
    0x00000d1c   0x00000046   Code   RO          607    CL$$btod_d2e_denorm_low  c_w.l(btod.o)
    0x00000d62   0x00000060   Code   RO          606    CL$$btod_d2e_norm_op1  c_w.l(btod.o)
    0x00000dc2   0x00000338   Code   RO          615    CL$$btod_div_common  c_w.l(btod.o)
    0x000010fa   0x000000c6   Code   RO          612    CL$$btod_e2e        c_w.l(btod.o)
    0x000011c0   0x00000028   Code   RO          609    CL$$btod_ediv       c_w.l(btod.o)
    0x000011e8   0x00000028   Code   RO          608    CL$$btod_emul       c_w.l(btod.o)
    0x00001210   0x00000244   Code   RO          614    CL$$btod_mult_common  c_w.l(btod.o)
    0x00001454   0x00000014   Code   RO          300    i.ADC0_IRQHandler   isr.o
    0x00001468   0x00000028   Code   RO          154    i.FTM0_IRQHandler   pwm.o
    0x00001490   0x00000164   Code   RO          301    i.FTM2_IRQHandler   isr.o
    0x000015f4   0x000000ec   Code   RO          155    i.InitPWM           pwm.o
    0x000016e0   0x0000001c   Code   RO          380    i.LEDoff            leds.o
    0x000016fc   0x000000b0   Code   RO          381    i.LEDon             leds.o
    0x000017ac   0x00000070   Code   RO          156    i.LeftDuty          pwm.o
    0x0000181c   0x000000a4   Code   RO          416    i.PIT0_IRQHandler   ultrasonic.o
    0x000018c0   0x00000018   Code   RO          302    i.PORTA_IRQHandler  isr.o
    0x000018d8   0x00000010   Code   RO          303    i.PORTC_IRQHandler  isr.o
    0x000018e8   0x00000070   Code   RO          157    i.RightDuty         pwm.o
    0x00001958   0x0000008c   Code   RO          158    i.SetDutyCycle      pwm.o
    0x000019e4   0x000000a0   Code   RO          475    i.SystemInit        system_mk64f12.o
    0x00001a84   0x00000218   Code   RO          346    i.UART3_RX_TX_IRQHandler  bluetooth.o
    0x00001c9c   0x00000030   Code   RO          632    i.__ARM_fpclassify  m_wm.l(fpclassify.o)
    0x00001ccc   0x0000001a   Code   RO          255    i.__NVIC_EnableIRQ  inits.o
    0x00001ce6   0x00000002   PAD
    0x00001ce8   0x00000098   Code   RO            4    i.calc              main.o
    0x00001d80   0x00000014   Code   RO            5    i.delay             main.o
    0x00001d94   0x00000114   Code   RO            6    i.demo              main.o
    0x00001ea8   0x00000110   Code   RO            7    i.distanceCalc      main.o
    0x00001fb8   0x00000002   Code   RO            8    i.getGPS            main.o
    0x00001fba   0x00000002   PAD
    0x00001fbc   0x000000d8   Code   RO          417    i.getUltrasonic     ultrasonic.o
    0x00002094   0x000000a8   Code   RO          347    i.init_BT           bluetooth.o
    0x0000213c   0x000000cc   Code   RO          258    i.init_GPIO         inits.o
    0x00002208   0x00000084   Code   RO          382    i.init_LEDS         leds.o
    0x0000228c   0x00000070   Code   RO          418    i.init_PIT          ultrasonic.o
    0x000022fc   0x0000008c   Code   RO          419    i.init_ultrasonic   ultrasonic.o
    0x00002388   0x0000001c   Code   RO            9    i.initialize        main.o
    0x000023a4   0x000000e0   Code   RO           10    i.main              main.o
    0x00002484   0x00000068   Code   RO           11    i.normalSet         main.o
    0x000024ec   0x00000016   Code   RO          208    i.put               uart.o
    0x00002502   0x00000002   PAD
    0x00002504   0x00000158   Code   RO           13    i.turn              main.o
    0x0000265c   0x0000002c   Code   RO           14    i.turnCalc          main.o
    0x00002688   0x0000008c   Code   RO          210    i.uart_init         uart.o
    0x00002714   0x00000018   Code   RO          211    i.uart_putchar      uart.o
    0x0000272c   0x0000002c   Code   RO          628    locale$$code        c_w.l(lc_numeric_c.o)
    0x00002758   0x00000018   Code   RO          567    x$fpl$dcmpinf       fz_wm.l(dcmpi.o)
    0x00002770   0x00000078   Code   RO          551    x$fpl$dleqf         fz_wm.l(dleqf.o)
    0x000027e8   0x0000009c   Code   RO          569    x$fpl$dnaninf       fz_wm.l(dnaninf.o)
    0x00002884   0x0000000c   Code   RO          571    x$fpl$dretinf       fz_wm.l(dretinf.o)
    0x00002890   0x00000056   Code   RO          553    x$fpl$f2d           fz_wm.l(f2d.o)
    0x000028e6   0x0000008c   Code   RO          573    x$fpl$fnaninf       fz_wm.l(fnaninf.o)
    0x00002972   0x0000000a   Code   RO          698    x$fpl$fpinit        fz_wm.l(fpinit.o)
    0x0000297c   0x00000004   Code   RO          555    x$fpl$printf1       fz_wm.l(printf1.o)
    0x00002980   0x00000000   Code   RO          575    x$fpl$usenofp       fz_wm.l(usenofp.o)
    0x00002980   0x00000094   Data   RO          603    .constdata          c_w.l(bigflt0.o)
    0x00002a14   0x00000020   Data   RO          773    Region$$Table       anon$$obj.o
    0x00002a34   0x0000001c   Data   RO          627    locale$$data        c_w.l(lc_numeric_c.o)


    Execution Region RW_IRAM1 (Base: 0x20000000, Size: 0x00000948, Max: 0x00030000, ABSOLUTE)

    Base Addr    Size         Type   Attr      Idx    E Section Name        Object

    0x20000000   0x00000070   Data   RW           17    .data               main.o
    0x20000070   0x00000008   Data   RW          159    .data               pwm.o
    0x20000078   0x00000008   Data   RW          420    .data               ultrasonic.o
    0x20000080   0x00000464   Zero   RW           15    .bss                main.o
    0x200004e4   0x00000060   Zero   RW          635    .bss                c_w.l(libspace.o)
    0x20000544   0x00000004   PAD
    0x20000548   0x00000000   Zero   RW          462    HEAP                startup_mk64f12.o
    0x20000548   0x00000400   Zero   RW          461    STACK               startup_mk64f12.o


==============================================================================

Image component sizes


      Code (inc. data)   RO Data    RW Data    ZI Data      Debug   Object Name

       704         64          0          0          0       1491   bluetooth.o
       230         24          0          0          0      26935   inits.o
       416         70          0          0          0       1806   isr.o
       336         36          0          0          0       1385   leds.o
      1466        218          0        112       1124     357774   main.o
       640         68          0          8          0       2822   pwm.o
        88         44       1024          0       1024       1084   startup_mk64f12.o
       160         24          0          0          0        537   system_mk64f12.o
       186         18          0          0          0       1397   uart.o
       632         74          0          8          0       2349   ultrasonic.o

    ----------------------------------------------------------------------
      4864        640       1056        128       2148     397580   Object Totals
         0          0         32          0          0          0   (incl. Generated)
         6          0          0          0          0          0   (incl. Padding)

    ----------------------------------------------------------------------

      Code (inc. data)   RO Data    RW Data    ZI Data      Debug   Library Member Name

         8          0          0          0          0         68   __main.o
       104          0          0          0          0         84   __printf.o
         0          0          0          0          0          0   __rtentry.o
        12          0          0          0          0          0   __rtentry2.o
         6          0          0          0          0          0   __rtentry4.o
        52          8          0          0          0          0   __scatter.o
        26          0          0          0          0          0   __scatter_copy.o
        28          0          0          0          0          0   __scatter_zi.o
        48          6          0          0          0         96   _printf_char_common.o
      1050          0          0          0          0        216   _printf_fp_dec.o
       128         16          0          0          0         84   _printf_fp_infnan.o
         6          0          0          0          0          0   _printf_g.o
         0          0          0          0          0          0   _printf_percent.o
         4          0          0          0          0          0   _printf_percent_end.o
        10          0          0          0          0         68   _sputc.o
       220          4        148          0          0         96   bigflt0.o
      1910        128          0          0          0        672   btod.o
        18          0          0          0          0         80   exit.o
         6          0          0          0          0        152   heapauxi.o
         0          0          0          0          0          0   indicate_semi.o
        44         10         28          0          0         76   lc_numeric_c.o
         2          0          0          0          0          0   libinit.o
        22          0          0          0          0          0   libinit2.o
         2          0          0          0          0          0   libshutdown.o
         2          0          0          0          0          0   libshutdown2.o
         8          4          0          0         96         68   libspace.o
       138          0          0          0          0         80   lludiv10.o
        40          6          0          0          0         84   noretval__2sprintf.o
         8          4          0          0          0         68   rt_locale_intlibspace.o
         2          0          0          0          0          0   rtexit.o
        10          0          0          0          0          0   rtexit2.o
       128          0          0          0          0         68   strcmpv7m.o
        12          4          0          0          0         68   sys_exit.o
        74          0          0          0          0         80   sys_stackheap_outer.o
         2          0          0          0          0         68   use_no_semi.o
        24          0          0          0          0        116   dcmpi.o
       120          4          0          0          0        140   dleqf.o
       156          4          0          0          0        140   dnaninf.o
        12          0          0          0          0        116   dretinf.o
        86          4          0          0          0        132   f2d.o
       140          4          0          0          0        132   fnaninf.o
        10          0          0          0          0        116   fpinit.o
         4          0          0          0          0        116   printf1.o
         0          0          0          0          0          0   usenofp.o
        48          0          0          0          0        124   fpclassify.o

    ----------------------------------------------------------------------
      4736        206        176          0        100       3408   Library Totals
         6          0          0          0          4          0   (incl. Padding)

    ----------------------------------------------------------------------

      Code (inc. data)   RO Data    RW Data    ZI Data      Debug   Library Name

      4130        190        176          0         96       2276   c_w.l
       552         16          0          0          0       1008   fz_wm.l
        48          0          0          0          0        124   m_wm.l

    ----------------------------------------------------------------------
      4736        206        176          0        100       3408   Library Totals

    ----------------------------------------------------------------------

==============================================================================


      Code (inc. data)   RO Data    RW Data    ZI Data      Debug   

      9600        846       1232        128       2248     396692   Grand Totals
      9600        846       1232        128       2248     396692   ELF Image Totals
      9600        846       1232        128          0          0   ROM Totals

==============================================================================

    Total RO  Size (Code + RO Data)                10832 (  10.58kB)
    Total RW  Size (RW Data + ZI Data)              2376 (   2.32kB)
    Total ROM Size (Code + RO Data + RW Data)      10960 (  10.70kB)

==============================================================================

